Archive member included to satisfy reference by file (symbol)

/Applications/VEXcode V5 Text.app/Contents/Resources/sdk/vexv5/libv5rt.a(v5_startup.c.obj)
                              (vexStartup)
/Applications/VEXcode V5 Text.app/Contents/Resources/sdk/vexv5/libv5rt.a(v5_util.c.obj)
                              /Applications/VEXcode V5 Text.app/Contents/Resources/sdk/vexv5/libv5rt.a(v5_startup.c.obj) (vexStdlibVersionLinked)
/Applications/VEXcode V5 Text.app/Contents/Resources/sdk/vexv5/libv5rt.a(v5_apijump.c.obj)
                              /Applications/VEXcode V5 Text.app/Contents/Resources/sdk/vexv5/libv5rt.a(v5_startup.c.obj) (vexPrivateApiEnable)
/Applications/VEXcode V5 Text.app/Contents/Resources/sdk/vexv5/libv5rt.a(v5_apiversions.c.obj)
                              /Applications/VEXcode V5 Text.app/Contents/Resources/sdk/vexv5/libv5rt.a(v5_apijump.c.obj) (vexSystemVersion)
/Applications/VEXcode V5 Text.app/Contents/Resources/sdk/vexv5/libv5rt.a(vex_global.cpp.obj)
                              build/src/main.o (vex::wait(double, vex::timeUnits))
/Applications/VEXcode V5 Text.app/Contents/Resources/sdk/vexv5/libv5rt.a(vex_motor.cpp.obj)
                              build/src/robot-config.o (vex::motor::~motor())
/Applications/VEXcode V5 Text.app/Contents/Resources/sdk/vexv5/libv5rt.a(vex_vision.cpp.obj)
                              build/src/main.o (vex::vision::~vision())
/Applications/VEXcode V5 Text.app/Contents/Resources/sdk/vexv5/libv5rt.a(vex_imu.cpp.obj)
                              build/src/main.o (vex::inertial::rotation(vex::rotationUnits))
/Applications/VEXcode V5 Text.app/Contents/Resources/sdk/vexv5/libv5rt.a(vex_controller.cpp.obj)
                              build/src/robot-config.o (vex::controller::~controller())
/Applications/VEXcode V5 Text.app/Contents/Resources/sdk/vexv5/libv5rt.a(vex_thread.cpp.obj)
                              /Applications/VEXcode V5 Text.app/Contents/Resources/sdk/vexv5/libv5rt.a(vex_global.cpp.obj) (vex::this_thread::sleep_for(unsigned long))
/Applications/VEXcode V5 Text.app/Contents/Resources/sdk/vexv5/libv5rt.a(vex_event.cpp.obj)
                              /Applications/VEXcode V5 Text.app/Contents/Resources/sdk/vexv5/libv5rt.a(vex_imu.cpp.obj) (vex::event::init(unsigned long, unsigned long, void (*)()))
/Applications/VEXcode V5 Text.app/Contents/Resources/sdk/vexv5/libv5rt.a(vex_mevent.cpp.obj)
                              /Applications/VEXcode V5 Text.app/Contents/Resources/sdk/vexv5/libv5rt.a(vex_controller.cpp.obj) (vex::mevent::mevent(unsigned long, unsigned long))
/Applications/VEXcode V5 Text.app/Contents/Resources/sdk/vexv5/libv5rt.a(vex_brain.cpp.obj)
                              build/src/robot-config.o (vex::brain::~brain())
/Applications/VEXcode V5 Text.app/Contents/Resources/sdk/vexv5/libv5rt.a(vex_triport.cpp.obj)
                              /Applications/VEXcode V5 Text.app/Contents/Resources/sdk/vexv5/libv5rt.a(vex_brain.cpp.obj) (vex::triport::~triport())
/Applications/VEXcode V5 Text.app/Contents/Resources/sdk/vexv5/libv5rt.a(vex_color.cpp.obj)
                              /Applications/VEXcode V5 Text.app/Contents/Resources/sdk/vexv5/libv5rt.a(vex_brain.cpp.obj) (vex::color::operator unsigned long() const)
/Applications/VEXcode V5 Text.app/Contents/Resources/sdk/vexv5/libv5rt.a(vex_timer.cpp.obj)
                              /Applications/VEXcode V5 Text.app/Contents/Resources/sdk/vexv5/libv5rt.a(vex_brain.cpp.obj) (vex::timer::~timer())
/Applications/VEXcode V5 Text.app/Contents/Resources/sdk/vexv5/libv5rt.a(v5_apiuser.c.obj)
                              /Applications/VEXcode V5 Text.app/Contents/Resources/sdk/vexv5/libv5rt.a(vex_triport.cpp.obj) (vexAdiPortConfigSet)
/Applications/VEXcode V5 Text.app/Contents/Resources/sdk/vexv5/libv5rt.a(vex_device.cpp.obj)
                              /Applications/VEXcode V5 Text.app/Contents/Resources/sdk/vexv5/libv5rt.a(vex_triport.cpp.obj) (vex::device::value())
/Applications/VEXcode V5 Text.app/Contents/Resources/sdk/vexv5/gcc/libs/libc.a(lib_a-fini.o)
                              /Applications/VEXcode V5 Text.app/Contents/Resources/sdk/vexv5/libv5rt.a(v5_startup.c.obj) (__libc_fini_array)
/Applications/VEXcode V5 Text.app/Contents/Resources/sdk/vexv5/gcc/libs/libc.a(lib_a-impure.o)
                              /Applications/VEXcode V5 Text.app/Contents/Resources/sdk/vexv5/libv5rt.a(v5_startup.c.obj) (_impure_ptr)
/Applications/VEXcode V5 Text.app/Contents/Resources/sdk/vexv5/gcc/libs/libc.a(lib_a-init.o)
                              /Applications/VEXcode V5 Text.app/Contents/Resources/sdk/vexv5/libv5rt.a(v5_startup.c.obj) (__libc_init_array)
/Applications/VEXcode V5 Text.app/Contents/Resources/sdk/vexv5/gcc/libs/libc.a(lib_a-memcpy.o)
                              /Applications/VEXcode V5 Text.app/Contents/Resources/sdk/vexv5/libv5rt.a(vex_imu.cpp.obj) (memcpy)
/Applications/VEXcode V5 Text.app/Contents/Resources/sdk/vexv5/gcc/libs/libc.a(lib_a-tolower.o)
[...]
Memory Configuration

Name             Origin             Length             Attributes
ps7_ddr_0_S_AXI_BASEADDR 0x0000000003800000 0x0000000004800000
*default*        0x0000000000000000 0xffffffffffffffff

Linker script and memory map

                0x0000000000002000                _STACK_SIZE = DEFINED (_STACK_SIZE)?_STACK_SIZE:0x2000
                0x0000000000100000                _HEAP_SIZE = DEFINED (_HEAP_SIZE)?_HEAP_SIZE:0x100000
                0x0000000000000400                _ABORT_STACK_SIZE = DEFINED (_ABORT_STACK_SIZE)?_ABORT_STACK_SIZE:0x400
                0x0000000000000800                _SUPERVISOR_STACK_SIZE = DEFINED (_SUPERVISOR_STACK_SIZE)?_SUPERVISOR_STACK_SIZE:0x800
                0x0000000000000400                _IRQ_STACK_SIZE = DEFINED (_IRQ_STACK_SIZE)?_IRQ_STACK_SIZE:0x400
                0x0000000000000400                _FIQ_STACK_SIZE = DEFINED (_FIQ_STACK_SIZE)?_FIQ_STACK_SIZE:0x400
                0x0000000000000400                _UNDEF_STACK_SIZE = DEFINED (_UNDEF_STACK_SIZE)?_UNDEF_STACK_SIZE:0x400

.text           0x0000000003800000     0x3f30
 *(.vectors)
 *(.boot_data)
 .boot_data     0x0000000003800000       0x20 /Applications/VEXcode V5 Text.app/Contents/Resources/sdk/vexv5/libv5rt.a(v5_startup.c.obj)
                0x0000000003800000                vexCodeSig
                0x0000000000000020                . = 0x20
 *(.boot)
 .boot          0x0000000003800020       0xbc /Applications/VEXcode V5 Text.app/Contents/Resources/sdk/vexv5/libv5rt.a(v5_startup.c.obj)
                0x0000000003800020                vexStartup
                0x0000000003800100                . = ALIGN (0x40)
 *fill*         0x00000000038000dc       0x24 
 *(.freertos_vectors)
 *(.text)
 *(.text.*)
 .text._ZN3vex6visionC2IJNS0_9signatureES2_S2_S2_S2_S2_S2_EEElhDpRT_
                0x0000000003800100       0x64 build/src/main.o
                0x0000000003800100                vex::vision::vision<vex::vision::signature, vex::vision::signature, vex::vision::signature, vex::vision::signature, vex::vision::signature, vex::vision::signature, vex::vision::signature>(long, unsigned char, vex::vision::signature&, vex::vision::signature&, vex::vision::signature&, vex::vision::signature&, vex::vision::signature&, vex::vision::signature&, vex::vision::signature&)
 *fill*         0x0000000003800164        0x4 
 .text._Z11moveForwarddddd
                0x0000000003800168      0x2b8 build/src/main.o
                0x0000000003800168                moveForward(double, double, double, double)
 .text._Z8takeShotc
                0x0000000003800420       0x98 build/src/main.o
                0x0000000003800420                takeShot(char)
 .text._Z21moveForwardCalibrateddddc
                0x00000000038004b8      0x5c8 build/src/main.o
                0x00000000038004b8                moveForwardCalibrated(double, double, double, char)
 .text._Z17isRotationReacheddd
                0x0000000003800a80       0xa0 build/src/main.o
                0x0000000003800a80                isRotationReached(double, double)
 .text._Z7degTurndd
                0x0000000003800b20      0x260 build/src/main.o
                0x0000000003800b20                degTurn(double, double)
 .text._Z4rampbddd
                0x0000000003800d80      0x2b8 build/src/main.o
                0x0000000003800d80                ramp(bool, double, double, double)
 .text._Z14autonBlueSmallv
                0x0000000003801038      0x410 build/src/main.o
                0x0000000003801038                autonBlueSmall()
 .text.main     0x0000000003801448       0x40 build/src/main.o
                0x0000000003801448                main
 .text._ZN3vex6vision7_setsigINS0_9signatureEJS2_S2_S2_S2_EEEvRT_DpRT0_
                0x0000000003801488       0x4c build/src/main.o
                0x0000000003801488                void vex::vision::_setsig<vex::vision::signature, vex::vision::signature, vex::vision::signature, vex::vision::signature, vex::vision::signature>(vex::vision::signature&, vex::vision::signature&, vex::vision::signature&, vex::vision::signature&, vex::vision::signature&)
 .text._GLOBAL__sub_I_main.cpp
                0x00000000038014d4      0x340 build/src/main.o
 .text._Z11vexcodeInitv
                0x0000000003801814        0x4 build/src/robot-config.o
                0x0000000003801814                vexcodeInit()
 .text._GLOBAL__sub_I_robot_config.cpp
                0x0000000003801818      0x224 build/src/robot-config.o
 .text.vexMain  0x0000000003801a3c       0xb0 /Applications/VEXcode V5 Text.app/Contents/Resources/sdk/vexv5/libv5rt.a(v5_startup.c.obj)
                0x0000000003801a3c                vexMain
 .text.__vex_function_prolog
                0x0000000003801aec       0x18 /Applications/VEXcode V5 Text.app/Contents/Resources/sdk/vexv5/libv5rt.a(v5_startup.c.obj)
                0x0000000003801aec                __vex_function_prolog
 .text._init    0x0000000003801b04        0x4 /Applications/VEXcode V5 Text.app/Contents/Resources/sdk/vexv5/libv5rt.a(v5_startup.c.obj)
                0x0000000003801b04                _init
 .text._fini    0x0000000003801b08        0x4 /Applications/VEXcode V5 Text.app/Contents/Resources/sdk/vexv5/libv5rt.a(v5_startup.c.obj)
                0x0000000003801b08                _fini
 .text.vexStdlibVersionLinked
                0x0000000003801b0c        0xc /Applications/VEXcode V5 Text.app/Contents/Resources/sdk/vexv5/libv5rt.a(v5_util.c.obj)
                0x0000000003801b0c                vexStdlibVersionLinked
 .text.vexStdlibVersionVerify
                0x0000000003801b18       0x30 /Applications/VEXcode V5 Text.app/Contents/Resources/sdk/vexv5/libv5rt.a(v5_util.c.obj)
                0x0000000003801b18                vexStdlibVersionVerify
 .text.vexPrivateApiEnable
                0x0000000003801b48       0x10 /Applications/VEXcode V5 Text.app/Contents/Resources/sdk/vexv5/libv5rt.a(v5_apijump.c.obj)
                0x0000000003801b48                vexPrivateApiEnable
 .text.vexStdlibMismatchError
                0x0000000003801b58       0x3c /Applications/VEXcode V5 Text.app/Contents/Resources/sdk/vexv5/libv5rt.a(v5_apijump.c.obj)
                0x0000000003801b58                vexStdlibMismatchError
 .text.vexTaskAdd
                0x0000000003801b94       0x10 /Applications/VEXcode V5 Text.app/Contents/Resources/sdk/vexv5/libv5rt.a(v5_apijump.c.obj)
                0x0000000003801b94                vexTaskAdd
 .text.vexTasksRun
                0x0000000003801ba4       0x10 /Applications/VEXcode V5 Text.app/Contents/Resources/sdk/vexv5/libv5rt.a(v5_apijump.c.obj)
                0x0000000003801ba4                vexTasksRun
 .text.vexTaskCheckTimeslice
                0x0000000003801bb4       0x10 /Applications/VEXcode V5 Text.app/Contents/Resources/sdk/vexv5/libv5rt.a(v5_apijump.c.obj)
                0x0000000003801bb4                vexTaskCheckTimeslice
 .text.vexTaskSleep
                0x0000000003801bc4       0x10 /Applications/VEXcode V5 Text.app/Contents/Resources/sdk/vexv5/libv5rt.a(v5_apijump.c.obj)
                0x0000000003801bc4                vexTaskSleep
 .text.vexTasksDump
                0x0000000003801bd4       0x1c /Applications/VEXcode V5 Text.app/Contents/Resources/sdk/vexv5/libv5rt.a(v5_apijump.c.obj)
                0x0000000003801bd4                vexTasksDump
 .text.vexTaskGetTaskIndex
                0x0000000003801bf0       0x10 /Applications/VEXcode V5 Text.app/Contents/Resources/sdk/vexv5/libv5rt.a(v5_apijump.c.obj)
                0x0000000003801bf0                vexTaskGetTaskIndex
 .text.vexTaskStopAll
                0x0000000003801c00       0x10 /Applications/VEXcode V5 Text.app/Contents/Resources/sdk/vexv5/libv5rt.a(v5_apijump.c.obj)
                0x0000000003801c00                vexTaskStopAll
 .text.vexTaskCompletionIdSet
                0x0000000003801c10       0x10 /Applications/VEXcode V5 Text.app/Contents/Resources/sdk/vexv5/libv5rt.a(v5_apijump.c.obj)
                0x0000000003801c10                vexTaskCompletionIdSet
 .text.vexCriticalSection
                0x0000000003801c20       0x2c /Applications/VEXcode V5 Text.app/Contents/Resources/sdk/vexv5/libv5rt.a(v5_apijump.c.obj)
                0x0000000003801c20                vexCriticalSection
 .text.vexEventAdd
                0x0000000003801c4c       0x34 /Applications/VEXcode V5 Text.app/Contents/Resources/sdk/vexv5/libv5rt.a(v5_apijump.c.obj)
                0x0000000003801c4c                vexEventAdd
 .text.vexEventUserIndexGet
                0x0000000003801c80       0x1c /Applications/VEXcode V5 Text.app/Contents/Resources/sdk/vexv5/libv5rt.a(v5_apijump.c.obj)
                0x0000000003801c80                vexEventUserIndexGet
 .text.vexDebug
                0x0000000003801c9c       0x38 /Applications/VEXcode V5 Text.app/Contents/Resources/sdk/vexv5/libv5rt.a(v5_apijump.c.obj)
                0x0000000003801c9c                vexDebug
 .text.vex_vsnprintf
                0x0000000003801cd4       0x3c /Applications/VEXcode V5 Text.app/Contents/Resources/sdk/vexv5/libv5rt.a(v5_apijump.c.obj)
                0x0000000003801cd4                vex_vsnprintf
 .text.vexSystemTimeGet
                0x0000000003801d10       0x1c /Applications/VEXcode V5 Text.app/Contents/Resources/sdk/vexv5/libv5rt.a(v5_apijump.c.obj)
                0x0000000003801d10                vexSystemTimeGet
 .text.vexSystemExitRequest
                0x0000000003801d2c       0x1c /Applications/VEXcode V5 Text.app/Contents/Resources/sdk/vexv5/libv5rt.a(v5_apijump.c.obj)
                0x0000000003801d2c                vexSystemExitRequest
 .text.vexDeviceGetByIndex
                0x0000000003801d48       0x24 /Applications/VEXcode V5 Text.app/Contents/Resources/sdk/vexv5/libv5rt.a(v5_apijump.c.obj)
                0x0000000003801d48                vexDeviceGetByIndex
 .text.vexDeviceMotorVelocitySet
                0x0000000003801d6c       0x2c /Applications/VEXcode V5 Text.app/Contents/Resources/sdk/vexv5/libv5rt.a(v5_apijump.c.obj)
                0x0000000003801d6c                vexDeviceMotorVelocitySet
 .text.vexDeviceMotorActualVelocityGet
                0x0000000003801d98       0x24 /Applications/VEXcode V5 Text.app/Contents/Resources/sdk/vexv5/libv5rt.a(v5_apijump.c.obj)
                0x0000000003801d98                vexDeviceMotorActualVelocityGet
 .text.vexDeviceMotorReverseFlagSet
                0x0000000003801dbc       0x2c /Applications/VEXcode V5 Text.app/Contents/Resources/sdk/vexv5/libv5rt.a(v5_apijump.c.obj)
                0x0000000003801dbc                vexDeviceMotorReverseFlagSet
 .text.vexDeviceMotorEncoderUnitsSet
                0x0000000003801de8       0x2c /Applications/VEXcode V5 Text.app/Contents/Resources/sdk/vexv5/libv5rt.a(v5_apijump.c.obj)
                0x0000000003801de8                vexDeviceMotorEncoderUnitsSet
 .text.vexDeviceMotorBrakeModeSet
                0x0000000003801e14       0x2c /Applications/VEXcode V5 Text.app/Contents/Resources/sdk/vexv5/libv5rt.a(v5_apijump.c.obj)
                0x0000000003801e14                vexDeviceMotorBrakeModeSet
 .text.vexDeviceMotorPositionSet
                0x0000000003801e40       0x34 /Applications/VEXcode V5 Text.app/Contents/Resources/sdk/vexv5/libv5rt.a(v5_apijump.c.obj)
                0x0000000003801e40                vexDeviceMotorPositionSet
 .text.vexDeviceMotorPositionGet
                0x0000000003801e74       0x24 /Applications/VEXcode V5 Text.app/Contents/Resources/sdk/vexv5/libv5rt.a(v5_apijump.c.obj)
                0x0000000003801e74                vexDeviceMotorPositionGet
 .text.vexDeviceMotorGearingSet
                0x0000000003801e98       0x2c /Applications/VEXcode V5 Text.app/Contents/Resources/sdk/vexv5/libv5rt.a(v5_apijump.c.obj)
                0x0000000003801e98                vexDeviceMotorGearingSet
 .text.vexDeviceMotorGearingGet
                0x0000000003801ec4       0x24 /Applications/VEXcode V5 Text.app/Contents/Resources/sdk/vexv5/libv5rt.a(v5_apijump.c.obj)
                0x0000000003801ec4                vexDeviceMotorGearingGet
 .text.vexDeviceVisionModeSet
                0x0000000003801ee8       0x2c /Applications/VEXcode V5 Text.app/Contents/Resources/sdk/vexv5/libv5rt.a(v5_apijump.c.obj)
                0x0000000003801ee8                vexDeviceVisionModeSet
 .text.vexDeviceVisionObjectCountGet
                0x0000000003801f14       0x24 /Applications/VEXcode V5 Text.app/Contents/Resources/sdk/vexv5/libv5rt.a(v5_apijump.c.obj)
                0x0000000003801f14                vexDeviceVisionObjectCountGet
 .text.vexDeviceVisionObjectGet
                0x0000000003801f38       0x34 /Applications/VEXcode V5 Text.app/Contents/Resources/sdk/vexv5/libv5rt.a(v5_apijump.c.obj)
                0x0000000003801f38                vexDeviceVisionObjectGet
 .text.vexDeviceVisionSignatureSet
                0x0000000003801f6c       0x2c /Applications/VEXcode V5 Text.app/Contents/Resources/sdk/vexv5/libv5rt.a(v5_apijump.c.obj)
                0x0000000003801f6c                vexDeviceVisionSignatureSet
 .text.vexDeviceVisionBrightnessSet
                0x0000000003801f98       0x2c /Applications/VEXcode V5 Text.app/Contents/Resources/sdk/vexv5/libv5rt.a(v5_apijump.c.obj)
                0x0000000003801f98                vexDeviceVisionBrightnessSet
 .text.vexDeviceVisionLedModeSet
                0x0000000003801fc4       0x2c /Applications/VEXcode V5 Text.app/Contents/Resources/sdk/vexv5/libv5rt.a(v5_apijump.c.obj)
                0x0000000003801fc4                vexDeviceVisionLedModeSet
 .text.vexDeviceVisionLedColorSet
                0x0000000003801ff0       0x30 /Applications/VEXcode V5 Text.app/Contents/Resources/sdk/vexv5/libv5rt.a(v5_apijump.c.obj)
                0x0000000003801ff0                vexDeviceVisionLedColorSet
 .text.vexDeviceImuReset
                0x0000000003802020       0x24 /Applications/VEXcode V5 Text.app/Contents/Resources/sdk/vexv5/libv5rt.a(v5_apijump.c.obj)
                0x0000000003802020                vexDeviceImuReset
 .text.vexDeviceImuHeadingGet
                0x0000000003802044       0x24 /Applications/VEXcode V5 Text.app/Contents/Resources/sdk/vexv5/libv5rt.a(v5_apijump.c.obj)
                0x0000000003802044                vexDeviceImuHeadingGet
 .text.vexDeviceImuDegreesGet
                0x0000000003802068       0x24 /Applications/VEXcode V5 Text.app/Contents/Resources/sdk/vexv5/libv5rt.a(v5_apijump.c.obj)
                0x0000000003802068                vexDeviceImuDegreesGet
 .text.vexDeviceImuStatusGet
                0x000000000380208c       0x24 /Applications/VEXcode V5 Text.app/Contents/Resources/sdk/vexv5/libv5rt.a(v5_apijump.c.obj)
                0x000000000380208c                vexDeviceImuStatusGet
 .text.vexDisplayForegroundColor
                0x00000000038020b0       0x24 /Applications/VEXcode V5 Text.app/Contents/Resources/sdk/vexv5/libv5rt.a(v5_apijump.c.obj)
                0x00000000038020b0                vexDisplayForegroundColor
 .text.vexDisplayBackgroundColor
                0x00000000038020d4       0x24 /Applications/VEXcode V5 Text.app/Contents/Resources/sdk/vexv5/libv5rt.a(v5_apijump.c.obj)
                0x00000000038020d4                vexDisplayBackgroundColor
 .text.vexDisplayPrintf
                0x00000000038020f8       0x68 /Applications/VEXcode V5 Text.app/Contents/Resources/sdk/vexv5/libv5rt.a(v5_apijump.c.obj)
                0x00000000038020f8                vexDisplayPrintf
 .text.vexDisplayTextReference
                0x0000000003802160       0x24 /Applications/VEXcode V5 Text.app/Contents/Resources/sdk/vexv5/libv5rt.a(v5_apijump.c.obj)
                0x0000000003802160                vexDisplayTextReference
 .text.vexDisplayTextSize
                0x0000000003802184       0x2c /Applications/VEXcode V5 Text.app/Contents/Resources/sdk/vexv5/libv5rt.a(v5_apijump.c.obj)
                0x0000000003802184                vexDisplayTextSize
 .text.vexDisplayFontNamedSet
                0x00000000038021b0       0x24 /Applications/VEXcode V5 Text.app/Contents/Resources/sdk/vexv5/libv5rt.a(v5_apijump.c.obj)
                0x00000000038021b0                vexDisplayFontNamedSet
 .text.vexSystemStdlibImpureDataAddr
                0x00000000038021d4       0x28 /Applications/VEXcode V5 Text.app/Contents/Resources/sdk/vexv5/libv5rt.a(v5_apijump.c.obj)
                0x00000000038021d4                vexSystemStdlibImpureDataAddr
 .text.vexSystemStdlibImpureDataSize
                0x00000000038021fc       0x28 /Applications/VEXcode V5 Text.app/Contents/Resources/sdk/vexv5/libv5rt.a(v5_apijump.c.obj)
                0x00000000038021fc                vexSystemStdlibImpureDataSize
 .text.vexSystemSaveUserData
                0x0000000003802224       0x3c /Applications/VEXcode V5 Text.app/Contents/Resources/sdk/vexv5/libv5rt.a(v5_apijump.c.obj)
                0x0000000003802224                vexSystemSaveUserData
 .text.vexDisplayThemeIdGet
                0x0000000003802260       0x38 /Applications/VEXcode V5 Text.app/Contents/Resources/sdk/vexv5/libv5rt.a(v5_apijump.c.obj)
                0x0000000003802260                vexDisplayThemeIdGet
 .text.vexDeviceEventMaskSet
                0x0000000003802298       0x48 /Applications/VEXcode V5 Text.app/Contents/Resources/sdk/vexv5/libv5rt.a(v5_apijump.c.obj)
                0x0000000003802298                vexDeviceEventMaskSet
 .text.vexDeviceEventMaskGet
                0x00000000038022e0       0x3c /Applications/VEXcode V5 Text.app/Contents/Resources/sdk/vexv5/libv5rt.a(v5_apijump.c.obj)
                0x00000000038022e0                vexDeviceEventMaskGet
 .text.vexSystemVersion
                0x000000000380231c       0x10 /Applications/VEXcode V5 Text.app/Contents/Resources/sdk/vexv5/libv5rt.a(v5_apiversions.c.obj)
                0x000000000380231c                vexSystemVersion
 .text.vexStdlibVersion
                0x000000000380232c       0x10 /Applications/VEXcode V5 Text.app/Contents/Resources/sdk/vexv5/libv5rt.a(v5_apiversions.c.obj)
                0x000000000380232c                vexStdlibVersion
 *fill*         0x000000000380233c        0x4 
 .text._ZN3vex4waitEdNS_9timeUnitsE
                0x0000000003802340       0x30 /Applications/VEXcode V5 Text.app/Contents/Resources/sdk/vexv5/libv5rt.a(vex_global.cpp.obj)
                0x0000000003802340                vex::wait(double, vex::timeUnits)
 .text._ZN3vex5motor9installedEv
                0x0000000003802370       0x18 /Applications/VEXcode V5 Text.app/Contents/Resources/sdk/vexv5/libv5rt.a(vex_motor.cpp.obj)
                0x0000000003802370                vex::motor::installed()
 .text._ZN3vex5motorD2Ev
                0x0000000003802388       0x20 /Applications/VEXcode V5 Text.app/Contents/Resources/sdk/vexv5/libv5rt.a(vex_motor.cpp.obj)
                0x0000000003802388                vex::motor::~motor()
                0x0000000003802388                vex::motor::~motor()
 .text._ZN3vex5motor15defaultStoppingENS_9brakeTypeE
                0x00000000038023a8       0x30 /Applications/VEXcode V5 Text.app/Contents/Resources/sdk/vexv5/libv5rt.a(vex_motor.cpp.obj)
                0x00000000038023a8                vex::motor::defaultStopping(vex::brakeType)
 .text._ZN3vex5motorC2El
                0x00000000038023d8       0x78 /Applications/VEXcode V5 Text.app/Contents/Resources/sdk/vexv5/libv5rt.a(vex_motor.cpp.obj)
                0x00000000038023d8                vex::motor::motor(long)
                0x00000000038023d8                vex::motor::motor(long)
 .text._ZN3vex5motorC2ElNS_11gearSettingEb
                0x0000000003802450       0x34 /Applications/VEXcode V5 Text.app/Contents/Resources/sdk/vexv5/libv5rt.a(vex_motor.cpp.obj)
                0x0000000003802450                vex::motor::motor(long, vex::gearSetting, bool)
                0x0000000003802450                vex::motor::motor(long, vex::gearSetting, bool)
 .text._ZN3vex5motor4stopENS_9brakeTypeE
                0x0000000003802484       0x30 /Applications/VEXcode V5 Text.app/Contents/Resources/sdk/vexv5/libv5rt.a(vex_motor.cpp.obj)
                0x0000000003802484                vex::motor::stop(vex::brakeType)
 .text._ZN3vex5motor4stopEv
                0x00000000038024b4        0x8 /Applications/VEXcode V5 Text.app/Contents/Resources/sdk/vexv5/libv5rt.a(vex_motor.cpp.obj)
                0x00000000038024b4                vex::motor::stop()
 .text._ZN3vex5motor16velocityToScaledEdNS_13velocityUnitsE
                0x00000000038024bc       0x5c /Applications/VEXcode V5 Text.app/Contents/Resources/sdk/vexv5/libv5rt.a(vex_motor.cpp.obj)
                0x00000000038024bc                vex::motor::velocityToScaled(double, vex::velocityUnits)
 .text._ZN3vex5motor8velocityENS_13velocityUnitsE
                0x0000000003802518       0x30 /Applications/VEXcode V5 Text.app/Contents/Resources/sdk/vexv5/libv5rt.a(vex_motor.cpp.obj)
                0x0000000003802518                vex::motor::velocity(vex::velocityUnits)
 .text._ZN3vex5motor5valueEv
                0x0000000003802548       0x1c /Applications/VEXcode V5 Text.app/Contents/Resources/sdk/vexv5/libv5rt.a(vex_motor.cpp.obj)
                0x0000000003802548                vex::motor::value()
 .text._ZN3vex5motor16scaledToVelocityEdNS_13velocityUnitsE
                0x0000000003802564       0xa4 /Applications/VEXcode V5 Text.app/Contents/Resources/sdk/vexv5/libv5rt.a(vex_motor.cpp.obj)
                0x0000000003802564                vex::motor::scaledToVelocity(double, vex::velocityUnits)
 .text._ZN3vex5motor4spinENS_13directionTypeEdNS_13velocityUnitsE
                0x0000000003802608       0x5c /Applications/VEXcode V5 Text.app/Contents/Resources/sdk/vexv5/libv5rt.a(vex_motor.cpp.obj)
                0x0000000003802608                vex::motor::spin(vex::directionType, double, vex::velocityUnits)
 .text._ZN3vex5motor4spinENS_13directionTypeE
                0x0000000003802664       0x28 /Applications/VEXcode V5 Text.app/Contents/Resources/sdk/vexv5/libv5rt.a(vex_motor.cpp.obj)
                0x0000000003802664                vex::motor::spin(vex::directionType)
 .text._ZN3vex5motor11setVelocityEdNS_13velocityUnitsE
                0x000000000380268c       0x54 /Applications/VEXcode V5 Text.app/Contents/Resources/sdk/vexv5/libv5rt.a(vex_motor.cpp.obj)
                0x000000000380268c                vex::motor::setVelocity(double, vex::velocityUnits)
 .text._ZN3vex5motor16setRotationUnitsENS_13rotationUnitsE
                0x00000000038026e0       0x1c /Applications/VEXcode V5 Text.app/Contents/Resources/sdk/vexv5/libv5rt.a(vex_motor.cpp.obj)
                0x00000000038026e0                vex::motor::setRotationUnits(vex::rotationUnits)
 .text._ZN3vex5motor11setRotationEdNS_13rotationUnitsE
                0x00000000038026fc       0x44 /Applications/VEXcode V5 Text.app/Contents/Resources/sdk/vexv5/libv5rt.a(vex_motor.cpp.obj)
                0x00000000038026fc                vex::motor::setRotation(double, vex::rotationUnits)
 .text._ZN3vex5motor13resetRotationEv
                0x0000000003802740       0x20 /Applications/VEXcode V5 Text.app/Contents/Resources/sdk/vexv5/libv5rt.a(vex_motor.cpp.obj)
                0x0000000003802740                vex::motor::resetRotation()
 .text._ZN3vex5motor13resetPositionEv
                0x0000000003802760       0x20 /Applications/VEXcode V5 Text.app/Contents/Resources/sdk/vexv5/libv5rt.a(vex_motor.cpp.obj)
                0x0000000003802760                vex::motor::resetPosition()
 .text._ZN3vex5motor8rotationENS_13rotationUnitsE
                0x0000000003802780       0x44 /Applications/VEXcode V5 Text.app/Contents/Resources/sdk/vexv5/libv5rt.a(vex_motor.cpp.obj)
                0x0000000003802780                vex::motor::rotation(vex::rotationUnits)
 .text._ZN3vex5motor8positionENS_13rotationUnitsE
                0x00000000038027c4        0x4 /Applications/VEXcode V5 Text.app/Contents/Resources/sdk/vexv5/libv5rt.a(vex_motor.cpp.obj)
                0x00000000038027c4                vex::motor::position(vex::rotationUnits)
 .text._ZN3vex6vision9installedEv
                0x00000000038027c8       0x18 /Applications/VEXcode V5 Text.app/Contents/Resources/sdk/vexv5/libv5rt.a(vex_vision.cpp.obj)
                0x00000000038027c8                vex::vision::installed()
 .text._ZN3vex6visionD2Ev
                0x00000000038027e0       0x38 /Applications/VEXcode V5 Text.app/Contents/Resources/sdk/vexv5/libv5rt.a(vex_vision.cpp.obj)
                0x00000000038027e0                vex::vision::~vision()
                0x00000000038027e0                vex::vision::~vision()
 .text._ZN3vex6vision12setSignatureERNS0_9signatureE
                0x0000000003802818       0x70 /Applications/VEXcode V5 Text.app/Contents/Resources/sdk/vexv5/libv5rt.a(vex_vision.cpp.obj)
                0x0000000003802818                vex::vision::setSignature(vex::vision::signature&)
 .text._ZN3vex6vision7setModeENS0_13detectionModeE
                0x0000000003802888       0x18 /Applications/VEXcode V5 Text.app/Contents/Resources/sdk/vexv5/libv5rt.a(vex_vision.cpp.obj)
                0x0000000003802888                vex::vision::setMode(vex::vision::detectionMode)
 .text._ZN3vex6vision13setBrightnessEh
                0x00000000038028a0       0x30 /Applications/VEXcode V5 Text.app/Contents/Resources/sdk/vexv5/libv5rt.a(vex_vision.cpp.obj)
                0x00000000038028a0                vex::vision::setBrightness(unsigned char)
 .text._ZN3vex6vision10setLedModeENS0_7ledModeE
                0x00000000038028d0       0x18 /Applications/VEXcode V5 Text.app/Contents/Resources/sdk/vexv5/libv5rt.a(vex_vision.cpp.obj)
                0x00000000038028d0                vex::vision::setLedMode(vex::vision::ledMode)
 .text._ZN3vex6vision11setLedColorEhhh
                0x00000000038028e8       0x30 /Applications/VEXcode V5 Text.app/Contents/Resources/sdk/vexv5/libv5rt.a(vex_vision.cpp.obj)
                0x00000000038028e8                vex::vision::setLedColor(unsigned char, unsigned char, unsigned char)
 .text._ZN3vex6vision9signatureD2Ev
                0x0000000003802918        0x4 /Applications/VEXcode V5 Text.app/Contents/Resources/sdk/vexv5/libv5rt.a(vex_vision.cpp.obj)
                0x0000000003802918                vex::vision::signature::~signature()
                0x0000000003802918                vex::vision::signature::~signature()
 .text._ZN3vex6vision9signature5clearEv
                0x000000000380291c       0x38 /Applications/VEXcode V5 Text.app/Contents/Resources/sdk/vexv5/libv5rt.a(vex_vision.cpp.obj)
                0x000000000380291c                vex::vision::signature::clear()
 .text._ZN3vex6vision9signatureC2Ev
                0x0000000003802954       0x60 /Applications/VEXcode V5 Text.app/Contents/Resources/sdk/vexv5/libv5rt.a(vex_vision.cpp.obj)
                0x0000000003802954                vex::vision::signature::signature()
                0x0000000003802954                vex::vision::signature::signature()
 .text._ZN3vex6vision9signatureC2Elllllllfl
                0x00000000038029b4       0x5c /Applications/VEXcode V5 Text.app/Contents/Resources/sdk/vexv5/libv5rt.a(vex_vision.cpp.obj)
                0x00000000038029b4                vex::vision::signature::signature(long, long, long, long, long, long, long, float, long)
                0x00000000038029b4                vex::vision::signature::signature(long, long, long, long, long, long, long, float, long)
 .text._ZN3vex6vision6object3setE22_V5_DeviceVisionObject
                0x0000000003802a10       0x78 /Applications/VEXcode V5 Text.app/Contents/Resources/sdk/vexv5/libv5rt.a(vex_vision.cpp.obj)
                0x0000000003802a10                vex::vision::object::set(_V5_DeviceVisionObject)
 .text._ZN3vex6vision6object5clearEv
                0x0000000003802a88       0x38 /Applications/VEXcode V5 Text.app/Contents/Resources/sdk/vexv5/libv5rt.a(vex_vision.cpp.obj)
                0x0000000003802a88                vex::vision::object::clear()
 .text._ZN3vex6vision6objectC2Ev
                0x0000000003802ac0       0x58 /Applications/VEXcode V5 Text.app/Contents/Resources/sdk/vexv5/libv5rt.a(vex_vision.cpp.obj)
                0x0000000003802ac0                vex::vision::object::object()
                0x0000000003802ac0                vex::vision::object::object()
 .text._ZN3vex6vision13_clearObjectsEv
                0x0000000003802b18       0x40 /Applications/VEXcode V5 Text.app/Contents/Resources/sdk/vexv5/libv5rt.a(vex_vision.cpp.obj)
                0x0000000003802b18                vex::vision::_clearObjects()
 .text._ZN3vex6vision6objectaSERKS1_
                0x0000000003802b58       0x74 /Applications/VEXcode V5 Text.app/Contents/Resources/sdk/vexv5/libv5rt.a(vex_vision.cpp.obj)
                0x0000000003802b58                vex::vision::object::operator=(vex::vision::object const&)
 .text._ZN3vex6vision12takeSnapshotEmm
                0x0000000003802bcc       0xf4 /Applications/VEXcode V5 Text.app/Contents/Resources/sdk/vexv5/libv5rt.a(vex_vision.cpp.obj)
                0x0000000003802bcc                vex::vision::takeSnapshot(unsigned long, unsigned long)
 .text._ZN3vex6vision12takeSnapshotEm
                0x0000000003802cc0        0x8 /Applications/VEXcode V5 Text.app/Contents/Resources/sdk/vexv5/libv5rt.a(vex_vision.cpp.obj)
                0x0000000003802cc0                vex::vision::takeSnapshot(unsigned long)
 .text._ZN3vex6vision5valueEv
                0x0000000003802cc8        0x8 /Applications/VEXcode V5 Text.app/Contents/Resources/sdk/vexv5/libv5rt.a(vex_vision.cpp.obj)
                0x0000000003802cc8                vex::vision::value()
 .text._ZN3vex6vision12takeSnapshotERNS0_9signatureE
                0x0000000003802cd0       0x10 /Applications/VEXcode V5 Text.app/Contents/Resources/sdk/vexv5/libv5rt.a(vex_vision.cpp.obj)
                0x0000000003802cd0                vex::vision::takeSnapshot(vex::vision::signature&)
 .text._ZN3vex6vision6objectaSEl
                0x0000000003802ce0       0x38 /Applications/VEXcode V5 Text.app/Contents/Resources/sdk/vexv5/libv5rt.a(vex_vision.cpp.obj)
                0x0000000003802ce0                vex::vision::object::operator=(long)
 .text._ZN3vex6visionC2El
                0x0000000003802d18       0xa4 /Applications/VEXcode V5 Text.app/Contents/Resources/sdk/vexv5/libv5rt.a(vex_vision.cpp.obj)
                0x0000000003802d18                vex::vision::vision(long)
                0x0000000003802d18                vex::vision::vision(long)
 *fill*         0x0000000003802dbc        0x4 
 .text._ZN3vex8inertial10setHeadingEdNS_13rotationUnitsE
                0x0000000003802dc0       0x60 /Applications/VEXcode V5 Text.app/Contents/Resources/sdk/vexv5/libv5rt.a(vex_imu.cpp.obj)
                0x0000000003802dc0                vex::inertial::setHeading(double, vex::rotationUnits)
 .text._ZThn16_N3vex8inertial10setHeadingEdNS_13rotationUnitsE
                0x0000000003802e20        0x8 /Applications/VEXcode V5 Text.app/Contents/Resources/sdk/vexv5/libv5rt.a(vex_imu.cpp.obj)
                0x0000000003802e20                non-virtual thunk to vex::inertial::setHeading(double, vex::rotationUnits)
 .text._ZN3vex8inertial11setRotationEdNS_13rotationUnitsE
                0x0000000003802e28       0x60 /Applications/VEXcode V5 Text.app/Contents/Resources/sdk/vexv5/libv5rt.a(vex_imu.cpp.obj)
                0x0000000003802e28                vex::inertial::setRotation(double, vex::rotationUnits)
 .text._ZThn16_N3vex8inertial11setRotationEdNS_13rotationUnitsE
                0x0000000003802e88        0x8 /Applications/VEXcode V5 Text.app/Contents/Resources/sdk/vexv5/libv5rt.a(vex_imu.cpp.obj)
                0x0000000003802e88                non-virtual thunk to vex::inertial::setRotation(double, vex::rotationUnits)
 .text._ZN3vex8inertial9installedEv
                0x0000000003802e90       0x18 /Applications/VEXcode V5 Text.app/Contents/Resources/sdk/vexv5/libv5rt.a(vex_imu.cpp.obj)
                0x0000000003802e90                vex::inertial::installed()
 .text._ZN3vex8inertial5angleENS_13rotationUnitsE
                0x0000000003802ea8       0x60 /Applications/VEXcode V5 Text.app/Contents/Resources/sdk/vexv5/libv5rt.a(vex_imu.cpp.obj)
                0x0000000003802ea8                vex::inertial::angle(vex::rotationUnits)
 .text._ZThn16_N3vex8inertial5angleENS_13rotationUnitsE
                0x0000000003802f08        0x8 /Applications/VEXcode V5 Text.app/Contents/Resources/sdk/vexv5/libv5rt.a(vex_imu.cpp.obj)
                0x0000000003802f08                non-virtual thunk to vex::inertial::angle(vex::rotationUnits)
 .text._ZN3vex8inertial7headingENS_13rotationUnitsE
                0x0000000003802f10        0x4 /Applications/VEXcode V5 Text.app/Contents/Resources/sdk/vexv5/libv5rt.a(vex_imu.cpp.obj)
                0x0000000003802f10                vex::inertial::heading(vex::rotationUnits)
 .text._ZThn16_N3vex8inertial7headingENS_13rotationUnitsE
                0x0000000003802f14        0x8 /Applications/VEXcode V5 Text.app/Contents/Resources/sdk/vexv5/libv5rt.a(vex_imu.cpp.obj)
                0x0000000003802f14                non-virtual thunk to vex::inertial::heading(vex::rotationUnits)
 .text._ZN3vex8inertial5valueEv
                0x0000000003802f1c       0x1c /Applications/VEXcode V5 Text.app/Contents/Resources/sdk/vexv5/libv5rt.a(vex_imu.cpp.obj)
                0x0000000003802f1c                vex::inertial::value()
 .text._ZN3vex8inertial8rotationENS_13rotationUnitsE
                0x0000000003802f38       0x40 /Applications/VEXcode V5 Text.app/Contents/Resources/sdk/vexv5/libv5rt.a(vex_imu.cpp.obj)
                0x0000000003802f38                vex::inertial::rotation(vex::rotationUnits)
 .text._ZThn16_N3vex8inertial8rotationENS_13rotationUnitsE
                0x0000000003802f78        0x8 /Applications/VEXcode V5 Text.app/Contents/Resources/sdk/vexv5/libv5rt.a(vex_imu.cpp.obj)
                0x0000000003802f78                non-virtual thunk to vex::inertial::rotation(vex::rotationUnits)
 .text._ZN3vex8inertial13isCalibratingEv
                0x0000000003802f80       0x38 /Applications/VEXcode V5 Text.app/Contents/Resources/sdk/vexv5/libv5rt.a(vex_imu.cpp.obj)
                0x0000000003802f80                vex::inertial::isCalibrating()
 .text._ZThn16_N3vex8inertial13isCalibratingEv
                0x0000000003802fb8        0x8 /Applications/VEXcode V5 Text.app/Contents/Resources/sdk/vexv5/libv5rt.a(vex_imu.cpp.obj)
                0x0000000003802fb8                non-virtual thunk to vex::inertial::isCalibrating()
 .text._ZN3vex8inertialC2El
                0x0000000003802fc0       0x48 /Applications/VEXcode V5 Text.app/Contents/Resources/sdk/vexv5/libv5rt.a(vex_imu.cpp.obj)
                0x0000000003802fc0                vex::inertial::inertial(long)
                0x0000000003802fc0                vex::inertial::inertial(long)
 .text._ZN3vex8inertialD2Ev
                0x0000000003803008       0x20 /Applications/VEXcode V5 Text.app/Contents/Resources/sdk/vexv5/libv5rt.a(vex_imu.cpp.obj)
                0x0000000003803008                vex::inertial::~inertial()
                0x0000000003803008                vex::inertial::~inertial()
 .text._ZN3vex8inertial13resetRotationEv
                0x0000000003803028       0x20 /Applications/VEXcode V5 Text.app/Contents/Resources/sdk/vexv5/libv5rt.a(vex_imu.cpp.obj)
                0x0000000003803028                vex::inertial::resetRotation()
 .text._ZN3vex8inertial16startCalibrationEl
                0x0000000003803048       0x20 /Applications/VEXcode V5 Text.app/Contents/Resources/sdk/vexv5/libv5rt.a(vex_imu.cpp.obj)
                0x0000000003803048                vex::inertial::startCalibration(long)
 .text._ZN3vex8inertial9calibrateEl
                0x0000000003803068        0xc /Applications/VEXcode V5 Text.app/Contents/Resources/sdk/vexv5/libv5rt.a(vex_imu.cpp.obj)
                0x0000000003803068                vex::inertial::calibrate(long)
                0x000000000380306c                non-virtual thunk to vex::inertial::calibrate(long)
 .text._ZN3vex10controllerD2Ev
                0x0000000003803074        0x4 /Applications/VEXcode V5 Text.app/Contents/Resources/sdk/vexv5/libv5rt.a(vex_controller.cpp.obj)
                0x0000000003803074                vex::controller::~controller()
                0x0000000003803074                vex::controller::~controller()
 .text._ZN3vex10controller6button21_buttonToPressedEventEv
                0x0000000003803078       0x20 /Applications/VEXcode V5 Text.app/Contents/Resources/sdk/vexv5/libv5rt.a(vex_controller.cpp.obj)
                0x0000000003803078                vex::controller::button::_buttonToPressedEvent()
 .text._ZN3vex10controller6button22_buttonToReleasedEventEv
                0x0000000003803098       0x20 /Applications/VEXcode V5 Text.app/Contents/Resources/sdk/vexv5/libv5rt.a(vex_controller.cpp.obj)
                0x0000000003803098                vex::controller::button::_buttonToReleasedEvent()
 .text._ZN3vex10controller6buttonC2ENS0_11tButtonTypeEPS0_
                0x00000000038030b8       0x48 /Applications/VEXcode V5 Text.app/Contents/Resources/sdk/vexv5/libv5rt.a(vex_controller.cpp.obj)
                0x00000000038030b8                vex::controller::button::button(vex::controller::tButtonType, vex::controller*)
                0x00000000038030b8                vex::controller::button::button(vex::controller::tButtonType, vex::controller*)
 .text._ZN3vex10controller4axis23_joystickToChangedEventEv
                0x0000000003803100       0x20 /Applications/VEXcode V5 Text.app/Contents/Resources/sdk/vexv5/libv5rt.a(vex_controller.cpp.obj)
                0x0000000003803100                vex::controller::axis::_joystickToChangedEvent()
 .text._ZN3vex10controller4axisC2ENS0_9tAxisTypeEPS0_
                0x0000000003803120       0x2c /Applications/VEXcode V5 Text.app/Contents/Resources/sdk/vexv5/libv5rt.a(vex_controller.cpp.obj)
                0x0000000003803120                vex::controller::axis::axis(vex::controller::tAxisType, vex::controller*)
                0x0000000003803120                vex::controller::axis::axis(vex::controller::tAxisType, vex::controller*)
 .text._ZN3vex10controllerC2ENS_14controllerTypeE
                0x000000000380314c      0x204 /Applications/VEXcode V5 Text.app/Contents/Resources/sdk/vexv5/libv5rt.a(vex_controller.cpp.obj)
                0x000000000380314c                vex::controller::controller(vex::controllerType)
                0x000000000380314c                vex::controller::controller(vex::controllerType)
 .text._ZN3vex11this_thread9sleep_forEm
                0x0000000003803350        0x4 /Applications/VEXcode V5 Text.app/Contents/Resources/sdk/vexv5/libv5rt.a(vex_thread.cpp.obj)
                0x0000000003803350                vex::this_thread::sleep_for(unsigned long)
 .text._ZN3vex5event4initEmmPFvvE
                0x0000000003803354        0x4 /Applications/VEXcode V5 Text.app/Contents/Resources/sdk/vexv5/libv5rt.a(vex_event.cpp.obj)
                0x0000000003803354                vex::event::init(unsigned long, unsigned long, void (*)())
 .text._ZN3vex5event9userindexEv
                0x0000000003803358        0x4 /Applications/VEXcode V5 Text.app/Contents/Resources/sdk/vexv5/libv5rt.a(vex_event.cpp.obj)
                0x0000000003803358                vex::event::userindex()
 .text._ZZN3vex6meventC4EmmENUlvE_4_FUNEv
                0x000000000380335c        0x4 /Applications/VEXcode V5 Text.app/Contents/Resources/sdk/vexv5/libv5rt.a(vex_mevent.cpp.obj)
 .text._ZN3vex6meventC2Emm
                0x0000000003803360       0x70 /Applications/VEXcode V5 Text.app/Contents/Resources/sdk/vexv5/libv5rt.a(vex_mevent.cpp.obj)
                0x0000000003803360                vex::mevent::mevent(unsigned long, unsigned long)
                0x0000000003803360                vex::mevent::mevent(unsigned long, unsigned long)
 .text._ZN3vex5brainD2Ev
                0x00000000038033d0       0x20 /Applications/VEXcode V5 Text.app/Contents/Resources/sdk/vexv5/libv5rt.a(vex_brain.cpp.obj)
                0x00000000038033d0                vex::brain::~brain()
                0x00000000038033d0                vex::brain::~brain()
 .text._ZN3vex5brain9_getIndexEv
                0x00000000038033f0       0x10 /Applications/VEXcode V5 Text.app/Contents/Resources/sdk/vexv5/libv5rt.a(vex_brain.cpp.obj)
                0x00000000038033f0                vex::brain::_getIndex()
 .text._ZN3vex5brain3lcd9setCursorEll
                0x0000000003803400       0x44 /Applications/VEXcode V5 Text.app/Contents/Resources/sdk/vexv5/libv5rt.a(vex_brain.cpp.obj)
                0x0000000003803400                vex::brain::lcd::setCursor(long, long)
 .text._ZN3vex5brain3lcd7setFontENS_8fontTypeE
                0x0000000003803444      0x23c /Applications/VEXcode V5 Text.app/Contents/Resources/sdk/vexv5/libv5rt.a(vex_brain.cpp.obj)
                0x0000000003803444                vex::brain::lcd::setFont(vex::fontType)
 .text._ZN3vex5brain3lcdC2Ev
                0x0000000003803680       0x94 /Applications/VEXcode V5 Text.app/Contents/Resources/sdk/vexv5/libv5rt.a(vex_brain.cpp.obj)
                0x0000000003803680                vex::brain::lcd::lcd()
                0x0000000003803680                vex::brain::lcd::lcd()
 .text._ZN3vex5brainC2Ev
                0x0000000003803714       0x38 /Applications/VEXcode V5 Text.app/Contents/Resources/sdk/vexv5/libv5rt.a(vex_brain.cpp.obj)
                0x0000000003803714                vex::brain::brain()
                0x0000000003803714                vex::brain::brain()
 .text._ZN3vex5brain3lcd7printAtEllPKcz
                0x000000000380374c       0x6c /Applications/VEXcode V5 Text.app/Contents/Resources/sdk/vexv5/libv5rt.a(vex_brain.cpp.obj)
                0x000000000380374c                vex::brain::lcd::printAt(long, long, char const*, ...)
 .text._ZN3vex7triport9installedEv
                0x00000000038037b8       0x18 /Applications/VEXcode V5 Text.app/Contents/Resources/sdk/vexv5/libv5rt.a(vex_triport.cpp.obj)
                0x00000000038037b8                vex::triport::installed()
 .text._ZN3vex7triportD2Ev
                0x00000000038037d0       0x38 /Applications/VEXcode V5 Text.app/Contents/Resources/sdk/vexv5/libv5rt.a(vex_triport.cpp.obj)
                0x00000000038037d0                vex::triport::~triport()
                0x00000000038037d0                vex::triport::~triport()
 .text._ZN3vex7triport4portC2ElPS0_
                0x0000000003803808       0x74 /Applications/VEXcode V5 Text.app/Contents/Resources/sdk/vexv5/libv5rt.a(vex_triport.cpp.obj)
                0x0000000003803808                vex::triport::port::port(long, vex::triport*)
                0x0000000003803808                vex::triport::port::port(long, vex::triport*)
 .text._ZN3vex7triportC2El
                0x000000000380387c       0xf0 /Applications/VEXcode V5 Text.app/Contents/Resources/sdk/vexv5/libv5rt.a(vex_triport.cpp.obj)
                0x000000000380387c                vex::triport::triport(long)
                0x000000000380387c                vex::triport::triport(long)
 .text.startup._GLOBAL__sub_I__ZN3vex7triportC2El
                0x000000000380396c       0x30 /Applications/VEXcode V5 Text.app/Contents/Resources/sdk/vexv5/libv5rt.a(vex_triport.cpp.obj)
 .text._ZN3vex5colorD2Ev
                0x000000000380399c        0x4 /Applications/VEXcode V5 Text.app/Contents/Resources/sdk/vexv5/libv5rt.a(vex_color.cpp.obj)
                0x000000000380399c                vex::color::~color()
                0x000000000380399c                vex::color::~color()
 .text.startup._GLOBAL__sub_I__ZN3vex5color5blackE
                0x00000000038039a0      0x164 /Applications/VEXcode V5 Text.app/Contents/Resources/sdk/vexv5/libv5rt.a(vex_color.cpp.obj)
 .text._ZN3vex5timerD2Ev
                0x0000000003803b04        0x4 /Applications/VEXcode V5 Text.app/Contents/Resources/sdk/vexv5/libv5rt.a(vex_timer.cpp.obj)
                0x0000000003803b04                vex::timer::~timer()
                0x0000000003803b04                vex::timer::~timer()
 .text._ZN3vex5timer5clearEv
                0x0000000003803b08       0x1c /Applications/VEXcode V5 Text.app/Contents/Resources/sdk/vexv5/libv5rt.a(vex_timer.cpp.obj)
                0x0000000003803b08                vex::timer::clear()
 .text._ZN3vex5timerC2Ev
                0x0000000003803b24       0x14 /Applications/VEXcode V5 Text.app/Contents/Resources/sdk/vexv5/libv5rt.a(vex_timer.cpp.obj)
                0x0000000003803b24                vex::timer::timer()
                0x0000000003803b24                vex::timer::timer()
 .text._ZNK3vex5timer4timeENS_9timeUnitsE
                0x0000000003803b38       0x40 /Applications/VEXcode V5 Text.app/Contents/Resources/sdk/vexv5/libv5rt.a(vex_timer.cpp.obj)
                0x0000000003803b38                vex::timer::time(vex::timeUnits) const
 .text.vexMotorVelocitySet
                0x0000000003803b78       0x20 /Applications/VEXcode V5 Text.app/Contents/Resources/sdk/vexv5/libv5rt.a(v5_apiuser.c.obj)
                0x0000000003803b78                vexMotorVelocitySet
 .text.vexMotorActualVelocityGet
                0x0000000003803b98       0x24 /Applications/VEXcode V5 Text.app/Contents/Resources/sdk/vexv5/libv5rt.a(v5_apiuser.c.obj)
                0x0000000003803b98                vexMotorActualVelocityGet
 .text.vexMotorReverseFlagSet
                0x0000000003803bbc       0x20 /Applications/VEXcode V5 Text.app/Contents/Resources/sdk/vexv5/libv5rt.a(v5_apiuser.c.obj)
                0x0000000003803bbc                vexMotorReverseFlagSet
 .text.vexMotorEncoderUnitsSet
                0x0000000003803bdc       0x20 /Applications/VEXcode V5 Text.app/Contents/Resources/sdk/vexv5/libv5rt.a(v5_apiuser.c.obj)
                0x0000000003803bdc                vexMotorEncoderUnitsSet
 .text.vexMotorBrakeModeSet
                0x0000000003803bfc       0x20 /Applications/VEXcode V5 Text.app/Contents/Resources/sdk/vexv5/libv5rt.a(v5_apiuser.c.obj)
                0x0000000003803bfc                vexMotorBrakeModeSet
 .text.vexMotorPositionSet
                0x0000000003803c1c       0x28 /Applications/VEXcode V5 Text.app/Contents/Resources/sdk/vexv5/libv5rt.a(v5_apiuser.c.obj)
                0x0000000003803c1c                vexMotorPositionSet
 .text.vexMotorPositionGet
                0x0000000003803c44       0x24 /Applications/VEXcode V5 Text.app/Contents/Resources/sdk/vexv5/libv5rt.a(v5_apiuser.c.obj)
                0x0000000003803c44                vexMotorPositionGet
 .text.vexMotorGearingSet
                0x0000000003803c68       0x20 /Applications/VEXcode V5 Text.app/Contents/Resources/sdk/vexv5/libv5rt.a(v5_apiuser.c.obj)
                0x0000000003803c68                vexMotorGearingSet
 .text.vexMotorGearingGet
                0x0000000003803c88       0x18 /Applications/VEXcode V5 Text.app/Contents/Resources/sdk/vexv5/libv5rt.a(v5_apiuser.c.obj)
                0x0000000003803c88                vexMotorGearingGet
 .text.vexVisionModeSet
                0x0000000003803ca0       0x20 /Applications/VEXcode V5 Text.app/Contents/Resources/sdk/vexv5/libv5rt.a(v5_apiuser.c.obj)
                0x0000000003803ca0                vexVisionModeSet
 .text.vexVisionObjectCountGet
                0x0000000003803cc0       0x18 /Applications/VEXcode V5 Text.app/Contents/Resources/sdk/vexv5/libv5rt.a(v5_apiuser.c.obj)
                0x0000000003803cc0                vexVisionObjectCountGet
 .text.vexVisionObjectGet
                0x0000000003803cd8       0x28 /Applications/VEXcode V5 Text.app/Contents/Resources/sdk/vexv5/libv5rt.a(v5_apiuser.c.obj)
                0x0000000003803cd8                vexVisionObjectGet
 .text.vexVisionSignatureSet
                0x0000000003803d00       0x20 /Applications/VEXcode V5 Text.app/Contents/Resources/sdk/vexv5/libv5rt.a(v5_apiuser.c.obj)
                0x0000000003803d00                vexVisionSignatureSet
 .text.vexVisionBrightnessSet
                0x0000000003803d20       0x20 /Applications/VEXcode V5 Text.app/Contents/Resources/sdk/vexv5/libv5rt.a(v5_apiuser.c.obj)
                0x0000000003803d20                vexVisionBrightnessSet
 .text.vexVisionLedModeSet
                0x0000000003803d40       0x20 /Applications/VEXcode V5 Text.app/Contents/Resources/sdk/vexv5/libv5rt.a(v5_apiuser.c.obj)
                0x0000000003803d40                vexVisionLedModeSet
 .text.vexVisionLedColorSet
                0x0000000003803d60       0x2c /Applications/VEXcode V5 Text.app/Contents/Resources/sdk/vexv5/libv5rt.a(v5_apiuser.c.obj)
                0x0000000003803d60                vexVisionLedColorSet
 .text.vexImuReset
                0x0000000003803d8c       0x10 /Applications/VEXcode V5 Text.app/Contents/Resources/sdk/vexv5/libv5rt.a(v5_apiuser.c.obj)
                0x0000000003803d8c                vexImuReset
 .text.vexImuHeadingGet
                0x0000000003803d9c       0x10 /Applications/VEXcode V5 Text.app/Contents/Resources/sdk/vexv5/libv5rt.a(v5_apiuser.c.obj)
                0x0000000003803d9c                vexImuHeadingGet
 .text.vexImuDegreesGet
                0x0000000003803dac       0x10 /Applications/VEXcode V5 Text.app/Contents/Resources/sdk/vexv5/libv5rt.a(v5_apiuser.c.obj)
                0x0000000003803dac                vexImuDegreesGet
 .text.vexImuStatusGet
                0x0000000003803dbc       0x10 /Applications/VEXcode V5 Text.app/Contents/Resources/sdk/vexv5/libv5rt.a(v5_apiuser.c.obj)
                0x0000000003803dbc                vexImuStatusGet
 .text.vexEventMaskSet
                0x0000000003803dcc       0x28 /Applications/VEXcode V5 Text.app/Contents/Resources/sdk/vexv5/libv5rt.a(v5_apiuser.c.obj)
                0x0000000003803dcc                vexEventMaskSet
 .text.vexEventMaskGet
                0x0000000003803df4       0x18 /Applications/VEXcode V5 Text.app/Contents/Resources/sdk/vexv5/libv5rt.a(v5_apiuser.c.obj)
                0x0000000003803df4                vexEventMaskGet
 .text._ZN3vex6device5valueEv
                0x0000000003803e0c        0x8 /Applications/VEXcode V5 Text.app/Contents/Resources/sdk/vexv5/libv5rt.a(vex_device.cpp.obj)
                0x0000000003803e0c                vex::device::value()
 .text._ZN3vex6deviceD2Ev
                0x0000000003803e14        0x4 /Applications/VEXcode V5 Text.app/Contents/Resources/sdk/vexv5/libv5rt.a(vex_device.cpp.obj)
                0x0000000003803e14                vex::device::~device()
                0x0000000003803e14                vex::device::~device()
 .text._ZN3vex6device4initEl
                0x0000000003803e18       0x30 /Applications/VEXcode V5 Text.app/Contents/Resources/sdk/vexv5/libv5rt.a(vex_device.cpp.obj)
                0x0000000003803e18                vex::device::init(long)
 .text._ZN3vex6deviceC2El
                0x0000000003803e48       0x20 /Applications/VEXcode V5 Text.app/Contents/Resources/sdk/vexv5/libv5rt.a(vex_device.cpp.obj)
                0x0000000003803e48                vex::device::device(long)
                0x0000000003803e48                vex::device::device(long)
 .text._ZN3vex6device4typeEv
                0x0000000003803e68       0x10 /Applications/VEXcode V5 Text.app/Contents/Resources/sdk/vexv5/libv5rt.a(vex_device.cpp.obj)
                0x0000000003803e68                vex::device::type()
 .text._ZN3vex6device9installedEv
                0x0000000003803e78       0x14 /Applications/VEXcode V5 Text.app/Contents/Resources/sdk/vexv5/libv5rt.a(vex_device.cpp.obj)
                0x0000000003803e78                vex::device::installed()
 .text.__libc_fini_array
                0x0000000003803e8c       0x30 /Applications/VEXcode V5 Text.app/Contents/Resources/sdk/vexv5/gcc/libs/libc.a(lib_a-fini.o)
                0x0000000003803e8c                __libc_fini_array
 .text.__libc_init_array
                0x0000000003803ebc       0x58 /Applications/VEXcode V5 Text.app/Contents/Resources/sdk/vexv5/gcc/libs/libc.a(lib_a-init.o)
                0x0000000003803ebc                __libc_init_array
 *fill*         0x0000000003803f14        0x4 
 .text.__libc_init_array.__stub
                0x0000000003803f18       0x18 linker stubs
 *(.gnu.linkonce.t.*)
 *(.plt)
 *(.gnu_warning)
 *(.gcc_except_table)
 *(.glue_7)
 .glue_7        0x0000000003803f30        0x0 linker stubs
 *(.glue_7t)
 .glue_7t       0x0000000003803f30        0x0 linker stubs
 *(.vfp11_veneer)
 .vfp11_veneer  0x0000000003803f30        0x0 linker stubs
 *(.ARM.extab)
 *(.gnu.linkonce.armextab.*)

.v4_bx          0x0000000003803f30        0x0
 .v4_bx         0x0000000003803f30        0x0 linker stubs

.iplt           0x0000000003803f30        0x0
 .iplt          0x0000000003803f30        0x0 build/src/main.o

.init
 *(.init)

.fini
 *(.fini)

.rodata         0x0000000003803f30      0x164
                0x0000000003803f30                __rodata_start = .
 *(.rodata)
 *(.rodata.*)
 .rodata.str1.1
                0x0000000003803f30        0x3 build/src/main.o
 .rodata.str1.1
                0x0000000003803f33       0x2e /Applications/VEXcode V5 Text.app/Contents/Resources/sdk/vexv5/libv5rt.a(v5_startup.c.obj)
 *fill*         0x0000000003803f61        0x3 
 .rodata._ZN3vex3fwdE
                0x0000000003803f64        0x4 /Applications/VEXcode V5 Text.app/Contents/Resources/sdk/vexv5/libv5rt.a(vex_global.cpp.obj)
                0x0000000003803f64                vex::fwd
 .rodata._ZN3vex5PORT3E
                0x0000000003803f68        0x4 /Applications/VEXcode V5 Text.app/Contents/Resources/sdk/vexv5/libv5rt.a(vex_global.cpp.obj)
                0x0000000003803f68                vex::PORT3
 .rodata._ZN3vex5PORT1E
                0x0000000003803f6c        0x4 /Applications/VEXcode V5 Text.app/Contents/Resources/sdk/vexv5/libv5rt.a(vex_global.cpp.obj)
                0x0000000003803f6c                vex::PORT1
 .rodata._ZN3vex7reverseE
                0x0000000003803f70        0x4 /Applications/VEXcode V5 Text.app/Contents/Resources/sdk/vexv5/libv5rt.a(vex_global.cpp.obj)
                0x0000000003803f70                vex::reverse
 .rodata._ZN3vex6PORT10E
                0x0000000003803f74        0x4 /Applications/VEXcode V5 Text.app/Contents/Resources/sdk/vexv5/libv5rt.a(vex_global.cpp.obj)
                0x0000000003803f74                vex::PORT10
 .rodata._ZN3vex5PORT5E
                0x0000000003803f78        0x4 /Applications/VEXcode V5 Text.app/Contents/Resources/sdk/vexv5/libv5rt.a(vex_global.cpp.obj)
                0x0000000003803f78                vex::PORT5
 .rodata._ZN3vex3pctE
                0x0000000003803f7c        0x4 /Applications/VEXcode V5 Text.app/Contents/Resources/sdk/vexv5/libv5rt.a(vex_global.cpp.obj)
                0x0000000003803f7c                vex::pct
 .rodata._ZN3vex3secE
                0x0000000003803f80        0x4 /Applications/VEXcode V5 Text.app/Contents/Resources/sdk/vexv5/libv5rt.a(vex_global.cpp.obj)
                0x0000000003803f80                vex::sec
 .rodata._ZN3vex4msecE
                0x0000000003803f84        0x4 /Applications/VEXcode V5 Text.app/Contents/Resources/sdk/vexv5/libv5rt.a(vex_global.cpp.obj)
                0x0000000003803f84                vex::msec
 .rodata._ZN3vex9ratio36_1E
                0x0000000003803f88        0x4 /Applications/VEXcode V5 Text.app/Contents/Resources/sdk/vexv5/libv5rt.a(vex_global.cpp.obj)
                0x0000000003803f88                vex::ratio36_1
 .rodata._ZN3vex5PORT9E
                0x0000000003803f8c        0x4 /Applications/VEXcode V5 Text.app/Contents/Resources/sdk/vexv5/libv5rt.a(vex_global.cpp.obj)
                0x0000000003803f8c                vex::PORT9
 .rodata._ZN3vex5PORT2E
                0x0000000003803f90        0x4 /Applications/VEXcode V5 Text.app/Contents/Resources/sdk/vexv5/libv5rt.a(vex_global.cpp.obj)
                0x0000000003803f90                vex::PORT2
 .rodata._ZN3vex5PORT6E
                0x0000000003803f94        0x4 /Applications/VEXcode V5 Text.app/Contents/Resources/sdk/vexv5/libv5rt.a(vex_global.cpp.obj)
                0x0000000003803f94                vex::PORT6
 .rodata._ZN3vex7primaryE
                0x0000000003803f98        0x4 /Applications/VEXcode V5 Text.app/Contents/Resources/sdk/vexv5/libv5rt.a(vex_global.cpp.obj)
                0x0000000003803f98                vex::primary
 .rodata._ZN3vex6PORT22E
                0x0000000003803f9c        0x4 /Applications/VEXcode V5 Text.app/Contents/Resources/sdk/vexv5/libv5rt.a(vex_global.cpp.obj)
                0x0000000003803f9c                vex::PORT22
 .rodata._ZN3vex4holdE
                0x0000000003803fa0        0x4 /Applications/VEXcode V5 Text.app/Contents/Resources/sdk/vexv5/libv5rt.a(vex_global.cpp.obj)
                0x0000000003803fa0                vex::hold
 .rodata._ZN3vex5turnsE
                0x0000000003803fa4        0x4 /Applications/VEXcode V5 Text.app/Contents/Resources/sdk/vexv5/libv5rt.a(vex_global.cpp.obj)
                0x0000000003803fa4                vex::turns
 .rodata._ZN3vex5coastE
                0x0000000003803fa8        0x4 /Applications/VEXcode V5 Text.app/Contents/Resources/sdk/vexv5/libv5rt.a(vex_global.cpp.obj)
                0x0000000003803fa8                vex::coast
 .rodata._ZN3vex5PORT4E
                0x0000000003803fac        0x4 /Applications/VEXcode V5 Text.app/Contents/Resources/sdk/vexv5/libv5rt.a(vex_global.cpp.obj)
                0x0000000003803fac                vex::PORT4
 .rodata._ZN3vex5PORT8E
                0x0000000003803fb0        0x4 /Applications/VEXcode V5 Text.app/Contents/Resources/sdk/vexv5/libv5rt.a(vex_global.cpp.obj)
                0x0000000003803fb0                vex::PORT8
 .rodata._ZN3vex9ratio18_1E
                0x0000000003803fb4        0x4 /Applications/VEXcode V5 Text.app/Contents/Resources/sdk/vexv5/libv5rt.a(vex_global.cpp.obj)
                0x0000000003803fb4                vex::ratio18_1
 .rodata._ZTVN3vex5motorE
                0x0000000003803fb8       0x10 /Applications/VEXcode V5 Text.app/Contents/Resources/sdk/vexv5/libv5rt.a(vex_motor.cpp.obj)
                0x0000000003803fb8                vtable for vex::motor
 .rodata._ZTVN3vex6visionE
                0x0000000003803fc8       0x10 /Applications/VEXcode V5 Text.app/Contents/Resources/sdk/vexv5/libv5rt.a(vex_vision.cpp.obj)
                0x0000000003803fc8                vtable for vex::vision
 .rodata._ZTVN3vex8inertialE
                0x0000000003803fd8       0x50 /Applications/VEXcode V5 Text.app/Contents/Resources/sdk/vexv5/libv5rt.a(vex_imu.cpp.obj)
                0x0000000003803fd8                vtable for vex::inertial
 .rodata.CSWTCH.15
                0x0000000003804028        0xb /Applications/VEXcode V5 Text.app/Contents/Resources/sdk/vexv5/libv5rt.a(vex_controller.cpp.obj)
 .rodata.CSWTCH.17
                0x0000000003804033        0xb /Applications/VEXcode V5 Text.app/Contents/Resources/sdk/vexv5/libv5rt.a(vex_controller.cpp.obj)
 .rodata.CSWTCH.23
                0x000000000380403e        0x3 /Applications/VEXcode V5 Text.app/Contents/Resources/sdk/vexv5/libv5rt.a(vex_controller.cpp.obj)
 .rodata.str1.1
                0x0000000003804041       0x2b /Applications/VEXcode V5 Text.app/Contents/Resources/sdk/vexv5/libv5rt.a(vex_brain.cpp.obj)
 *fill*         0x000000000380406c        0x4 
 .rodata._ZTVN3vex7triportE
                0x0000000003804070       0x10 /Applications/VEXcode V5 Text.app/Contents/Resources/sdk/vexv5/libv5rt.a(vex_triport.cpp.obj)
                0x0000000003804070                vtable for vex::triport
 .rodata._ZTVN3vex6deviceE
                0x0000000003804080       0x10 /Applications/VEXcode V5 Text.app/Contents/Resources/sdk/vexv5/libv5rt.a(vex_device.cpp.obj)
                0x0000000003804080                vtable for vex::device
 .rodata.str1.4
                0x0000000003804090        0x4 /Applications/VEXcode V5 Text.app/Contents/Resources/sdk/vexv5/gcc/libs/libc.a(lib_a-impure.o)
                                          0x2 (size before relaxing)
 *(.gnu.linkonce.r.*)
                0x0000000003804094                __rodata_end = .

.rodata1        0x0000000003804094        0x0
                0x0000000003804094                __rodata1_start = .
 *(.rodata1)
 *(.rodata1.*)
                0x0000000003804094                __rodata1_end = .

.sdata2         0x0000000003804094        0x0
                0x0000000003804094                __sdata2_start = .
 *(.sdata2)
 *(.sdata2.*)
 *(.gnu.linkonce.s2.*)
                0x0000000003804094                __sdata2_end = .

.sbss2          0x0000000003804094        0x0
                0x0000000003804094                __sbss2_start = .
 *(.sbss2)
 *(.sbss2.*)
 *(.gnu.linkonce.sb2.*)
                0x0000000003804094                __sbss2_end = .

.data           0x0000000003804098      0x4bc
                0x0000000003804098                __data_start = .
 *(.data)
 *(.data.*)
 .data.lowerLength
                0x0000000003804098        0x8 build/src/main.o
                0x0000000003804098                lowerLength
 .data.numerator
                0x00000000038040a0        0x8 build/src/main.o
                0x00000000038040a0                numerator
 .data.denominator
                0x00000000038040a8        0x8 build/src/main.o
                0x00000000038040a8                denominator
 .data.cameraHeight
                0x00000000038040b0        0x8 build/src/main.o
                0x00000000038040b0                cameraHeight
 .data.WtoD     0x00000000038040b8        0x8 build/src/main.o
                0x00000000038040b8                WtoD
 .data.horizontalCorrection
                0x00000000038040c0        0x8 build/src/main.o
                0x00000000038040c0                horizontalCorrection
 .data.lowerLengthEdge
                0x00000000038040c8        0x8 build/src/main.o
                0x00000000038040c8                lowerLengthEdge
 .data.numeratorEdge
                0x00000000038040d0        0x8 build/src/main.o
                0x00000000038040d0                numeratorEdge
 .data.denominatorEdge
                0x00000000038040d8        0x8 build/src/main.o
                0x00000000038040d8                denominatorEdge
 .data.cameraHeightEdge
                0x00000000038040e0        0x8 build/src/main.o
                0x00000000038040e0                cameraHeightEdge
 .data.WtoDEdge
                0x00000000038040e8        0x8 build/src/main.o
                0x00000000038040e8                WtoDEdge
 .data.rotationSpeed
                0x00000000038040f0        0x8 build/src/main.o
                0x00000000038040f0                rotationSpeed
 .data.wheelSize
                0x00000000038040f8        0x8 build/src/main.o
                0x00000000038040f8                wheelSize
 .data.PI       0x0000000003804100        0x8 build/src/main.o
                0x0000000003804100                PI
 .data.turningCoefficient
                0x0000000003804108        0x8 build/src/main.o
                0x0000000003804108                turningCoefficient
 .data.rampPushDeg
                0x0000000003804110        0x8 build/src/main.o
                0x0000000003804110                rampPushDeg
 .data.appRunning
                0x0000000003804118        0x4 /Applications/VEXcode V5 Text.app/Contents/Resources/sdk/vexv5/libv5rt.a(v5_startup.c.obj)
                0x0000000003804118                appRunning
 .data.__yoff   0x000000000380411c        0x4 /Applications/VEXcode V5 Text.app/Contents/Resources/sdk/vexv5/libv5rt.a(v5_apijump.c.obj)
 .data._ZN3vex24__default_motor_velocityE
                0x0000000003804120        0x4 /Applications/VEXcode V5 Text.app/Contents/Resources/sdk/vexv5/libv5rt.a(vex_motor.cpp.obj)
                0x0000000003804120                vex::__default_motor_velocity
 *fill*         0x0000000003804124        0x4 
 .data.impure_data
                0x0000000003804128      0x428 /Applications/VEXcode V5 Text.app/Contents/Resources/sdk/vexv5/gcc/libs/libc.a(lib_a-impure.o)
 .data._impure_ptr
                0x0000000003804550        0x4 /Applications/VEXcode V5 Text.app/Contents/Resources/sdk/vexv5/gcc/libs/libc.a(lib_a-impure.o)
                0x0000000003804550                _impure_ptr
 *(.gnu.linkonce.d.*)
 *(.jcr)
 *(.got)
 *(.got.plt)
                0x0000000003804554                __data_end = .

.igot.plt       0x0000000003804554        0x0
 .igot.plt      0x0000000003804554        0x0 build/src/main.o

.data1          0x0000000003804554        0x0
                0x0000000003804554                __data1_start = .
 *(.data1)
 *(.data1.*)
                0x0000000003804554                __data1_end = .

.got
 *(.got)

.ctors          0x0000000003804554        0x0
                0x0000000003804554                __CTOR_LIST__ = .
                0x0000000003804554                ___CTORS_LIST___ = .
 *crtbegin.o(.ctors)
 *(EXCLUDE_FILE(*crtend.o) .ctors)
 *(SORT_BY_NAME(.ctors.*))
 *(.ctors)
                0x0000000003804554                __CTOR_END__ = .
                0x0000000003804554                ___CTORS_END___ = .

.dtors          0x0000000003804554        0x0
                0x0000000003804554                __DTOR_LIST__ = .
                0x0000000003804554                ___DTORS_LIST___ = .
 *crtbegin.o(.dtors)
 *(EXCLUDE_FILE(*crtend.o) .dtors)
 *(SORT_BY_NAME(.dtors.*))
 *(.dtors)
                0x0000000003804554                __DTOR_END__ = .
                0x0000000003804554                ___DTORS_END___ = .

.fixup          0x0000000003804554        0x0
                0x0000000003804554                __fixup_start = .
 *(.fixup)
                0x0000000003804554                __fixup_end = .

.eh_frame
 *(.eh_frame)

.eh_framehdr    0x0000000003804554        0x0
                0x0000000003804554                __eh_framehdr_start = .
 *(.eh_framehdr)
                0x0000000003804554                __eh_framehdr_end = .

.gcc_except_table
 *(.gcc_except_table)

.mmu_tbl        0x0000000003808000        0x0
                0x0000000003808000                __mmu_tbl_start = .
 *(.mmu_tbl)
                0x0000000003808000                __mmu_tbl_end = .

.ARM.exidx      0x0000000003804554        0x8
                0x0000000003804554                __exidx_start = .
 *(.ARM.exidx*)
 .ARM.exidx.text._ZN3vex6visionC2IJNS0_9signatureES2_S2_S2_S2_S2_S2_EEElhDpRT_
                0x0000000003804554        0x8 build/src/main.o
 .ARM.exidx.text._Z11moveForwarddddd
                0x000000000380455c        0x0 build/src/main.o
                                          0x8 (size before relaxing)
 .ARM.exidx.text._Z8takeShotc
                0x000000000380455c        0x0 build/src/main.o
                                          0x8 (size before relaxing)
 .ARM.exidx.text._Z21moveForwardCalibrateddddc
                0x000000000380455c        0x0 build/src/main.o
                                          0x8 (size before relaxing)
 .ARM.exidx.text._Z17isRotationReacheddd
                0x000000000380455c        0x0 build/src/main.o
                                          0x8 (size before relaxing)
 .ARM.exidx.text._Z7degTurndd
                0x000000000380455c        0x0 build/src/main.o
                                          0x8 (size before relaxing)
 .ARM.exidx.text._Z4rampbddd
                0x000000000380455c        0x0 build/src/main.o
                                          0x8 (size before relaxing)
 .ARM.exidx.text._Z14autonBlueSmallv
                0x000000000380455c        0x0 build/src/main.o
                                          0x8 (size before relaxing)
 .ARM.exidx.text.main
                0x000000000380455c        0x0 build/src/main.o
                                          0x8 (size before relaxing)
 .ARM.exidx.text._ZN3vex6vision7_setsigINS0_9signatureEJS2_S2_S2_S2_EEEvRT_DpRT0_
                0x000000000380455c        0x0 build/src/main.o
                                          0x8 (size before relaxing)
 .ARM.exidx.text._GLOBAL__sub_I_main.cpp
                0x000000000380455c        0x0 build/src/main.o
                                          0x8 (size before relaxing)
 .ARM.exidx.text._Z11vexcodeInitv
                0x000000000380455c        0x0 build/src/robot-config.o
                                          0x8 (size before relaxing)
 .ARM.exidx.text._GLOBAL__sub_I_robot_config.cpp
                0x000000000380455c        0x0 build/src/robot-config.o
                                          0x8 (size before relaxing)
 *(.gnu.linkonce.armexidix.*.*)
                0x000000000380455c                __exidx_end = .

.rel.dyn        0x000000000380455c        0x0
 .rel.iplt      0x000000000380455c        0x0 build/src/main.o

.preinit_array  0x000000000380455c        0x0
                0x000000000380455c                __preinit_array_start = .
 *(SORT_BY_NAME(.preinit_array.*))
 *(.preinit_array)
                0x000000000380455c                __preinit_array_end = .

.init_array     0x000000000380455c       0x10
                0x000000000380455c                __init_array_start = .
 *(SORT_BY_NAME(.init_array.*))
 *(.init_array)
 .init_array    0x000000000380455c        0x4 build/src/main.o
 .init_array    0x0000000003804560        0x4 build/src/robot-config.o
 .init_array    0x0000000003804564        0x4 /Applications/VEXcode V5 Text.app/Contents/Resources/sdk/vexv5/libv5rt.a(vex_triport.cpp.obj)
 .init_array    0x0000000003804568        0x4 /Applications/VEXcode V5 Text.app/Contents/Resources/sdk/vexv5/libv5rt.a(vex_color.cpp.obj)
                0x000000000380456c                __init_array_end = .

.fini_array     0x000000000380456c        0x0
                0x000000000380456c                __fini_array_start = .
 *(SORT_BY_NAME(.fini_array.*))
 *(.fini_array)
                0x000000000380456c                __fini_array_end = .

.ARM.attributes
                0x000000000380456c       0x3c
                0x000000000380456c                __ARM.attributes_start = .
 *(.ARM.attributes)
 .ARM.attributes
                0x000000000380456c       0x3a build/src/main.o
 .ARM.attributes
                0x00000000038045a6       0x3a build/src/robot-config.o
 .ARM.attributes
                0x00000000038045e0       0x35 /Applications/VEXcode V5 Text.app/Contents/Resources/sdk/vexv5/libv5rt.a(v5_startup.c.obj)
 .ARM.attributes
                0x0000000003804615       0x35 /Applications/VEXcode V5 Text.app/Contents/Resources/sdk/vexv5/libv5rt.a(v5_util.c.obj)
 .ARM.attributes
                0x000000000380464a       0x35 /Applications/VEXcode V5 Text.app/Contents/Resources/sdk/vexv5/libv5rt.a(v5_apijump.c.obj)
 .ARM.attributes
                0x000000000380467f       0x35 /Applications/VEXcode V5 Text.app/Contents/Resources/sdk/vexv5/libv5rt.a(v5_apiversions.c.obj)
 .ARM.attributes
                0x00000000038046b4       0x35 /Applications/VEXcode V5 Text.app/Contents/Resources/sdk/vexv5/libv5rt.a(vex_global.cpp.obj)
 .ARM.attributes
                0x00000000038046e9       0x35 /Applications/VEXcode V5 Text.app/Contents/Resources/sdk/vexv5/libv5rt.a(vex_motor.cpp.obj)
 .ARM.attributes
                0x000000000380471e       0x35 /Applications/VEXcode V5 Text.app/Contents/Resources/sdk/vexv5/libv5rt.a(vex_vision.cpp.obj)
 .ARM.attributes
                0x0000000003804753       0x35 /Applications/VEXcode V5 Text.app/Contents/Resources/sdk/vexv5/libv5rt.a(vex_imu.cpp.obj)
 .ARM.attributes
                0x0000000003804788       0x35 /Applications/VEXcode V5 Text.app/Contents/Resources/sdk/vexv5/libv5rt.a(vex_controller.cpp.obj)
 .ARM.attributes
                0x00000000038047bd       0x35 /Applications/VEXcode V5 Text.app/Contents/Resources/sdk/vexv5/libv5rt.a(vex_thread.cpp.obj)
 .ARM.attributes
                0x00000000038047f2       0x35 /Applications/VEXcode V5 Text.app/Contents/Resources/sdk/vexv5/libv5rt.a(vex_event.cpp.obj)
 .ARM.attributes
                0x0000000003804827       0x35 /Applications/VEXcode V5 Text.app/Contents/Resources/sdk/vexv5/libv5rt.a(vex_mevent.cpp.obj)
 .ARM.attributes
                0x000000000380485c       0x35 /Applications/VEXcode V5 Text.app/Contents/Resources/sdk/vexv5/libv5rt.a(vex_brain.cpp.obj)
 .ARM.attributes
                0x0000000003804891       0x35 /Applications/VEXcode V5 Text.app/Contents/Resources/sdk/vexv5/libv5rt.a(vex_triport.cpp.obj)
 .ARM.attributes
                0x00000000038048c6       0x35 /Applications/VEXcode V5 Text.app/Contents/Resources/sdk/vexv5/libv5rt.a(vex_color.cpp.obj)
 .ARM.attributes
                0x00000000038048fb       0x35 /Applications/VEXcode V5 Text.app/Contents/Resources/sdk/vexv5/libv5rt.a(vex_timer.cpp.obj)
 .ARM.attributes
                0x0000000003804930       0x35 /Applications/VEXcode V5 Text.app/Contents/Resources/sdk/vexv5/libv5rt.a(v5_apiuser.c.obj)
 .ARM.attributes
                0x0000000003804965       0x35 /Applications/VEXcode V5 Text.app/Contents/Resources/sdk/vexv5/libv5rt.a(vex_device.cpp.obj)
 .ARM.attributes
                0x000000000380499a       0x2b /Applications/VEXcode V5 Text.app/Contents/Resources/sdk/vexv5/gcc/libs/libc.a(lib_a-fini.o)
 .ARM.attributes
                0x00000000038049c5       0x2b /Applications/VEXcode V5 Text.app/Contents/Resources/sdk/vexv5/gcc/libs/libc.a(lib_a-impure.o)
 .ARM.attributes
                0x00000000038049f0       0x2b /Applications/VEXcode V5 Text.app/Contents/Resources/sdk/vexv5/gcc/libs/libc.a(lib_a-init.o)
                0x0000000003804a1b                __ARM.attributes_end = .

.sdata          0x000000000380456c        0x0
                0x000000000380456c                __sdata_start = .
 *(.sdata)
 *(.sdata.*)
 *(.gnu.linkonce.s.*)
                0x000000000380456c                __sdata_end = .

.sbss           0x000000000380456c        0x0
                0x000000000380456c                __sbss_start = .
 *(.sbss)
 *(.sbss.*)
 *(.gnu.linkonce.sb.*)
                0x000000000380456c                __sbss_end = .

.tdata          0x000000000380456c        0x0
                0x000000000380456c                __tdata_start = .
 *(.tdata)
 *(.tdata.*)
 *(.gnu.linkonce.td.*)
                0x000000000380456c                __tdata_end = .

.tbss           0x000000000380456c        0x0
                0x000000000380456c                __tbss_start = .
 *(.tbss)
 *(.tbss.*)
 *(.gnu.linkonce.tb.*)
                0x000000000380456c                __tbss_end = .

.bss            0x0000000003804570      0xf11
                0x0000000003804570                __bss_start = .
 *(.bss)
 *(.bss.*)
 .bss.PURPLE_CUBE
                0x0000000003804570       0x50 build/src/main.o
                0x0000000003804570                PURPLE_CUBE
 .bss.ORANGE_CUBE
                0x00000000038045c0       0x50 build/src/main.o
                0x00000000038045c0                ORANGE_CUBE
 .bss.GREEN_CUBE
                0x0000000003804610       0x50 build/src/main.o
                0x0000000003804610                GREEN_CUBE
 .bss.BLUEB     0x0000000003804660       0x50 build/src/main.o
                0x0000000003804660                BLUEB
 .bss.REDB      0x00000000038046b0       0x50 build/src/main.o
                0x00000000038046b0                REDB
 .bss.SIG_6     0x0000000003804700       0x50 build/src/main.o
                0x0000000003804700                SIG_6
 .bss.SIG_7     0x0000000003804750       0x50 build/src/main.o
                0x0000000003804750                SIG_7
 .bss.Vision1   0x00000000038047a0      0x690 build/src/main.o
                0x00000000038047a0                Vision1
 .bss.rotate    0x0000000003804e30        0x8 build/src/main.o
                0x0000000003804e30                rotate
 .bss.leftPower
                0x0000000003804e38        0x8 build/src/main.o
                0x0000000003804e38                leftPower
 .bss.rightPower
                0x0000000003804e40        0x8 build/src/main.o
                0x0000000003804e40                rightPower
 .bss.sidePower
                0x0000000003804e48        0x8 build/src/main.o
                0x0000000003804e48                sidePower
 .bss.revDist   0x0000000003804e50        0x8 build/src/main.o
                0x0000000003804e50                revDist
 .bss.startTime
                0x0000000003804e58        0x8 build/src/main.o
                0x0000000003804e58                startTime
 .bss.Brain     0x0000000003804e60      0x2bc build/src/robot-config.o
                0x0000000003804e60                Brain
 .bss.Controller1
                0x000000000380511c      0x1e0 build/src/robot-config.o
                0x000000000380511c                Controller1
 .bss.LeftMotor
                0x00000000038052fc       0x24 build/src/robot-config.o
                0x00000000038052fc                LeftMotor
 .bss.RightMotor
                0x0000000003805320       0x24 build/src/robot-config.o
                0x0000000003805320                RightMotor
 .bss.SideMotor
                0x0000000003805344       0x24 build/src/robot-config.o
                0x0000000003805344                SideMotor
 .bss.intakeLeft
                0x0000000003805368       0x24 build/src/robot-config.o
                0x0000000003805368                intakeLeft
 .bss.intakeRight
                0x000000000380538c       0x24 build/src/robot-config.o
                0x000000000380538c                intakeRight
 .bss.RampMotor1
                0x00000000038053b0       0x24 build/src/robot-config.o
                0x00000000038053b0                RampMotor1
 .bss.RampMotor2
                0x00000000038053d4       0x24 build/src/robot-config.o
                0x00000000038053d4                RampMotor2
 .bss.gyroscope
                0x00000000038053f8       0x30 build/src/robot-config.o
                0x00000000038053f8                gyroscope
 .bss.__dso_handle
                0x0000000003805428        0x4 /Applications/VEXcode V5 Text.app/Contents/Resources/sdk/vexv5/libv5rt.a(v5_startup.c.obj)
                0x0000000003805428                __dso_handle
 .bss._ZStL8__ioinit
                0x000000000380542c        0x1 /Applications/VEXcode V5 Text.app/Contents/Resources/sdk/vexv5/libv5rt.a(vex_triport.cpp.obj)
 *fill*         0x000000000380542d        0x3 
 .bss._ZN3vex5color6orangeE
                0x0000000003805430        0x8 /Applications/VEXcode V5 Text.app/Contents/Resources/sdk/vexv5/libv5rt.a(vex_color.cpp.obj)
                0x0000000003805430                vex::color::orange
 .bss._ZN3vex5color5blackE
                0x0000000003805438        0x8 /Applications/VEXcode V5 Text.app/Contents/Resources/sdk/vexv5/libv5rt.a(vex_color.cpp.obj)
                0x0000000003805438                vex::color::black
 .bss._ZN3vex5color6yellowE
                0x0000000003805440        0x8 /Applications/VEXcode V5 Text.app/Contents/Resources/sdk/vexv5/libv5rt.a(vex_color.cpp.obj)
                0x0000000003805440                vex::color::yellow
 .bss._ZN3vex5color5greenE
                0x0000000003805448        0x8 /Applications/VEXcode V5 Text.app/Contents/Resources/sdk/vexv5/libv5rt.a(vex_color.cpp.obj)
                0x0000000003805448                vex::color::green
 .bss._ZN3vex5color6purpleE
                0x0000000003805450        0x8 /Applications/VEXcode V5 Text.app/Contents/Resources/sdk/vexv5/libv5rt.a(vex_color.cpp.obj)
                0x0000000003805450                vex::color::purple
 .bss._ZN3vex5color4cyanE
                0x0000000003805458        0x8 /Applications/VEXcode V5 Text.app/Contents/Resources/sdk/vexv5/libv5rt.a(vex_color.cpp.obj)
                0x0000000003805458                vex::color::cyan
 .bss._ZN3vex5color4blueE
                0x0000000003805460        0x8 /Applications/VEXcode V5 Text.app/Contents/Resources/sdk/vexv5/libv5rt.a(vex_color.cpp.obj)
                0x0000000003805460                vex::color::blue
 .bss._ZN3vex5color3redE
                0x0000000003805468        0x8 /Applications/VEXcode V5 Text.app/Contents/Resources/sdk/vexv5/libv5rt.a(vex_color.cpp.obj)
                0x0000000003805468                vex::color::red
 .bss._ZN3vex5color11transparentE
                0x0000000003805470        0x8 /Applications/VEXcode V5 Text.app/Contents/Resources/sdk/vexv5/libv5rt.a(vex_color.cpp.obj)
                0x0000000003805470                vex::color::transparent
 .bss._ZN3vex5color5whiteE
                0x0000000003805478        0x8 /Applications/VEXcode V5 Text.app/Contents/Resources/sdk/vexv5/libv5rt.a(vex_color.cpp.obj)
                0x0000000003805478                vex::color::white
 *(.gnu.linkonce.b.*)
 *(COMMON)
 COMMON         0x0000000003805480        0x1 /Applications/VEXcode V5 Text.app/Contents/Resources/sdk/vexv5/libv5rt.a(v5_startup.c.obj)
                0x0000000003805480                __vex_critical_section
                0x0000000003805481                __bss_end = .
                0x000000000380456c                _SDA_BASE_ = (__sdata_start + ((__sbss_end - __sdata_start) / 0x2))
                0x0000000003804094                _SDA2_BASE_ = (__sdata2_start + ((__sbss2_end - __sdata2_start) / 0x2))

.heap           0x0000000003805481   0x10000f
                0x0000000003805490                . = ALIGN (0x10)
 *fill*         0x0000000003805481        0xf 
                0x0000000003805490                _heap = .
                0x0000000003805490                HeapBase = .
                0x0000000003805490                _heap_start = .
                0x0000000003905490                . = (. + _HEAP_SIZE)
 *fill*         0x0000000003805490   0x100000 
                0x0000000003905490                _heap_end = .
                0x0000000003905490                HeapLimit = .

.stack          0x0000000003905490     0x3800
                0x0000000003905490                . = ALIGN (0x10)
                0x0000000003905490                _stack_end = .
                0x0000000003907490                . = (. + _STACK_SIZE)
 *fill*         0x0000000003905490     0x2000 
                0x0000000003907490                . = ALIGN (0x10)
                0x0000000003907490                _stack = .
                0x0000000003907490                __stack = _stack
                0x0000000003907490                . = ALIGN (0x10)
                0x0000000003907490                _irq_stack_end = .
                0x0000000003907890                . = (. + _IRQ_STACK_SIZE)
 *fill*         0x0000000003907490      0x400 
                0x0000000003907890                . = ALIGN (0x10)
                0x0000000003907890                __irq_stack = .
                0x0000000003907890                _supervisor_stack_end = .
                0x0000000003908090                . = (. + _SUPERVISOR_STACK_SIZE)
 *fill*         0x0000000003907890      0x800 
                0x0000000003908090                . = ALIGN (0x10)
                0x0000000003908090                __supervisor_stack = .
                0x0000000003908090                _abort_stack_end = .
                0x0000000003908490                . = (. + _ABORT_STACK_SIZE)
 *fill*         0x0000000003908090      0x400 
                0x0000000003908490                . = ALIGN (0x10)
                0x0000000003908490                __abort_stack = .
                0x0000000003908490                _fiq_stack_end = .
                0x0000000003908890                . = (. + _FIQ_STACK_SIZE)
 *fill*         0x0000000003908490      0x400 
                0x0000000003908890                . = ALIGN (0x10)
                0x0000000003908890                __fiq_stack = .
                0x0000000003908890                _undef_stack_end = .
                0x0000000003908c90                . = (. + _UNDEF_STACK_SIZE)
 *fill*         0x0000000003908890      0x400 
                0x0000000003908c90                . = ALIGN (0x10)
                0x0000000003908c90                __undef_stack = .
                0x0000000003908c90                _end = .
LOAD /Applications/VEXcode V5 Text.app/Contents/Resources/sdk/vexv5/stdlib_0.lib
LOAD build/src/main.o
LOAD build/src/robot-config.o
START GROUP
LOAD /Applications/VEXcode V5 Text.app/Contents/Resources/sdk/vexv5/libv5rt.a
LOAD /Applications/VEXcode V5 Text.app/Contents/Resources/sdk/vexv5/gcc/libs/libstdc++.a
LOAD /Applications/VEXcode V5 Text.app/Contents/Resources/sdk/vexv5/gcc/libs/libc.a
LOAD /Applications/VEXcode V5 Text.app/Contents/Resources/sdk/vexv5/gcc/libs/libm.a
LOAD /Applications/VEXcode V5 Text.app/Contents/Resources/sdk/vexv5/gcc/libs/libgcc.a
END GROUP
OUTPUT(build/HDriveAutoAllCode.elf elf32-littlearm)

.comment        0x0000000000000000       0x9d
 .comment       0x0000000000000000       0x2d build/src/main.o
                                         0x2e (size before relaxing)
 .comment       0x000000000000002d       0x2e build/src/robot-config.o
 .comment       0x000000000000002d       0x70 /Applications/VEXcode V5 Text.app/Contents/Resources/sdk/vexv5/libv5rt.a(v5_startup.c.obj)
                                         0x71 (size before relaxing)
 .comment       0x000000000000009d       0x71 /Applications/VEXcode V5 Text.app/Contents/Resources/sdk/vexv5/libv5rt.a(v5_util.c.obj)
 .comment       0x000000000000009d       0x71 /Applications/VEXcode V5 Text.app/Contents/Resources/sdk/vexv5/libv5rt.a(v5_apijump.c.obj)
 .comment       0x000000000000009d       0x71 /Applications/VEXcode V5 Text.app/Contents/Resources/sdk/vexv5/libv5rt.a(v5_apiversions.c.obj)
 .comment       0x000000000000009d       0x71 /Applications/VEXcode V5 Text.app/Contents/Resources/sdk/vexv5/libv5rt.a(vex_global.cpp.obj)
 .comment       0x000000000000009d       0x71 /Applications/VEXcode V5 Text.app/Contents/Resources/sdk/vexv5/libv5rt.a(vex_motor.cpp.obj)
 .comment       0x000000000000009d       0x71 /Applications/VEXcode V5 Text.app/Contents/Resources/sdk/vexv5/libv5rt.a(vex_vision.cpp.obj)
 .comment       0x000000000000009d       0x71 /Applications/VEXcode V5 Text.app/Contents/Resources/sdk/vexv5/libv5rt.a(vex_imu.cpp.obj)
 .comment       0x000000000000009d       0x71 /Applications/VEXcode V5 Text.app/Contents/Resources/sdk/vexv5/libv5rt.a(vex_controller.cpp.obj)
 .comment       0x000000000000009d       0x71 /Applications/VEXcode V5 Text.app/Contents/Resources/sdk/vexv5/libv5rt.a(vex_thread.cpp.obj)
 .comment       0x000000000000009d       0x71 /Applications/VEXcode V5 Text.app/Contents/Resources/sdk/vexv5/libv5rt.a(vex_event.cpp.obj)
 .comment       0x000000000000009d       0x71 /Applications/VEXcode V5 Text.app/Contents/Resources/sdk/vexv5/libv5rt.a(vex_mevent.cpp.obj)
 .comment       0x000000000000009d       0x71 /Applications/VEXcode V5 Text.app/Contents/Resources/sdk/vexv5/libv5rt.a(vex_brain.cpp.obj)
 .comment       0x000000000000009d       0x71 /Applications/VEXcode V5 Text.app/Contents/Resources/sdk/vexv5/libv5rt.a(vex_triport.cpp.obj)
 .comment       0x000000000000009d       0x71 /Applications/VEXcode V5 Text.app/Contents/Resources/sdk/vexv5/libv5rt.a(vex_color.cpp.obj)
 .comment       0x000000000000009d       0x71 /Applications/VEXcode V5 Text.app/Contents/Resources/sdk/vexv5/libv5rt.a(vex_timer.cpp.obj)
 .comment       0x000000000000009d       0x71 /Applications/VEXcode V5 Text.app/Contents/Resources/sdk/vexv5/libv5rt.a(v5_apiuser.c.obj)
 .comment       0x000000000000009d       0x71 /Applications/VEXcode V5 Text.app/Contents/Resources/sdk/vexv5/libv5rt.a(vex_device.cpp.obj)

.note.GNU-stack
                0x0000000000000000        0x0
 .note.GNU-stack
                0x0000000000000000        0x0 build/src/main.o
 .note.GNU-stack
                0x0000000000000000        0x0 build/src/robot-config.o

.debug_frame    0x0000000000000000       0x60
 .debug_frame   0x0000000000000000       0x34 /Applications/VEXcode V5 Text.app/Contents/Resources/sdk/vexv5/gcc/libs/libc.a(lib_a-fini.o)
 .debug_frame   0x0000000000000034       0x2c /Applications/VEXcode V5 Text.app/Contents/Resources/sdk/vexv5/gcc/libs/libc.a(lib_a-init.o)
