Archive member included to satisfy reference by file (symbol)

/Applications/VEXcode V5 Text.app/Contents/Resources/sdk/vexv5/libv5rt.a(v5_startup.c.obj)
                              (vexStartup)
/Applications/VEXcode V5 Text.app/Contents/Resources/sdk/vexv5/libv5rt.a(v5_util.c.obj)
                              /Applications/VEXcode V5 Text.app/Contents/Resources/sdk/vexv5/libv5rt.a(v5_startup.c.obj) (vexStdlibVersionLinked)
/Applications/VEXcode V5 Text.app/Contents/Resources/sdk/vexv5/libv5rt.a(v5_apijump.c.obj)
                              /Applications/VEXcode V5 Text.app/Contents/Resources/sdk/vexv5/libv5rt.a(v5_startup.c.obj) (vexPrivateApiEnable)
/Applications/VEXcode V5 Text.app/Contents/Resources/sdk/vexv5/libv5rt.a(v5_apiversions.c.obj)
                              /Applications/VEXcode V5 Text.app/Contents/Resources/sdk/vexv5/libv5rt.a(v5_apijump.c.obj) (vexSystemVersion)
/Applications/VEXcode V5 Text.app/Contents/Resources/sdk/vexv5/libv5rt.a(vex_global.cpp.obj)
                              build/src/main.o (vex::wait(double, vex::timeUnits))
/Applications/VEXcode V5 Text.app/Contents/Resources/sdk/vexv5/libv5rt.a(vex_motor.cpp.obj)
                              build/src/robot-config.o (vex::motor::~motor())
/Applications/VEXcode V5 Text.app/Contents/Resources/sdk/vexv5/libv5rt.a(vex_vision.cpp.obj)
                              build/src/main.o (vex::vision::~vision())
/Applications/VEXcode V5 Text.app/Contents/Resources/sdk/vexv5/libv5rt.a(vex_imu.cpp.obj)
                              build/src/robot-config.o (vex::inertial::inertial(long))
/Applications/VEXcode V5 Text.app/Contents/Resources/sdk/vexv5/libv5rt.a(vex_controller.cpp.obj)
                              build/src/robot-config.o (vex::controller::~controller())
/Applications/VEXcode V5 Text.app/Contents/Resources/sdk/vexv5/libv5rt.a(vex_thread.cpp.obj)
                              /Applications/VEXcode V5 Text.app/Contents/Resources/sdk/vexv5/libv5rt.a(vex_global.cpp.obj) (vex::this_thread::sleep_for(unsigned long))
/Applications/VEXcode V5 Text.app/Contents/Resources/sdk/vexv5/libv5rt.a(vex_event.cpp.obj)
                              /Applications/VEXcode V5 Text.app/Contents/Resources/sdk/vexv5/libv5rt.a(vex_imu.cpp.obj) (vex::event::init(unsigned long, unsigned long, void (*)()))
/Applications/VEXcode V5 Text.app/Contents/Resources/sdk/vexv5/libv5rt.a(vex_mevent.cpp.obj)
                              /Applications/VEXcode V5 Text.app/Contents/Resources/sdk/vexv5/libv5rt.a(vex_controller.cpp.obj) (vex::mevent::mevent(unsigned long, unsigned long))
/Applications/VEXcode V5 Text.app/Contents/Resources/sdk/vexv5/libv5rt.a(vex_brain.cpp.obj)
                              build/src/robot-config.o (vex::brain::~brain())
/Applications/VEXcode V5 Text.app/Contents/Resources/sdk/vexv5/libv5rt.a(vex_competition.cpp.obj)
                              build/src/main.o (vex::competition::competition())
/Applications/VEXcode V5 Text.app/Contents/Resources/sdk/vexv5/libv5rt.a(vex_triport.cpp.obj)
                              /Applications/VEXcode V5 Text.app/Contents/Resources/sdk/vexv5/libv5rt.a(vex_brain.cpp.obj) (vex::triport::~triport())
/Applications/VEXcode V5 Text.app/Contents/Resources/sdk/vexv5/libv5rt.a(vex_color.cpp.obj)
                              /Applications/VEXcode V5 Text.app/Contents/Resources/sdk/vexv5/libv5rt.a(vex_brain.cpp.obj) (vex::color::operator unsigned long() const)
/Applications/VEXcode V5 Text.app/Contents/Resources/sdk/vexv5/libv5rt.a(vex_timer.cpp.obj)
                              /Applications/VEXcode V5 Text.app/Contents/Resources/sdk/vexv5/libv5rt.a(vex_brain.cpp.obj) (vex::timer::~timer())
/Applications/VEXcode V5 Text.app/Contents/Resources/sdk/vexv5/libv5rt.a(v5_apiuser.c.obj)
                              /Applications/VEXcode V5 Text.app/Contents/Resources/sdk/vexv5/libv5rt.a(vex_triport.cpp.obj) (vexAdiPortConfigSet)
/Applications/VEXcode V5 Text.app/Contents/Resources/sdk/vexv5/libv5rt.a(vex_device.cpp.obj)
                              /Applications/VEXcode V5 Text.app/Contents/Resources/sdk/vexv5/libv5rt.a(vex_triport.cpp.obj) (vex::device::value())
/Applications/VEXcode V5 Text.app/Contents/Resources/sdk/vexv5/libv5rt.a(vex_task.cpp.obj)
                              /Applications/VEXcode V5 Text.app/Contents/Resources/sdk/vexv5/libv5rt.a(vex_competition.cpp.obj) (vex::task::task(int (*)()))
/Applications/VEXcode V5 Text.app/Contents/Resources/sdk/vexv5/gcc/libs/libc.a(lib_a-fini.o)
                              /Applications/VEXcode V5 Text.app/Contents/Resources/sdk/vexv5/libv5rt.a(v5_startup.c.obj) (__libc_fini_array)
/Applications/VEXcode V5 Text.app/Contents/Resources/sdk/vexv5/gcc/libs/libc.a(lib_a-impure.o)
                              /Applications/VEXcode V5 Text.app/Contents/Resources/sdk/vexv5/libv5rt.a(v5_startup.c.obj) (_impure_ptr)
/Applications/VEXcode V5 Text.app/Contents/Resources/sdk/vexv5/gcc/libs/libc.a(lib_a-init.o)
[...]
Memory Configuration

Name             Origin             Length             Attributes
ps7_ddr_0_S_AXI_BASEADDR 0x0000000003800000 0x0000000004800000
*default*        0x0000000000000000 0xffffffffffffffff

Linker script and memory map

                0x0000000000002000                _STACK_SIZE = DEFINED (_STACK_SIZE)?_STACK_SIZE:0x2000
                0x0000000000100000                _HEAP_SIZE = DEFINED (_HEAP_SIZE)?_HEAP_SIZE:0x100000
                0x0000000000000400                _ABORT_STACK_SIZE = DEFINED (_ABORT_STACK_SIZE)?_ABORT_STACK_SIZE:0x400
                0x0000000000000800                _SUPERVISOR_STACK_SIZE = DEFINED (_SUPERVISOR_STACK_SIZE)?_SUPERVISOR_STACK_SIZE:0x800
                0x0000000000000400                _IRQ_STACK_SIZE = DEFINED (_IRQ_STACK_SIZE)?_IRQ_STACK_SIZE:0x400
                0x0000000000000400                _FIQ_STACK_SIZE = DEFINED (_FIQ_STACK_SIZE)?_FIQ_STACK_SIZE:0x400
                0x0000000000000400                _UNDEF_STACK_SIZE = DEFINED (_UNDEF_STACK_SIZE)?_UNDEF_STACK_SIZE:0x400

.text           0x0000000003800000     0x4a70
 *(.vectors)
 *(.boot_data)
 .boot_data     0x0000000003800000       0x20 /Applications/VEXcode V5 Text.app/Contents/Resources/sdk/vexv5/libv5rt.a(v5_startup.c.obj)
                0x0000000003800000                vexCodeSig
                0x0000000000000020                . = 0x20
 *(.boot)
 .boot          0x0000000003800020       0xbc /Applications/VEXcode V5 Text.app/Contents/Resources/sdk/vexv5/libv5rt.a(v5_startup.c.obj)
                0x0000000003800020                vexStartup
                0x0000000003800100                . = ALIGN (0x40)
 *fill*         0x00000000038000dc       0x24 
 *(.freertos_vectors)
 *(.text)
 *(.text.*)
 .text._ZN3vex6visionC2IJNS0_9signatureES2_S2_S2_S2_S2_S2_EEElhDpRT_
                0x0000000003800100       0x64 build/src/main.o
                0x0000000003800100                vex::vision::vision<vex::vision::signature, vex::vision::signature, vex::vision::signature, vex::vision::signature, vex::vision::signature, vex::vision::signature, vex::vision::signature>(long, unsigned char, vex::vision::signature&, vex::vision::signature&, vex::vision::signature&, vex::vision::signature&, vex::vision::signature&, vex::vision::signature&, vex::vision::signature&)
 .text._Z11moveForwarddddd
                0x0000000003800164      0x264 build/src/main.o
                0x0000000003800164                moveForward(double, double, double, double)
 .text._Z8takeShotc
                0x00000000038003c8       0x98 build/src/main.o
                0x00000000038003c8                takeShot(char)
 .text._Z21moveForwardCalibrateddddc
                0x0000000003800460      0x570 build/src/main.o
                0x0000000003800460                moveForwardCalibrated(double, double, double, char)
 .text._Z7degTurndd
                0x00000000038009d0      0x228 build/src/main.o
                0x00000000038009d0                degTurn(double, double)
 .text._Z4rampbddd
                0x0000000003800bf8      0x2b8 build/src/main.o
                0x0000000003800bf8                ramp(bool, double, double, double)
 .text._Z14autonBlueSmallv
                0x0000000003800eb0      0x4c8 build/src/main.o
                0x0000000003800eb0                autonBlueSmall()
 .text._Z10autonomousv
                0x0000000003801378        0x4 build/src/main.o
                0x0000000003801378                autonomous()
 *fill*         0x000000000380137c        0x4 
 .text._Z11usercontrolv
                0x0000000003801380      0x554 build/src/main.o
                0x0000000003801380                usercontrol()
 *fill*         0x00000000038018d4        0x4 
 .text.main     0x00000000038018d8       0x68 build/src/main.o
                0x00000000038018d8                main
 .text._ZN3vex6vision7_setsigINS0_9signatureEJS2_S2_S2_S2_EEEvRT_DpRT0_
                0x0000000003801940       0x4c build/src/main.o
                0x0000000003801940                void vex::vision::_setsig<vex::vision::signature, vex::vision::signature, vex::vision::signature, vex::vision::signature, vex::vision::signature>(vex::vision::signature&, vex::vision::signature&, vex::vision::signature&, vex::vision::signature&, vex::vision::signature&)
 .text._GLOBAL__sub_I_main.cpp
                0x000000000380198c      0x368 build/src/main.o
 .text._Z11vexcodeInitv
                0x0000000003801cf4        0x4 build/src/robot-config.o
                0x0000000003801cf4                vexcodeInit()
 .text._GLOBAL__sub_I_robot_config.cpp
                0x0000000003801cf8      0x224 build/src/robot-config.o
 .text.vexMain  0x0000000003801f1c       0xb0 /Applications/VEXcode V5 Text.app/Contents/Resources/sdk/vexv5/libv5rt.a(v5_startup.c.obj)
                0x0000000003801f1c                vexMain
 .text.__vex_function_prolog
                0x0000000003801fcc       0x18 /Applications/VEXcode V5 Text.app/Contents/Resources/sdk/vexv5/libv5rt.a(v5_startup.c.obj)
                0x0000000003801fcc                __vex_function_prolog
 .text._init    0x0000000003801fe4        0x4 /Applications/VEXcode V5 Text.app/Contents/Resources/sdk/vexv5/libv5rt.a(v5_startup.c.obj)
                0x0000000003801fe4                _init
 .text._fini    0x0000000003801fe8        0x4 /Applications/VEXcode V5 Text.app/Contents/Resources/sdk/vexv5/libv5rt.a(v5_startup.c.obj)
                0x0000000003801fe8                _fini
 .text.vexStdlibVersionLinked
                0x0000000003801fec        0xc /Applications/VEXcode V5 Text.app/Contents/Resources/sdk/vexv5/libv5rt.a(v5_util.c.obj)
                0x0000000003801fec                vexStdlibVersionLinked
 .text.vexStdlibVersionVerify
                0x0000000003801ff8       0x30 /Applications/VEXcode V5 Text.app/Contents/Resources/sdk/vexv5/libv5rt.a(v5_util.c.obj)
                0x0000000003801ff8                vexStdlibVersionVerify
 .text.vexPrivateApiEnable
                0x0000000003802028       0x10 /Applications/VEXcode V5 Text.app/Contents/Resources/sdk/vexv5/libv5rt.a(v5_apijump.c.obj)
                0x0000000003802028                vexPrivateApiEnable
 .text.vexStdlibMismatchError
                0x0000000003802038       0x3c /Applications/VEXcode V5 Text.app/Contents/Resources/sdk/vexv5/libv5rt.a(v5_apijump.c.obj)
                0x0000000003802038                vexStdlibMismatchError
 .text.vexTaskAdd
                0x0000000003802074       0x10 /Applications/VEXcode V5 Text.app/Contents/Resources/sdk/vexv5/libv5rt.a(v5_apijump.c.obj)
                0x0000000003802074                vexTaskAdd
 .text.vexTaskStop
                0x0000000003802084       0x10 /Applications/VEXcode V5 Text.app/Contents/Resources/sdk/vexv5/libv5rt.a(v5_apijump.c.obj)
                0x0000000003802084                vexTaskStop
 .text.vexTasksRun
                0x0000000003802094       0x10 /Applications/VEXcode V5 Text.app/Contents/Resources/sdk/vexv5/libv5rt.a(v5_apijump.c.obj)
                0x0000000003802094                vexTasksRun
 .text.vexTaskYield
                0x00000000038020a4       0x10 /Applications/VEXcode V5 Text.app/Contents/Resources/sdk/vexv5/libv5rt.a(v5_apijump.c.obj)
                0x00000000038020a4                vexTaskYield
 .text.vexTaskCheckTimeslice
                0x00000000038020b4       0x10 /Applications/VEXcode V5 Text.app/Contents/Resources/sdk/vexv5/libv5rt.a(v5_apijump.c.obj)
                0x00000000038020b4                vexTaskCheckTimeslice
 .text.vexTaskSleep
                0x00000000038020c4       0x10 /Applications/VEXcode V5 Text.app/Contents/Resources/sdk/vexv5/libv5rt.a(v5_apijump.c.obj)
                0x00000000038020c4                vexTaskSleep
 .text.vexTasksDump
                0x00000000038020d4       0x1c /Applications/VEXcode V5 Text.app/Contents/Resources/sdk/vexv5/libv5rt.a(v5_apijump.c.obj)
                0x00000000038020d4                vexTasksDump
 .text.vexTaskGetTaskIndex
                0x00000000038020f0       0x10 /Applications/VEXcode V5 Text.app/Contents/Resources/sdk/vexv5/libv5rt.a(v5_apijump.c.obj)
                0x00000000038020f0                vexTaskGetTaskIndex
 .text.vexTaskStopAll
                0x0000000003802100       0x10 /Applications/VEXcode V5 Text.app/Contents/Resources/sdk/vexv5/libv5rt.a(v5_apijump.c.obj)
                0x0000000003802100                vexTaskStopAll
 .text.vexTaskRemoveAllUser
                0x0000000003802110       0x34 /Applications/VEXcode V5 Text.app/Contents/Resources/sdk/vexv5/libv5rt.a(v5_apijump.c.obj)
                0x0000000003802110                vexTaskRemoveAllUser
 .text.vexTaskCompletionIdSet
                0x0000000003802144       0x10 /Applications/VEXcode V5 Text.app/Contents/Resources/sdk/vexv5/libv5rt.a(v5_apijump.c.obj)
                0x0000000003802144                vexTaskCompletionIdSet
 .text.vexCriticalSection
                0x0000000003802154       0x2c /Applications/VEXcode V5 Text.app/Contents/Resources/sdk/vexv5/libv5rt.a(v5_apijump.c.obj)
                0x0000000003802154                vexCriticalSection
 .text.vexEventAdd
                0x0000000003802180       0x34 /Applications/VEXcode V5 Text.app/Contents/Resources/sdk/vexv5/libv5rt.a(v5_apijump.c.obj)
                0x0000000003802180                vexEventAdd
 .text.vexEventUserIndexGet
                0x00000000038021b4       0x1c /Applications/VEXcode V5 Text.app/Contents/Resources/sdk/vexv5/libv5rt.a(v5_apijump.c.obj)
                0x00000000038021b4                vexEventUserIndexGet
 .text.vexEventAddWithArg
                0x00000000038021d0       0x3c /Applications/VEXcode V5 Text.app/Contents/Resources/sdk/vexv5/libv5rt.a(v5_apijump.c.obj)
                0x00000000038021d0                vexEventAddWithArg
 .text.vexEventsCleanup
                0x000000000380220c       0x2c /Applications/VEXcode V5 Text.app/Contents/Resources/sdk/vexv5/libv5rt.a(v5_apijump.c.obj)
                0x000000000380220c                vexEventsCleanup
 .text.vexDebug
                0x0000000003802238       0x38 /Applications/VEXcode V5 Text.app/Contents/Resources/sdk/vexv5/libv5rt.a(v5_apijump.c.obj)
                0x0000000003802238                vexDebug
 .text.vex_sprintf
                0x0000000003802270       0x40 /Applications/VEXcode V5 Text.app/Contents/Resources/sdk/vexv5/libv5rt.a(v5_apijump.c.obj)
                0x0000000003802270                vex_sprintf
 .text.vex_vsnprintf
                0x00000000038022b0       0x3c /Applications/VEXcode V5 Text.app/Contents/Resources/sdk/vexv5/libv5rt.a(v5_apijump.c.obj)
                0x00000000038022b0                vex_vsnprintf
 .text.vexSystemTimeGet
                0x00000000038022ec       0x1c /Applications/VEXcode V5 Text.app/Contents/Resources/sdk/vexv5/libv5rt.a(v5_apijump.c.obj)
                0x00000000038022ec                vexSystemTimeGet
 .text.vexSystemExitRequest
                0x0000000003802308       0x1c /Applications/VEXcode V5 Text.app/Contents/Resources/sdk/vexv5/libv5rt.a(v5_apijump.c.obj)
                0x0000000003802308                vexSystemExitRequest
 .text.vexDeviceGetByIndex
                0x0000000003802324       0x24 /Applications/VEXcode V5 Text.app/Contents/Resources/sdk/vexv5/libv5rt.a(v5_apijump.c.obj)
                0x0000000003802324                vexDeviceGetByIndex
 .text.vexControllerGet
                0x0000000003802348       0x2c /Applications/VEXcode V5 Text.app/Contents/Resources/sdk/vexv5/libv5rt.a(v5_apijump.c.obj)
                0x0000000003802348                vexControllerGet
 .text.vexDeviceMotorVelocitySet
                0x0000000003802374       0x2c /Applications/VEXcode V5 Text.app/Contents/Resources/sdk/vexv5/libv5rt.a(v5_apijump.c.obj)
                0x0000000003802374                vexDeviceMotorVelocitySet
 .text.vexDeviceMotorActualVelocityGet
                0x00000000038023a0       0x24 /Applications/VEXcode V5 Text.app/Contents/Resources/sdk/vexv5/libv5rt.a(v5_apijump.c.obj)
                0x00000000038023a0                vexDeviceMotorActualVelocityGet
 .text.vexDeviceMotorReverseFlagSet
                0x00000000038023c4       0x2c /Applications/VEXcode V5 Text.app/Contents/Resources/sdk/vexv5/libv5rt.a(v5_apijump.c.obj)
                0x00000000038023c4                vexDeviceMotorReverseFlagSet
 .text.vexDeviceMotorEncoderUnitsSet
                0x00000000038023f0       0x2c /Applications/VEXcode V5 Text.app/Contents/Resources/sdk/vexv5/libv5rt.a(v5_apijump.c.obj)
                0x00000000038023f0                vexDeviceMotorEncoderUnitsSet
 .text.vexDeviceMotorBrakeModeSet
                0x000000000380241c       0x2c /Applications/VEXcode V5 Text.app/Contents/Resources/sdk/vexv5/libv5rt.a(v5_apijump.c.obj)
                0x000000000380241c                vexDeviceMotorBrakeModeSet
 .text.vexDeviceMotorPositionSet
                0x0000000003802448       0x34 /Applications/VEXcode V5 Text.app/Contents/Resources/sdk/vexv5/libv5rt.a(v5_apijump.c.obj)
                0x0000000003802448                vexDeviceMotorPositionSet
 .text.vexDeviceMotorPositionGet
                0x000000000380247c       0x24 /Applications/VEXcode V5 Text.app/Contents/Resources/sdk/vexv5/libv5rt.a(v5_apijump.c.obj)
                0x000000000380247c                vexDeviceMotorPositionGet
 .text.vexDeviceMotorGearingSet
                0x00000000038024a0       0x2c /Applications/VEXcode V5 Text.app/Contents/Resources/sdk/vexv5/libv5rt.a(v5_apijump.c.obj)
                0x00000000038024a0                vexDeviceMotorGearingSet
 .text.vexDeviceMotorGearingGet
                0x00000000038024cc       0x24 /Applications/VEXcode V5 Text.app/Contents/Resources/sdk/vexv5/libv5rt.a(v5_apijump.c.obj)
                0x00000000038024cc                vexDeviceMotorGearingGet
 .text.vexDeviceVisionModeSet
                0x00000000038024f0       0x2c /Applications/VEXcode V5 Text.app/Contents/Resources/sdk/vexv5/libv5rt.a(v5_apijump.c.obj)
                0x00000000038024f0                vexDeviceVisionModeSet
 .text.vexDeviceVisionObjectCountGet
                0x000000000380251c       0x24 /Applications/VEXcode V5 Text.app/Contents/Resources/sdk/vexv5/libv5rt.a(v5_apijump.c.obj)
                0x000000000380251c                vexDeviceVisionObjectCountGet
 .text.vexDeviceVisionObjectGet
                0x0000000003802540       0x34 /Applications/VEXcode V5 Text.app/Contents/Resources/sdk/vexv5/libv5rt.a(v5_apijump.c.obj)
                0x0000000003802540                vexDeviceVisionObjectGet
 .text.vexDeviceVisionSignatureSet
                0x0000000003802574       0x2c /Applications/VEXcode V5 Text.app/Contents/Resources/sdk/vexv5/libv5rt.a(v5_apijump.c.obj)
                0x0000000003802574                vexDeviceVisionSignatureSet
 .text.vexDeviceVisionBrightnessSet
                0x00000000038025a0       0x2c /Applications/VEXcode V5 Text.app/Contents/Resources/sdk/vexv5/libv5rt.a(v5_apijump.c.obj)
                0x00000000038025a0                vexDeviceVisionBrightnessSet
 .text.vexDeviceVisionLedModeSet
                0x00000000038025cc       0x2c /Applications/VEXcode V5 Text.app/Contents/Resources/sdk/vexv5/libv5rt.a(v5_apijump.c.obj)
                0x00000000038025cc                vexDeviceVisionLedModeSet
 .text.vexDeviceVisionLedColorSet
                0x00000000038025f8       0x30 /Applications/VEXcode V5 Text.app/Contents/Resources/sdk/vexv5/libv5rt.a(v5_apijump.c.obj)
                0x00000000038025f8                vexDeviceVisionLedColorSet
 .text.vexDeviceImuReset
                0x0000000003802628       0x24 /Applications/VEXcode V5 Text.app/Contents/Resources/sdk/vexv5/libv5rt.a(v5_apijump.c.obj)
                0x0000000003802628                vexDeviceImuReset
 .text.vexDeviceImuHeadingGet
                0x000000000380264c       0x24 /Applications/VEXcode V5 Text.app/Contents/Resources/sdk/vexv5/libv5rt.a(v5_apijump.c.obj)
                0x000000000380264c                vexDeviceImuHeadingGet
 .text.vexDeviceImuDegreesGet
                0x0000000003802670       0x24 /Applications/VEXcode V5 Text.app/Contents/Resources/sdk/vexv5/libv5rt.a(v5_apijump.c.obj)
                0x0000000003802670                vexDeviceImuDegreesGet
 .text.vexDeviceImuStatusGet
                0x0000000003802694       0x24 /Applications/VEXcode V5 Text.app/Contents/Resources/sdk/vexv5/libv5rt.a(v5_apijump.c.obj)
                0x0000000003802694                vexDeviceImuStatusGet
 .text.vexDisplayForegroundColor
                0x00000000038026b8       0x24 /Applications/VEXcode V5 Text.app/Contents/Resources/sdk/vexv5/libv5rt.a(v5_apijump.c.obj)
                0x00000000038026b8                vexDisplayForegroundColor
 .text.vexDisplayBackgroundColor
                0x00000000038026dc       0x24 /Applications/VEXcode V5 Text.app/Contents/Resources/sdk/vexv5/libv5rt.a(v5_apijump.c.obj)
                0x00000000038026dc                vexDisplayBackgroundColor
 .text.vexDisplayPrintf
                0x0000000003802700       0x68 /Applications/VEXcode V5 Text.app/Contents/Resources/sdk/vexv5/libv5rt.a(v5_apijump.c.obj)
                0x0000000003802700                vexDisplayPrintf
 .text.vexDisplayTextReference
                0x0000000003802768       0x24 /Applications/VEXcode V5 Text.app/Contents/Resources/sdk/vexv5/libv5rt.a(v5_apijump.c.obj)
                0x0000000003802768                vexDisplayTextReference
 .text.vexDisplayTextSize
                0x000000000380278c       0x2c /Applications/VEXcode V5 Text.app/Contents/Resources/sdk/vexv5/libv5rt.a(v5_apijump.c.obj)
                0x000000000380278c                vexDisplayTextSize
 .text.vexDisplayFontNamedSet
                0x00000000038027b8       0x24 /Applications/VEXcode V5 Text.app/Contents/Resources/sdk/vexv5/libv5rt.a(v5_apijump.c.obj)
                0x00000000038027b8                vexDisplayFontNamedSet
 .text.vexSystemStdlibImpureDataAddr
                0x00000000038027dc       0x28 /Applications/VEXcode V5 Text.app/Contents/Resources/sdk/vexv5/libv5rt.a(v5_apijump.c.obj)
                0x00000000038027dc                vexSystemStdlibImpureDataAddr
 .text.vexSystemStdlibImpureDataSize
                0x0000000003802804       0x28 /Applications/VEXcode V5 Text.app/Contents/Resources/sdk/vexv5/libv5rt.a(v5_apijump.c.obj)
                0x0000000003802804                vexSystemStdlibImpureDataSize
 .text.vexSystemSaveUserData
                0x000000000380282c       0x3c /Applications/VEXcode V5 Text.app/Contents/Resources/sdk/vexv5/libv5rt.a(v5_apijump.c.obj)
                0x000000000380282c                vexSystemSaveUserData
 .text.vexDisplayThemeIdGet
                0x0000000003802868       0x38 /Applications/VEXcode V5 Text.app/Contents/Resources/sdk/vexv5/libv5rt.a(v5_apijump.c.obj)
                0x0000000003802868                vexDisplayThemeIdGet
 .text.vexDeviceEventMaskSet
                0x00000000038028a0       0x48 /Applications/VEXcode V5 Text.app/Contents/Resources/sdk/vexv5/libv5rt.a(v5_apijump.c.obj)
                0x00000000038028a0                vexDeviceEventMaskSet
 .text.vexDeviceEventMaskGet
                0x00000000038028e8       0x3c /Applications/VEXcode V5 Text.app/Contents/Resources/sdk/vexv5/libv5rt.a(v5_apijump.c.obj)
                0x00000000038028e8                vexDeviceEventMaskGet
 .text.vexSystemVersion
                0x0000000003802924       0x10 /Applications/VEXcode V5 Text.app/Contents/Resources/sdk/vexv5/libv5rt.a(v5_apiversions.c.obj)
                0x0000000003802924                vexSystemVersion
 .text.vexStdlibVersion
                0x0000000003802934       0x10 /Applications/VEXcode V5 Text.app/Contents/Resources/sdk/vexv5/libv5rt.a(v5_apiversions.c.obj)
                0x0000000003802934                vexStdlibVersion
 *fill*         0x0000000003802944        0x4 
 .text._ZN3vex4waitEdNS_9timeUnitsE
                0x0000000003802948       0x30 /Applications/VEXcode V5 Text.app/Contents/Resources/sdk/vexv5/libv5rt.a(vex_global.cpp.obj)
                0x0000000003802948                vex::wait(double, vex::timeUnits)
 .text._ZN3vex5motor9installedEv
                0x0000000003802978       0x18 /Applications/VEXcode V5 Text.app/Contents/Resources/sdk/vexv5/libv5rt.a(vex_motor.cpp.obj)
                0x0000000003802978                vex::motor::installed()
 .text._ZN3vex5motorD2Ev
                0x0000000003802990       0x20 /Applications/VEXcode V5 Text.app/Contents/Resources/sdk/vexv5/libv5rt.a(vex_motor.cpp.obj)
                0x0000000003802990                vex::motor::~motor()
                0x0000000003802990                vex::motor::~motor()
 .text._ZN3vex5motor15defaultStoppingENS_9brakeTypeE
                0x00000000038029b0       0x30 /Applications/VEXcode V5 Text.app/Contents/Resources/sdk/vexv5/libv5rt.a(vex_motor.cpp.obj)
                0x00000000038029b0                vex::motor::defaultStopping(vex::brakeType)
 .text._ZN3vex5motorC2El
                0x00000000038029e0       0x78 /Applications/VEXcode V5 Text.app/Contents/Resources/sdk/vexv5/libv5rt.a(vex_motor.cpp.obj)
                0x00000000038029e0                vex::motor::motor(long)
                0x00000000038029e0                vex::motor::motor(long)
 .text._ZN3vex5motorC2ElNS_11gearSettingEb
                0x0000000003802a58       0x34 /Applications/VEXcode V5 Text.app/Contents/Resources/sdk/vexv5/libv5rt.a(vex_motor.cpp.obj)
                0x0000000003802a58                vex::motor::motor(long, vex::gearSetting, bool)
                0x0000000003802a58                vex::motor::motor(long, vex::gearSetting, bool)
 .text._ZN3vex5motor4stopENS_9brakeTypeE
                0x0000000003802a8c       0x30 /Applications/VEXcode V5 Text.app/Contents/Resources/sdk/vexv5/libv5rt.a(vex_motor.cpp.obj)
                0x0000000003802a8c                vex::motor::stop(vex::brakeType)
 .text._ZN3vex5motor4stopEv
                0x0000000003802abc        0x8 /Applications/VEXcode V5 Text.app/Contents/Resources/sdk/vexv5/libv5rt.a(vex_motor.cpp.obj)
                0x0000000003802abc                vex::motor::stop()
 .text._ZN3vex5motor16velocityToScaledEdNS_13velocityUnitsE
                0x0000000003802ac4       0x5c /Applications/VEXcode V5 Text.app/Contents/Resources/sdk/vexv5/libv5rt.a(vex_motor.cpp.obj)
                0x0000000003802ac4                vex::motor::velocityToScaled(double, vex::velocityUnits)
 .text._ZN3vex5motor8velocityENS_13velocityUnitsE
                0x0000000003802b20       0x30 /Applications/VEXcode V5 Text.app/Contents/Resources/sdk/vexv5/libv5rt.a(vex_motor.cpp.obj)
                0x0000000003802b20                vex::motor::velocity(vex::velocityUnits)
 .text._ZN3vex5motor5valueEv
                0x0000000003802b50       0x1c /Applications/VEXcode V5 Text.app/Contents/Resources/sdk/vexv5/libv5rt.a(vex_motor.cpp.obj)
                0x0000000003802b50                vex::motor::value()
 .text._ZN3vex5motor16scaledToVelocityEdNS_13velocityUnitsE
                0x0000000003802b6c       0xa4 /Applications/VEXcode V5 Text.app/Contents/Resources/sdk/vexv5/libv5rt.a(vex_motor.cpp.obj)
                0x0000000003802b6c                vex::motor::scaledToVelocity(double, vex::velocityUnits)
 .text._ZN3vex5motor4spinENS_13directionTypeEdNS_13velocityUnitsE
                0x0000000003802c10       0x5c /Applications/VEXcode V5 Text.app/Contents/Resources/sdk/vexv5/libv5rt.a(vex_motor.cpp.obj)
                0x0000000003802c10                vex::motor::spin(vex::directionType, double, vex::velocityUnits)
 .text._ZN3vex5motor4spinENS_13directionTypeE
                0x0000000003802c6c       0x28 /Applications/VEXcode V5 Text.app/Contents/Resources/sdk/vexv5/libv5rt.a(vex_motor.cpp.obj)
                0x0000000003802c6c                vex::motor::spin(vex::directionType)
 .text._ZN3vex5motor11setVelocityEdNS_13velocityUnitsE
                0x0000000003802c94       0x54 /Applications/VEXcode V5 Text.app/Contents/Resources/sdk/vexv5/libv5rt.a(vex_motor.cpp.obj)
                0x0000000003802c94                vex::motor::setVelocity(double, vex::velocityUnits)
 .text._ZN3vex5motor16setRotationUnitsENS_13rotationUnitsE
                0x0000000003802ce8       0x1c /Applications/VEXcode V5 Text.app/Contents/Resources/sdk/vexv5/libv5rt.a(vex_motor.cpp.obj)
                0x0000000003802ce8                vex::motor::setRotationUnits(vex::rotationUnits)
 .text._ZN3vex5motor11setRotationEdNS_13rotationUnitsE
                0x0000000003802d04       0x44 /Applications/VEXcode V5 Text.app/Contents/Resources/sdk/vexv5/libv5rt.a(vex_motor.cpp.obj)
                0x0000000003802d04                vex::motor::setRotation(double, vex::rotationUnits)
 .text._ZN3vex5motor13resetRotationEv
                0x0000000003802d48       0x20 /Applications/VEXcode V5 Text.app/Contents/Resources/sdk/vexv5/libv5rt.a(vex_motor.cpp.obj)
                0x0000000003802d48                vex::motor::resetRotation()
 .text._ZN3vex5motor13resetPositionEv
                0x0000000003802d68       0x20 /Applications/VEXcode V5 Text.app/Contents/Resources/sdk/vexv5/libv5rt.a(vex_motor.cpp.obj)
                0x0000000003802d68                vex::motor::resetPosition()
 .text._ZN3vex5motor8rotationENS_13rotationUnitsE
                0x0000000003802d88       0x44 /Applications/VEXcode V5 Text.app/Contents/Resources/sdk/vexv5/libv5rt.a(vex_motor.cpp.obj)
                0x0000000003802d88                vex::motor::rotation(vex::rotationUnits)
 .text._ZN3vex5motor8positionENS_13rotationUnitsE
                0x0000000003802dcc        0x4 /Applications/VEXcode V5 Text.app/Contents/Resources/sdk/vexv5/libv5rt.a(vex_motor.cpp.obj)
                0x0000000003802dcc                vex::motor::position(vex::rotationUnits)
 .text._ZN3vex6vision9installedEv
                0x0000000003802dd0       0x18 /Applications/VEXcode V5 Text.app/Contents/Resources/sdk/vexv5/libv5rt.a(vex_vision.cpp.obj)
                0x0000000003802dd0                vex::vision::installed()
 .text._ZN3vex6visionD2Ev
                0x0000000003802de8       0x38 /Applications/VEXcode V5 Text.app/Contents/Resources/sdk/vexv5/libv5rt.a(vex_vision.cpp.obj)
                0x0000000003802de8                vex::vision::~vision()
                0x0000000003802de8                vex::vision::~vision()
 .text._ZN3vex6vision12setSignatureERNS0_9signatureE
                0x0000000003802e20       0x70 /Applications/VEXcode V5 Text.app/Contents/Resources/sdk/vexv5/libv5rt.a(vex_vision.cpp.obj)
                0x0000000003802e20                vex::vision::setSignature(vex::vision::signature&)
 .text._ZN3vex6vision7setModeENS0_13detectionModeE
                0x0000000003802e90       0x18 /Applications/VEXcode V5 Text.app/Contents/Resources/sdk/vexv5/libv5rt.a(vex_vision.cpp.obj)
                0x0000000003802e90                vex::vision::setMode(vex::vision::detectionMode)
 .text._ZN3vex6vision13setBrightnessEh
                0x0000000003802ea8       0x30 /Applications/VEXcode V5 Text.app/Contents/Resources/sdk/vexv5/libv5rt.a(vex_vision.cpp.obj)
                0x0000000003802ea8                vex::vision::setBrightness(unsigned char)
 .text._ZN3vex6vision10setLedModeENS0_7ledModeE
                0x0000000003802ed8       0x18 /Applications/VEXcode V5 Text.app/Contents/Resources/sdk/vexv5/libv5rt.a(vex_vision.cpp.obj)
                0x0000000003802ed8                vex::vision::setLedMode(vex::vision::ledMode)
 .text._ZN3vex6vision11setLedColorEhhh
                0x0000000003802ef0       0x30 /Applications/VEXcode V5 Text.app/Contents/Resources/sdk/vexv5/libv5rt.a(vex_vision.cpp.obj)
                0x0000000003802ef0                vex::vision::setLedColor(unsigned char, unsigned char, unsigned char)
 .text._ZN3vex6vision9signatureD2Ev
                0x0000000003802f20        0x4 /Applications/VEXcode V5 Text.app/Contents/Resources/sdk/vexv5/libv5rt.a(vex_vision.cpp.obj)
                0x0000000003802f20                vex::vision::signature::~signature()
                0x0000000003802f20                vex::vision::signature::~signature()
 .text._ZN3vex6vision9signature5clearEv
                0x0000000003802f24       0x38 /Applications/VEXcode V5 Text.app/Contents/Resources/sdk/vexv5/libv5rt.a(vex_vision.cpp.obj)
                0x0000000003802f24                vex::vision::signature::clear()
 .text._ZN3vex6vision9signatureC2Ev
                0x0000000003802f5c       0x60 /Applications/VEXcode V5 Text.app/Contents/Resources/sdk/vexv5/libv5rt.a(vex_vision.cpp.obj)
                0x0000000003802f5c                vex::vision::signature::signature()
                0x0000000003802f5c                vex::vision::signature::signature()
 .text._ZN3vex6vision9signatureC2Elllllllfl
                0x0000000003802fbc       0x5c /Applications/VEXcode V5 Text.app/Contents/Resources/sdk/vexv5/libv5rt.a(vex_vision.cpp.obj)
                0x0000000003802fbc                vex::vision::signature::signature(long, long, long, long, long, long, long, float, long)
                0x0000000003802fbc                vex::vision::signature::signature(long, long, long, long, long, long, long, float, long)
 .text._ZN3vex6vision6object3setE22_V5_DeviceVisionObject
                0x0000000003803018       0x78 /Applications/VEXcode V5 Text.app/Contents/Resources/sdk/vexv5/libv5rt.a(vex_vision.cpp.obj)
                0x0000000003803018                vex::vision::object::set(_V5_DeviceVisionObject)
 .text._ZN3vex6vision6object5clearEv
                0x0000000003803090       0x38 /Applications/VEXcode V5 Text.app/Contents/Resources/sdk/vexv5/libv5rt.a(vex_vision.cpp.obj)
                0x0000000003803090                vex::vision::object::clear()
 .text._ZN3vex6vision6objectC2Ev
                0x00000000038030c8       0x58 /Applications/VEXcode V5 Text.app/Contents/Resources/sdk/vexv5/libv5rt.a(vex_vision.cpp.obj)
                0x00000000038030c8                vex::vision::object::object()
                0x00000000038030c8                vex::vision::object::object()
 .text._ZN3vex6vision13_clearObjectsEv
                0x0000000003803120       0x40 /Applications/VEXcode V5 Text.app/Contents/Resources/sdk/vexv5/libv5rt.a(vex_vision.cpp.obj)
                0x0000000003803120                vex::vision::_clearObjects()
 .text._ZN3vex6vision6objectaSERKS1_
                0x0000000003803160       0x74 /Applications/VEXcode V5 Text.app/Contents/Resources/sdk/vexv5/libv5rt.a(vex_vision.cpp.obj)
                0x0000000003803160                vex::vision::object::operator=(vex::vision::object const&)
 .text._ZN3vex6vision12takeSnapshotEmm
                0x00000000038031d4       0xf4 /Applications/VEXcode V5 Text.app/Contents/Resources/sdk/vexv5/libv5rt.a(vex_vision.cpp.obj)
                0x00000000038031d4                vex::vision::takeSnapshot(unsigned long, unsigned long)
 .text._ZN3vex6vision12takeSnapshotEm
                0x00000000038032c8        0x8 /Applications/VEXcode V5 Text.app/Contents/Resources/sdk/vexv5/libv5rt.a(vex_vision.cpp.obj)
                0x00000000038032c8                vex::vision::takeSnapshot(unsigned long)
 .text._ZN3vex6vision5valueEv
                0x00000000038032d0        0x8 /Applications/VEXcode V5 Text.app/Contents/Resources/sdk/vexv5/libv5rt.a(vex_vision.cpp.obj)
                0x00000000038032d0                vex::vision::value()
 .text._ZN3vex6vision12takeSnapshotERNS0_9signatureE
                0x00000000038032d8       0x10 /Applications/VEXcode V5 Text.app/Contents/Resources/sdk/vexv5/libv5rt.a(vex_vision.cpp.obj)
                0x00000000038032d8                vex::vision::takeSnapshot(vex::vision::signature&)
 .text._ZN3vex6vision6objectaSEl
                0x00000000038032e8       0x38 /Applications/VEXcode V5 Text.app/Contents/Resources/sdk/vexv5/libv5rt.a(vex_vision.cpp.obj)
                0x00000000038032e8                vex::vision::object::operator=(long)
 .text._ZN3vex6visionC2El
                0x0000000003803320       0xa4 /Applications/VEXcode V5 Text.app/Contents/Resources/sdk/vexv5/libv5rt.a(vex_vision.cpp.obj)
                0x0000000003803320                vex::vision::vision(long)
                0x0000000003803320                vex::vision::vision(long)
 *fill*         0x00000000038033c4        0x4 
 .text._ZN3vex8inertial10setHeadingEdNS_13rotationUnitsE
                0x00000000038033c8       0x60 /Applications/VEXcode V5 Text.app/Contents/Resources/sdk/vexv5/libv5rt.a(vex_imu.cpp.obj)
                0x00000000038033c8                vex::inertial::setHeading(double, vex::rotationUnits)
 .text._ZThn16_N3vex8inertial10setHeadingEdNS_13rotationUnitsE
                0x0000000003803428        0x8 /Applications/VEXcode V5 Text.app/Contents/Resources/sdk/vexv5/libv5rt.a(vex_imu.cpp.obj)
                0x0000000003803428                non-virtual thunk to vex::inertial::setHeading(double, vex::rotationUnits)
 .text._ZN3vex8inertial11setRotationEdNS_13rotationUnitsE
                0x0000000003803430       0x60 /Applications/VEXcode V5 Text.app/Contents/Resources/sdk/vexv5/libv5rt.a(vex_imu.cpp.obj)
                0x0000000003803430                vex::inertial::setRotation(double, vex::rotationUnits)
 .text._ZThn16_N3vex8inertial11setRotationEdNS_13rotationUnitsE
                0x0000000003803490        0x8 /Applications/VEXcode V5 Text.app/Contents/Resources/sdk/vexv5/libv5rt.a(vex_imu.cpp.obj)
                0x0000000003803490                non-virtual thunk to vex::inertial::setRotation(double, vex::rotationUnits)
 .text._ZN3vex8inertial9installedEv
                0x0000000003803498       0x18 /Applications/VEXcode V5 Text.app/Contents/Resources/sdk/vexv5/libv5rt.a(vex_imu.cpp.obj)
                0x0000000003803498                vex::inertial::installed()
 .text._ZN3vex8inertial5angleENS_13rotationUnitsE
                0x00000000038034b0       0x60 /Applications/VEXcode V5 Text.app/Contents/Resources/sdk/vexv5/libv5rt.a(vex_imu.cpp.obj)
                0x00000000038034b0                vex::inertial::angle(vex::rotationUnits)
 .text._ZThn16_N3vex8inertial5angleENS_13rotationUnitsE
                0x0000000003803510        0x8 /Applications/VEXcode V5 Text.app/Contents/Resources/sdk/vexv5/libv5rt.a(vex_imu.cpp.obj)
                0x0000000003803510                non-virtual thunk to vex::inertial::angle(vex::rotationUnits)
 .text._ZN3vex8inertial7headingENS_13rotationUnitsE
                0x0000000003803518        0x4 /Applications/VEXcode V5 Text.app/Contents/Resources/sdk/vexv5/libv5rt.a(vex_imu.cpp.obj)
                0x0000000003803518                vex::inertial::heading(vex::rotationUnits)
 .text._ZThn16_N3vex8inertial7headingENS_13rotationUnitsE
                0x000000000380351c        0x8 /Applications/VEXcode V5 Text.app/Contents/Resources/sdk/vexv5/libv5rt.a(vex_imu.cpp.obj)
                0x000000000380351c                non-virtual thunk to vex::inertial::heading(vex::rotationUnits)
 .text._ZN3vex8inertial5valueEv
                0x0000000003803524       0x1c /Applications/VEXcode V5 Text.app/Contents/Resources/sdk/vexv5/libv5rt.a(vex_imu.cpp.obj)
                0x0000000003803524                vex::inertial::value()
 .text._ZN3vex8inertial8rotationENS_13rotationUnitsE
                0x0000000003803540       0x40 /Applications/VEXcode V5 Text.app/Contents/Resources/sdk/vexv5/libv5rt.a(vex_imu.cpp.obj)
                0x0000000003803540                vex::inertial::rotation(vex::rotationUnits)
 .text._ZThn16_N3vex8inertial8rotationENS_13rotationUnitsE
                0x0000000003803580        0x8 /Applications/VEXcode V5 Text.app/Contents/Resources/sdk/vexv5/libv5rt.a(vex_imu.cpp.obj)
                0x0000000003803580                non-virtual thunk to vex::inertial::rotation(vex::rotationUnits)
 .text._ZN3vex8inertial13isCalibratingEv
                0x0000000003803588       0x38 /Applications/VEXcode V5 Text.app/Contents/Resources/sdk/vexv5/libv5rt.a(vex_imu.cpp.obj)
                0x0000000003803588                vex::inertial::isCalibrating()
 .text._ZThn16_N3vex8inertial13isCalibratingEv
                0x00000000038035c0        0x8 /Applications/VEXcode V5 Text.app/Contents/Resources/sdk/vexv5/libv5rt.a(vex_imu.cpp.obj)
                0x00000000038035c0                non-virtual thunk to vex::inertial::isCalibrating()
 .text._ZN3vex8inertialC2El
                0x00000000038035c8       0x48 /Applications/VEXcode V5 Text.app/Contents/Resources/sdk/vexv5/libv5rt.a(vex_imu.cpp.obj)
                0x00000000038035c8                vex::inertial::inertial(long)
                0x00000000038035c8                vex::inertial::inertial(long)
 .text._ZN3vex8inertialD2Ev
                0x0000000003803610       0x20 /Applications/VEXcode V5 Text.app/Contents/Resources/sdk/vexv5/libv5rt.a(vex_imu.cpp.obj)
                0x0000000003803610                vex::inertial::~inertial()
                0x0000000003803610                vex::inertial::~inertial()
 .text._ZN3vex8inertial16startCalibrationEl
                0x0000000003803630       0x20 /Applications/VEXcode V5 Text.app/Contents/Resources/sdk/vexv5/libv5rt.a(vex_imu.cpp.obj)
                0x0000000003803630                vex::inertial::startCalibration(long)
 .text._ZN3vex8inertial9calibrateEl
                0x0000000003803650        0xc /Applications/VEXcode V5 Text.app/Contents/Resources/sdk/vexv5/libv5rt.a(vex_imu.cpp.obj)
                0x0000000003803650                vex::inertial::calibrate(long)
                0x0000000003803654                non-virtual thunk to vex::inertial::calibrate(long)
 .text._ZN3vex10controllerD2Ev
                0x000000000380365c        0x4 /Applications/VEXcode V5 Text.app/Contents/Resources/sdk/vexv5/libv5rt.a(vex_controller.cpp.obj)
                0x000000000380365c                vex::controller::~controller()
                0x000000000380365c                vex::controller::~controller()
 .text._ZN3vex10controller5valueE19_V5_ControllerIndex
                0x0000000003803660        0x8 /Applications/VEXcode V5 Text.app/Contents/Resources/sdk/vexv5/libv5rt.a(vex_controller.cpp.obj)
                0x0000000003803660                vex::controller::value(_V5_ControllerIndex)
 .text._ZN3vex10controller6button8pressingEv
                0x0000000003803668       0xc8 /Applications/VEXcode V5 Text.app/Contents/Resources/sdk/vexv5/libv5rt.a(vex_controller.cpp.obj)
                0x0000000003803668                vex::controller::button::pressing()
 .text._ZN3vex10controller6button21_buttonToPressedEventEv
                0x0000000003803730       0x20 /Applications/VEXcode V5 Text.app/Contents/Resources/sdk/vexv5/libv5rt.a(vex_controller.cpp.obj)
                0x0000000003803730                vex::controller::button::_buttonToPressedEvent()
 .text._ZN3vex10controller6button22_buttonToReleasedEventEv
                0x0000000003803750       0x20 /Applications/VEXcode V5 Text.app/Contents/Resources/sdk/vexv5/libv5rt.a(vex_controller.cpp.obj)
                0x0000000003803750                vex::controller::button::_buttonToReleasedEvent()
 .text._ZN3vex10controller6buttonC2ENS0_11tButtonTypeEPS0_
                0x0000000003803770       0x48 /Applications/VEXcode V5 Text.app/Contents/Resources/sdk/vexv5/libv5rt.a(vex_controller.cpp.obj)
                0x0000000003803770                vex::controller::button::button(vex::controller::tButtonType, vex::controller*)
                0x0000000003803770                vex::controller::button::button(vex::controller::tButtonType, vex::controller*)
 .text._ZN3vex10controller4axis5valueEv
                0x00000000038037b8       0x58 /Applications/VEXcode V5 Text.app/Contents/Resources/sdk/vexv5/libv5rt.a(vex_controller.cpp.obj)
                0x00000000038037b8                vex::controller::axis::value()
 .text._ZN3vex10controller4axis8positionENS_12percentUnitsE
                0x0000000003803810       0x1c /Applications/VEXcode V5 Text.app/Contents/Resources/sdk/vexv5/libv5rt.a(vex_controller.cpp.obj)
                0x0000000003803810                vex::controller::axis::position(vex::percentUnits)
 .text._ZN3vex10controller4axis23_joystickToChangedEventEv
                0x000000000380382c       0x20 /Applications/VEXcode V5 Text.app/Contents/Resources/sdk/vexv5/libv5rt.a(vex_controller.cpp.obj)
                0x000000000380382c                vex::controller::axis::_joystickToChangedEvent()
 .text._ZN3vex10controller4axisC2ENS0_9tAxisTypeEPS0_
                0x000000000380384c       0x2c /Applications/VEXcode V5 Text.app/Contents/Resources/sdk/vexv5/libv5rt.a(vex_controller.cpp.obj)
                0x000000000380384c                vex::controller::axis::axis(vex::controller::tAxisType, vex::controller*)
                0x000000000380384c                vex::controller::axis::axis(vex::controller::tAxisType, vex::controller*)
 .text._ZN3vex10controllerC2ENS_14controllerTypeE
                0x0000000003803878      0x204 /Applications/VEXcode V5 Text.app/Contents/Resources/sdk/vexv5/libv5rt.a(vex_controller.cpp.obj)
                0x0000000003803878                vex::controller::controller(vex::controllerType)
                0x0000000003803878                vex::controller::controller(vex::controllerType)
 .text._ZN3vex11this_thread9sleep_forEm
                0x0000000003803a7c        0x4 /Applications/VEXcode V5 Text.app/Contents/Resources/sdk/vexv5/libv5rt.a(vex_thread.cpp.obj)
                0x0000000003803a7c                vex::this_thread::sleep_for(unsigned long)
 .text._ZN3vex5event4initEmmPFvvE
                0x0000000003803a80        0x4 /Applications/VEXcode V5 Text.app/Contents/Resources/sdk/vexv5/libv5rt.a(vex_event.cpp.obj)
                0x0000000003803a80                vex::event::init(unsigned long, unsigned long, void (*)())
 .text._ZN3vex5event4initEmmPFvPvES1_
                0x0000000003803a84        0x4 /Applications/VEXcode V5 Text.app/Contents/Resources/sdk/vexv5/libv5rt.a(vex_event.cpp.obj)
                0x0000000003803a84                vex::event::init(unsigned long, unsigned long, void (*)(void*), void*)
 .text._ZN3vex5event9userindexEv
                0x0000000003803a88        0x4 /Applications/VEXcode V5 Text.app/Contents/Resources/sdk/vexv5/libv5rt.a(vex_event.cpp.obj)
                0x0000000003803a88                vex::event::userindex()
 .text._ZZN3vex6meventC4EmmENUlvE_4_FUNEv
                0x0000000003803a8c        0x4 /Applications/VEXcode V5 Text.app/Contents/Resources/sdk/vexv5/libv5rt.a(vex_mevent.cpp.obj)
 .text._ZN3vex6meventC2Emm
                0x0000000003803a90       0x70 /Applications/VEXcode V5 Text.app/Contents/Resources/sdk/vexv5/libv5rt.a(vex_mevent.cpp.obj)
                0x0000000003803a90                vex::mevent::mevent(unsigned long, unsigned long)
                0x0000000003803a90                vex::mevent::mevent(unsigned long, unsigned long)
 .text._ZN3vex5brainD2Ev
                0x0000000003803b00       0x20 /Applications/VEXcode V5 Text.app/Contents/Resources/sdk/vexv5/libv5rt.a(vex_brain.cpp.obj)
                0x0000000003803b00                vex::brain::~brain()
                0x0000000003803b00                vex::brain::~brain()
 .text._ZN3vex5brain9_getIndexEv
                0x0000000003803b20       0x10 /Applications/VEXcode V5 Text.app/Contents/Resources/sdk/vexv5/libv5rt.a(vex_brain.cpp.obj)
                0x0000000003803b20                vex::brain::_getIndex()
 .text._ZN3vex5brain3lcd9setCursorEll
                0x0000000003803b30       0x44 /Applications/VEXcode V5 Text.app/Contents/Resources/sdk/vexv5/libv5rt.a(vex_brain.cpp.obj)
                0x0000000003803b30                vex::brain::lcd::setCursor(long, long)
 .text._ZN3vex5brain3lcd7setFontENS_8fontTypeE
                0x0000000003803b74      0x23c /Applications/VEXcode V5 Text.app/Contents/Resources/sdk/vexv5/libv5rt.a(vex_brain.cpp.obj)
                0x0000000003803b74                vex::brain::lcd::setFont(vex::fontType)
 .text._ZN3vex5brain3lcdC2Ev
                0x0000000003803db0       0x94 /Applications/VEXcode V5 Text.app/Contents/Resources/sdk/vexv5/libv5rt.a(vex_brain.cpp.obj)
                0x0000000003803db0                vex::brain::lcd::lcd()
                0x0000000003803db0                vex::brain::lcd::lcd()
 .text._ZN3vex5brainC2Ev
                0x0000000003803e44       0x38 /Applications/VEXcode V5 Text.app/Contents/Resources/sdk/vexv5/libv5rt.a(vex_brain.cpp.obj)
                0x0000000003803e44                vex::brain::brain()
                0x0000000003803e44                vex::brain::brain()
 .text._ZN3vex5brain3lcd7printAtEllPKcz
                0x0000000003803e7c       0x6c /Applications/VEXcode V5 Text.app/Contents/Resources/sdk/vexv5/libv5rt.a(vex_brain.cpp.obj)
                0x0000000003803e7c                vex::brain::lcd::printAt(long, long, char const*, ...)
 .text._ZN3vex11competition8_disableEPv
                0x0000000003803ee8       0x9c /Applications/VEXcode V5 Text.app/Contents/Resources/sdk/vexv5/libv5rt.a(vex_competition.cpp.obj)
                0x0000000003803ee8                vex::competition::_disable(void*)
 .text._ZN3vex11competition11_autonomousEv
                0x0000000003803f84       0x7c /Applications/VEXcode V5 Text.app/Contents/Resources/sdk/vexv5/libv5rt.a(vex_competition.cpp.obj)
                0x0000000003803f84                vex::competition::_autonomous()
 .text._ZN3vex11competition14_drivercontrolEv
                0x0000000003804000       0x7c /Applications/VEXcode V5 Text.app/Contents/Resources/sdk/vexv5/libv5rt.a(vex_competition.cpp.obj)
                0x0000000003804000                vex::competition::_drivercontrol()
 .text._ZN3vex11competitionC2Ev
                0x000000000380407c      0x13c /Applications/VEXcode V5 Text.app/Contents/Resources/sdk/vexv5/libv5rt.a(vex_competition.cpp.obj)
                0x000000000380407c                vex::competition::competition()
                0x000000000380407c                vex::competition::competition()
 .text._ZN3vex11competitionD2Ev
                0x00000000038041b8        0x4 /Applications/VEXcode V5 Text.app/Contents/Resources/sdk/vexv5/libv5rt.a(vex_competition.cpp.obj)
                0x00000000038041b8                vex::competition::~competition()
                0x00000000038041b8                vex::competition::~competition()
 .text._ZN3vex11competition10autonomousEPFvvE
                0x00000000038041bc       0x44 /Applications/VEXcode V5 Text.app/Contents/Resources/sdk/vexv5/libv5rt.a(vex_competition.cpp.obj)
                0x00000000038041bc                vex::competition::autonomous(void (*)())
 .text._ZN3vex11competition13drivercontrolEPFvvE
                0x0000000003804200       0x44 /Applications/VEXcode V5 Text.app/Contents/Resources/sdk/vexv5/libv5rt.a(vex_competition.cpp.obj)
                0x0000000003804200                vex::competition::drivercontrol(void (*)())
 .text._ZN3vex7triport9installedEv
                0x0000000003804244       0x18 /Applications/VEXcode V5 Text.app/Contents/Resources/sdk/vexv5/libv5rt.a(vex_triport.cpp.obj)
                0x0000000003804244                vex::triport::installed()
 .text._ZN3vex7triportD2Ev
                0x000000000380425c       0x38 /Applications/VEXcode V5 Text.app/Contents/Resources/sdk/vexv5/libv5rt.a(vex_triport.cpp.obj)
                0x000000000380425c                vex::triport::~triport()
                0x000000000380425c                vex::triport::~triport()
 .text._ZN3vex7triport4portC2ElPS0_
                0x0000000003804294       0x74 /Applications/VEXcode V5 Text.app/Contents/Resources/sdk/vexv5/libv5rt.a(vex_triport.cpp.obj)
                0x0000000003804294                vex::triport::port::port(long, vex::triport*)
                0x0000000003804294                vex::triport::port::port(long, vex::triport*)
 .text._ZN3vex7triportC2El
                0x0000000003804308       0xf0 /Applications/VEXcode V5 Text.app/Contents/Resources/sdk/vexv5/libv5rt.a(vex_triport.cpp.obj)
                0x0000000003804308                vex::triport::triport(long)
                0x0000000003804308                vex::triport::triport(long)
 .text.startup._GLOBAL__sub_I__ZN3vex7triportC2El
                0x00000000038043f8       0x30 /Applications/VEXcode V5 Text.app/Contents/Resources/sdk/vexv5/libv5rt.a(vex_triport.cpp.obj)
 .text._ZN3vex5colorD2Ev
                0x0000000003804428        0x4 /Applications/VEXcode V5 Text.app/Contents/Resources/sdk/vexv5/libv5rt.a(vex_color.cpp.obj)
                0x0000000003804428                vex::color::~color()
                0x0000000003804428                vex::color::~color()
 .text.startup._GLOBAL__sub_I__ZN3vex5color5blackE
                0x000000000380442c      0x164 /Applications/VEXcode V5 Text.app/Contents/Resources/sdk/vexv5/libv5rt.a(vex_color.cpp.obj)
 .text._ZN3vex5timerD2Ev
                0x0000000003804590        0x4 /Applications/VEXcode V5 Text.app/Contents/Resources/sdk/vexv5/libv5rt.a(vex_timer.cpp.obj)
                0x0000000003804590                vex::timer::~timer()
                0x0000000003804590                vex::timer::~timer()
 .text._ZN3vex5timer5clearEv
                0x0000000003804594       0x1c /Applications/VEXcode V5 Text.app/Contents/Resources/sdk/vexv5/libv5rt.a(vex_timer.cpp.obj)
                0x0000000003804594                vex::timer::clear()
 .text._ZN3vex5timerC2Ev
                0x00000000038045b0       0x14 /Applications/VEXcode V5 Text.app/Contents/Resources/sdk/vexv5/libv5rt.a(vex_timer.cpp.obj)
                0x00000000038045b0                vex::timer::timer()
                0x00000000038045b0                vex::timer::timer()
 *fill*         0x00000000038045c4        0x4 
 .text._ZNK3vex5timer4timeENS_9timeUnitsE
                0x00000000038045c8       0x40 /Applications/VEXcode V5 Text.app/Contents/Resources/sdk/vexv5/libv5rt.a(vex_timer.cpp.obj)
                0x00000000038045c8                vex::timer::time(vex::timeUnits) const
 .text.vexMotorVelocitySet
                0x0000000003804608       0x20 /Applications/VEXcode V5 Text.app/Contents/Resources/sdk/vexv5/libv5rt.a(v5_apiuser.c.obj)
                0x0000000003804608                vexMotorVelocitySet
 .text.vexMotorActualVelocityGet
                0x0000000003804628       0x24 /Applications/VEXcode V5 Text.app/Contents/Resources/sdk/vexv5/libv5rt.a(v5_apiuser.c.obj)
                0x0000000003804628                vexMotorActualVelocityGet
 .text.vexMotorReverseFlagSet
                0x000000000380464c       0x20 /Applications/VEXcode V5 Text.app/Contents/Resources/sdk/vexv5/libv5rt.a(v5_apiuser.c.obj)
                0x000000000380464c                vexMotorReverseFlagSet
 .text.vexMotorEncoderUnitsSet
                0x000000000380466c       0x20 /Applications/VEXcode V5 Text.app/Contents/Resources/sdk/vexv5/libv5rt.a(v5_apiuser.c.obj)
                0x000000000380466c                vexMotorEncoderUnitsSet
 .text.vexMotorBrakeModeSet
                0x000000000380468c       0x20 /Applications/VEXcode V5 Text.app/Contents/Resources/sdk/vexv5/libv5rt.a(v5_apiuser.c.obj)
                0x000000000380468c                vexMotorBrakeModeSet
 .text.vexMotorPositionSet
                0x00000000038046ac       0x28 /Applications/VEXcode V5 Text.app/Contents/Resources/sdk/vexv5/libv5rt.a(v5_apiuser.c.obj)
                0x00000000038046ac                vexMotorPositionSet
 .text.vexMotorPositionGet
                0x00000000038046d4       0x24 /Applications/VEXcode V5 Text.app/Contents/Resources/sdk/vexv5/libv5rt.a(v5_apiuser.c.obj)
                0x00000000038046d4                vexMotorPositionGet
 .text.vexMotorGearingSet
                0x00000000038046f8       0x20 /Applications/VEXcode V5 Text.app/Contents/Resources/sdk/vexv5/libv5rt.a(v5_apiuser.c.obj)
                0x00000000038046f8                vexMotorGearingSet
 .text.vexMotorGearingGet
                0x0000000003804718       0x18 /Applications/VEXcode V5 Text.app/Contents/Resources/sdk/vexv5/libv5rt.a(v5_apiuser.c.obj)
                0x0000000003804718                vexMotorGearingGet
 .text.vexVisionModeSet
                0x0000000003804730       0x20 /Applications/VEXcode V5 Text.app/Contents/Resources/sdk/vexv5/libv5rt.a(v5_apiuser.c.obj)
                0x0000000003804730                vexVisionModeSet
 .text.vexVisionObjectCountGet
                0x0000000003804750       0x18 /Applications/VEXcode V5 Text.app/Contents/Resources/sdk/vexv5/libv5rt.a(v5_apiuser.c.obj)
                0x0000000003804750                vexVisionObjectCountGet
 .text.vexVisionObjectGet
                0x0000000003804768       0x28 /Applications/VEXcode V5 Text.app/Contents/Resources/sdk/vexv5/libv5rt.a(v5_apiuser.c.obj)
                0x0000000003804768                vexVisionObjectGet
 .text.vexVisionSignatureSet
                0x0000000003804790       0x20 /Applications/VEXcode V5 Text.app/Contents/Resources/sdk/vexv5/libv5rt.a(v5_apiuser.c.obj)
                0x0000000003804790                vexVisionSignatureSet
 .text.vexVisionBrightnessSet
                0x00000000038047b0       0x20 /Applications/VEXcode V5 Text.app/Contents/Resources/sdk/vexv5/libv5rt.a(v5_apiuser.c.obj)
                0x00000000038047b0                vexVisionBrightnessSet
 .text.vexVisionLedModeSet
                0x00000000038047d0       0x20 /Applications/VEXcode V5 Text.app/Contents/Resources/sdk/vexv5/libv5rt.a(v5_apiuser.c.obj)
                0x00000000038047d0                vexVisionLedModeSet
 .text.vexVisionLedColorSet
                0x00000000038047f0       0x2c /Applications/VEXcode V5 Text.app/Contents/Resources/sdk/vexv5/libv5rt.a(v5_apiuser.c.obj)
                0x00000000038047f0                vexVisionLedColorSet
 .text.vexImuReset
                0x000000000380481c       0x10 /Applications/VEXcode V5 Text.app/Contents/Resources/sdk/vexv5/libv5rt.a(v5_apiuser.c.obj)
                0x000000000380481c                vexImuReset
 .text.vexImuHeadingGet
                0x000000000380482c       0x10 /Applications/VEXcode V5 Text.app/Contents/Resources/sdk/vexv5/libv5rt.a(v5_apiuser.c.obj)
                0x000000000380482c                vexImuHeadingGet
 .text.vexImuDegreesGet
                0x000000000380483c       0x10 /Applications/VEXcode V5 Text.app/Contents/Resources/sdk/vexv5/libv5rt.a(v5_apiuser.c.obj)
                0x000000000380483c                vexImuDegreesGet
 .text.vexImuStatusGet
                0x000000000380484c       0x10 /Applications/VEXcode V5 Text.app/Contents/Resources/sdk/vexv5/libv5rt.a(v5_apiuser.c.obj)
                0x000000000380484c                vexImuStatusGet
 .text.vexEventMaskSet
                0x000000000380485c       0x28 /Applications/VEXcode V5 Text.app/Contents/Resources/sdk/vexv5/libv5rt.a(v5_apiuser.c.obj)
                0x000000000380485c                vexEventMaskSet
 .text.vexEventMaskGet
                0x0000000003804884       0x18 /Applications/VEXcode V5 Text.app/Contents/Resources/sdk/vexv5/libv5rt.a(v5_apiuser.c.obj)
                0x0000000003804884                vexEventMaskGet
 .text._ZN3vex6device5valueEv
                0x000000000380489c        0x8 /Applications/VEXcode V5 Text.app/Contents/Resources/sdk/vexv5/libv5rt.a(vex_device.cpp.obj)
                0x000000000380489c                vex::device::value()
 .text._ZN3vex6deviceD2Ev
                0x00000000038048a4        0x4 /Applications/VEXcode V5 Text.app/Contents/Resources/sdk/vexv5/libv5rt.a(vex_device.cpp.obj)
                0x00000000038048a4                vex::device::~device()
                0x00000000038048a4                vex::device::~device()
 .text._ZN3vex6device4initEl
                0x00000000038048a8       0x30 /Applications/VEXcode V5 Text.app/Contents/Resources/sdk/vexv5/libv5rt.a(vex_device.cpp.obj)
                0x00000000038048a8                vex::device::init(long)
 .text._ZN3vex6deviceC2El
                0x00000000038048d8       0x20 /Applications/VEXcode V5 Text.app/Contents/Resources/sdk/vexv5/libv5rt.a(vex_device.cpp.obj)
                0x00000000038048d8                vex::device::device(long)
                0x00000000038048d8                vex::device::device(long)
 .text._ZN3vex6device4typeEv
                0x00000000038048f8       0x10 /Applications/VEXcode V5 Text.app/Contents/Resources/sdk/vexv5/libv5rt.a(vex_device.cpp.obj)
                0x00000000038048f8                vex::device::type()
 .text._ZN3vex6device9installedEv
                0x0000000003804908       0x14 /Applications/VEXcode V5 Text.app/Contents/Resources/sdk/vexv5/libv5rt.a(vex_device.cpp.obj)
                0x0000000003804908                vex::device::installed()
 .text._ZN3vex4taskC2EPFivE
                0x000000000380491c       0x54 /Applications/VEXcode V5 Text.app/Contents/Resources/sdk/vexv5/libv5rt.a(vex_task.cpp.obj)
                0x000000000380491c                vex::task::task(int (*)())
                0x000000000380491c                vex::task::task(int (*)())
 .text._ZN3vex4taskD2Ev
                0x0000000003804970        0x4 /Applications/VEXcode V5 Text.app/Contents/Resources/sdk/vexv5/libv5rt.a(vex_task.cpp.obj)
                0x0000000003804970                vex::task::~task()
                0x0000000003804970                vex::task::~task()
 .text._ZN3vex4task4stopEPFivE
                0x0000000003804974        0xc /Applications/VEXcode V5 Text.app/Contents/Resources/sdk/vexv5/libv5rt.a(vex_task.cpp.obj)
                0x0000000003804974                vex::task::stop(int (*)())
 .text._ZN3vex4task6_indexEPFivE
                0x0000000003804980       0x14 /Applications/VEXcode V5 Text.app/Contents/Resources/sdk/vexv5/libv5rt.a(vex_task.cpp.obj)
                0x0000000003804980                vex::task::_index(int (*)())
 .text._ZN3vex4task8_stopAllEv
                0x0000000003804994       0x3c /Applications/VEXcode V5 Text.app/Contents/Resources/sdk/vexv5/libv5rt.a(vex_task.cpp.obj)
                0x0000000003804994                vex::task::_stopAll()
 .text.__libc_fini_array
                0x00000000038049d0       0x30 /Applications/VEXcode V5 Text.app/Contents/Resources/sdk/vexv5/gcc/libs/libc.a(lib_a-fini.o)
                0x00000000038049d0                __libc_fini_array
 .text.__libc_init_array
                0x0000000003804a00       0x58 /Applications/VEXcode V5 Text.app/Contents/Resources/sdk/vexv5/gcc/libs/libc.a(lib_a-init.o)
                0x0000000003804a00                __libc_init_array
 .text.__libc_init_array.__stub
                0x0000000003804a58       0x18 linker stubs
 *(.gnu.linkonce.t.*)
 *(.plt)
 *(.gnu_warning)
 *(.gcc_except_table)
 *(.glue_7)
 .glue_7        0x0000000003804a70        0x0 linker stubs
 *(.glue_7t)
 .glue_7t       0x0000000003804a70        0x0 linker stubs
 *(.vfp11_veneer)
 .vfp11_veneer  0x0000000003804a70        0x0 linker stubs
 *(.ARM.extab)
 *(.gnu.linkonce.armextab.*)

.v4_bx          0x0000000003804a70        0x0
 .v4_bx         0x0000000003804a70        0x0 linker stubs

.iplt           0x0000000003804a70        0x0
 .iplt          0x0000000003804a70        0x0 build/src/main.o

.init
 *(.init)

.fini
 *(.fini)

.rodata         0x0000000003804a70      0x180
                0x0000000003804a70                __rodata_start = .
 *(.rodata)
 *(.rodata.*)
 .rodata.str1.1
                0x0000000003804a70        0x3 build/src/main.o
 .rodata.str1.1
                0x0000000003804a73       0x2e /Applications/VEXcode V5 Text.app/Contents/Resources/sdk/vexv5/libv5rt.a(v5_startup.c.obj)
 *fill*         0x0000000003804aa1        0x3 
 .rodata._ZN3vex3fwdE
                0x0000000003804aa4        0x4 /Applications/VEXcode V5 Text.app/Contents/Resources/sdk/vexv5/libv5rt.a(vex_global.cpp.obj)
                0x0000000003804aa4                vex::fwd
 .rodata._ZN3vex5PORT3E
                0x0000000003804aa8        0x4 /Applications/VEXcode V5 Text.app/Contents/Resources/sdk/vexv5/libv5rt.a(vex_global.cpp.obj)
                0x0000000003804aa8                vex::PORT3
 .rodata._ZN3vex5PORT1E
                0x0000000003804aac        0x4 /Applications/VEXcode V5 Text.app/Contents/Resources/sdk/vexv5/libv5rt.a(vex_global.cpp.obj)
                0x0000000003804aac                vex::PORT1
 .rodata._ZN3vex7reverseE
                0x0000000003804ab0        0x4 /Applications/VEXcode V5 Text.app/Contents/Resources/sdk/vexv5/libv5rt.a(vex_global.cpp.obj)
                0x0000000003804ab0                vex::reverse
 .rodata._ZN3vex6PORT10E
                0x0000000003804ab4        0x4 /Applications/VEXcode V5 Text.app/Contents/Resources/sdk/vexv5/libv5rt.a(vex_global.cpp.obj)
                0x0000000003804ab4                vex::PORT10
 .rodata._ZN3vex5PORT5E
                0x0000000003804ab8        0x4 /Applications/VEXcode V5 Text.app/Contents/Resources/sdk/vexv5/libv5rt.a(vex_global.cpp.obj)
                0x0000000003804ab8                vex::PORT5
 .rodata._ZN3vex3pctE
                0x0000000003804abc        0x4 /Applications/VEXcode V5 Text.app/Contents/Resources/sdk/vexv5/libv5rt.a(vex_global.cpp.obj)
                0x0000000003804abc                vex::pct
 .rodata._ZN3vex3secE
                0x0000000003804ac0        0x4 /Applications/VEXcode V5 Text.app/Contents/Resources/sdk/vexv5/libv5rt.a(vex_global.cpp.obj)
                0x0000000003804ac0                vex::sec
 .rodata._ZN3vex4msecE
                0x0000000003804ac4        0x4 /Applications/VEXcode V5 Text.app/Contents/Resources/sdk/vexv5/libv5rt.a(vex_global.cpp.obj)
                0x0000000003804ac4                vex::msec
 .rodata._ZN3vex9ratio36_1E
                0x0000000003804ac8        0x4 /Applications/VEXcode V5 Text.app/Contents/Resources/sdk/vexv5/libv5rt.a(vex_global.cpp.obj)
                0x0000000003804ac8                vex::ratio36_1
 .rodata._ZN3vex5PORT9E
                0x0000000003804acc        0x4 /Applications/VEXcode V5 Text.app/Contents/Resources/sdk/vexv5/libv5rt.a(vex_global.cpp.obj)
                0x0000000003804acc                vex::PORT9
 .rodata._ZN3vex5PORT2E
                0x0000000003804ad0        0x4 /Applications/VEXcode V5 Text.app/Contents/Resources/sdk/vexv5/libv5rt.a(vex_global.cpp.obj)
                0x0000000003804ad0                vex::PORT2
 .rodata._ZN3vex5PORT6E
                0x0000000003804ad4        0x4 /Applications/VEXcode V5 Text.app/Contents/Resources/sdk/vexv5/libv5rt.a(vex_global.cpp.obj)
                0x0000000003804ad4                vex::PORT6
 .rodata._ZN3vex7primaryE
                0x0000000003804ad8        0x4 /Applications/VEXcode V5 Text.app/Contents/Resources/sdk/vexv5/libv5rt.a(vex_global.cpp.obj)
                0x0000000003804ad8                vex::primary
 .rodata._ZN3vex6PORT22E
                0x0000000003804adc        0x4 /Applications/VEXcode V5 Text.app/Contents/Resources/sdk/vexv5/libv5rt.a(vex_global.cpp.obj)
                0x0000000003804adc                vex::PORT22
 .rodata._ZN3vex4holdE
                0x0000000003804ae0        0x4 /Applications/VEXcode V5 Text.app/Contents/Resources/sdk/vexv5/libv5rt.a(vex_global.cpp.obj)
                0x0000000003804ae0                vex::hold
 .rodata._ZN3vex5turnsE
                0x0000000003804ae4        0x4 /Applications/VEXcode V5 Text.app/Contents/Resources/sdk/vexv5/libv5rt.a(vex_global.cpp.obj)
                0x0000000003804ae4                vex::turns
 .rodata._ZN3vex5brakeE
                0x0000000003804ae8        0x4 /Applications/VEXcode V5 Text.app/Contents/Resources/sdk/vexv5/libv5rt.a(vex_global.cpp.obj)
                0x0000000003804ae8                vex::brake
 .rodata._ZN3vex5coastE
                0x0000000003804aec        0x4 /Applications/VEXcode V5 Text.app/Contents/Resources/sdk/vexv5/libv5rt.a(vex_global.cpp.obj)
                0x0000000003804aec                vex::coast
 .rodata._ZN3vex5PORT4E
                0x0000000003804af0        0x4 /Applications/VEXcode V5 Text.app/Contents/Resources/sdk/vexv5/libv5rt.a(vex_global.cpp.obj)
                0x0000000003804af0                vex::PORT4
 .rodata._ZN3vex5PORT8E
                0x0000000003804af4        0x4 /Applications/VEXcode V5 Text.app/Contents/Resources/sdk/vexv5/libv5rt.a(vex_global.cpp.obj)
                0x0000000003804af4                vex::PORT8
 .rodata._ZN3vex9ratio18_1E
                0x0000000003804af8        0x4 /Applications/VEXcode V5 Text.app/Contents/Resources/sdk/vexv5/libv5rt.a(vex_global.cpp.obj)
                0x0000000003804af8                vex::ratio18_1
 *fill*         0x0000000003804afc        0x4 
 .rodata._ZTVN3vex5motorE
                0x0000000003804b00       0x10 /Applications/VEXcode V5 Text.app/Contents/Resources/sdk/vexv5/libv5rt.a(vex_motor.cpp.obj)
                0x0000000003804b00                vtable for vex::motor
 .rodata._ZTVN3vex6visionE
                0x0000000003804b10       0x10 /Applications/VEXcode V5 Text.app/Contents/Resources/sdk/vexv5/libv5rt.a(vex_vision.cpp.obj)
                0x0000000003804b10                vtable for vex::vision
 .rodata._ZTVN3vex8inertialE
                0x0000000003804b20       0x50 /Applications/VEXcode V5 Text.app/Contents/Resources/sdk/vexv5/libv5rt.a(vex_imu.cpp.obj)
                0x0000000003804b20                vtable for vex::inertial
 .rodata.CSWTCH.15
                0x0000000003804b70        0xb /Applications/VEXcode V5 Text.app/Contents/Resources/sdk/vexv5/libv5rt.a(vex_controller.cpp.obj)
 .rodata.CSWTCH.17
                0x0000000003804b7b        0xb /Applications/VEXcode V5 Text.app/Contents/Resources/sdk/vexv5/libv5rt.a(vex_controller.cpp.obj)
 .rodata.CSWTCH.23
                0x0000000003804b86        0x3 /Applications/VEXcode V5 Text.app/Contents/Resources/sdk/vexv5/libv5rt.a(vex_controller.cpp.obj)
 .rodata.str1.1
                0x0000000003804b89       0x2b /Applications/VEXcode V5 Text.app/Contents/Resources/sdk/vexv5/libv5rt.a(vex_brain.cpp.obj)
 *fill*         0x0000000003804bb4        0x4 
 .rodata._ZTVN3vex7triportE
                0x0000000003804bb8       0x10 /Applications/VEXcode V5 Text.app/Contents/Resources/sdk/vexv5/libv5rt.a(vex_triport.cpp.obj)
                0x0000000003804bb8                vtable for vex::triport
 .rodata._ZTVN3vex6deviceE
                0x0000000003804bc8       0x10 /Applications/VEXcode V5 Text.app/Contents/Resources/sdk/vexv5/libv5rt.a(vex_device.cpp.obj)
                0x0000000003804bc8                vtable for vex::device
 .rodata.str1.1
                0x0000000003804bd8       0x14 /Applications/VEXcode V5 Text.app/Contents/Resources/sdk/vexv5/libv5rt.a(vex_task.cpp.obj)
 .rodata.str1.4
                0x0000000003804bec        0x4 /Applications/VEXcode V5 Text.app/Contents/Resources/sdk/vexv5/gcc/libs/libc.a(lib_a-impure.o)
                                          0x2 (size before relaxing)
 *(.gnu.linkonce.r.*)
                0x0000000003804bf0                __rodata_end = .

.rodata1        0x0000000003804bf0        0x0
                0x0000000003804bf0                __rodata1_start = .
 *(.rodata1)
 *(.rodata1.*)
                0x0000000003804bf0                __rodata1_end = .

.sdata2         0x0000000003804bf0        0x0
                0x0000000003804bf0                __sdata2_start = .
 *(.sdata2)
 *(.sdata2.*)
 *(.gnu.linkonce.s2.*)
                0x0000000003804bf0                __sdata2_end = .

.sbss2          0x0000000003804bf0        0x0
                0x0000000003804bf0                __sbss2_start = .
 *(.sbss2)
 *(.sbss2.*)
 *(.gnu.linkonce.sb2.*)
                0x0000000003804bf0                __sbss2_end = .

.data           0x0000000003804bf0      0x4cc
                0x0000000003804bf0                __data_start = .
 *(.data)
 *(.data.*)
 .data.lowerLength
                0x0000000003804bf0        0x8 build/src/main.o
                0x0000000003804bf0                lowerLength
 .data.numerator
                0x0000000003804bf8        0x8 build/src/main.o
                0x0000000003804bf8                numerator
 .data.denominator
                0x0000000003804c00        0x8 build/src/main.o
                0x0000000003804c00                denominator
 .data.cameraHeight
                0x0000000003804c08        0x8 build/src/main.o
                0x0000000003804c08                cameraHeight
 .data.WtoD     0x0000000003804c10        0x8 build/src/main.o
                0x0000000003804c10                WtoD
 .data.horizontalCorrection
                0x0000000003804c18        0x8 build/src/main.o
                0x0000000003804c18                horizontalCorrection
 .data.lowerLengthEdge
                0x0000000003804c20        0x8 build/src/main.o
                0x0000000003804c20                lowerLengthEdge
 .data.numeratorEdge
                0x0000000003804c28        0x8 build/src/main.o
                0x0000000003804c28                numeratorEdge
 .data.denominatorEdge
                0x0000000003804c30        0x8 build/src/main.o
                0x0000000003804c30                denominatorEdge
 .data.cameraHeightEdge
                0x0000000003804c38        0x8 build/src/main.o
                0x0000000003804c38                cameraHeightEdge
 .data.WtoDEdge
                0x0000000003804c40        0x8 build/src/main.o
                0x0000000003804c40                WtoDEdge
 .data.speed    0x0000000003804c48        0x8 build/src/main.o
                0x0000000003804c48                speed
 .data.rotationSpeed
                0x0000000003804c50        0x8 build/src/main.o
                0x0000000003804c50                rotationSpeed
 .data.RampPower
                0x0000000003804c58        0x8 build/src/main.o
                0x0000000003804c58                RampPower
 .data.wheelSize
                0x0000000003804c60        0x8 build/src/main.o
                0x0000000003804c60                wheelSize
 .data.PI       0x0000000003804c68        0x8 build/src/main.o
                0x0000000003804c68                PI
 .data.turningCoefficient
                0x0000000003804c70        0x8 build/src/main.o
                0x0000000003804c70                turningCoefficient
 .data.rampPushDeg
                0x0000000003804c78        0x8 build/src/main.o
                0x0000000003804c78                rampPushDeg
 .data.appRunning
                0x0000000003804c80        0x4 /Applications/VEXcode V5 Text.app/Contents/Resources/sdk/vexv5/libv5rt.a(v5_startup.c.obj)
                0x0000000003804c80                appRunning
 .data.__yoff   0x0000000003804c84        0x4 /Applications/VEXcode V5 Text.app/Contents/Resources/sdk/vexv5/libv5rt.a(v5_apijump.c.obj)
 .data._ZN3vex24__default_motor_velocityE
                0x0000000003804c88        0x4 /Applications/VEXcode V5 Text.app/Contents/Resources/sdk/vexv5/libv5rt.a(vex_motor.cpp.obj)
                0x0000000003804c88                vex::__default_motor_velocity
 *fill*         0x0000000003804c8c        0x4 
 .data.impure_data
                0x0000000003804c90      0x428 /Applications/VEXcode V5 Text.app/Contents/Resources/sdk/vexv5/gcc/libs/libc.a(lib_a-impure.o)
 .data._impure_ptr
                0x00000000038050b8        0x4 /Applications/VEXcode V5 Text.app/Contents/Resources/sdk/vexv5/gcc/libs/libc.a(lib_a-impure.o)
                0x00000000038050b8                _impure_ptr
 *(.gnu.linkonce.d.*)
 *(.jcr)
 *(.got)
 *(.got.plt)
                0x00000000038050bc                __data_end = .

.igot.plt       0x00000000038050bc        0x0
 .igot.plt      0x00000000038050bc        0x0 build/src/main.o

.data1          0x00000000038050bc        0x0
                0x00000000038050bc                __data1_start = .
 *(.data1)
 *(.data1.*)
                0x00000000038050bc                __data1_end = .

.got
 *(.got)

.ctors          0x00000000038050bc        0x0
                0x00000000038050bc                __CTOR_LIST__ = .
                0x00000000038050bc                ___CTORS_LIST___ = .
 *crtbegin.o(.ctors)
 *(EXCLUDE_FILE(*crtend.o) .ctors)
 *(SORT_BY_NAME(.ctors.*))
 *(.ctors)
                0x00000000038050bc                __CTOR_END__ = .
                0x00000000038050bc                ___CTORS_END___ = .

.dtors          0x00000000038050bc        0x0
                0x00000000038050bc                __DTOR_LIST__ = .
                0x00000000038050bc                ___DTORS_LIST___ = .
 *crtbegin.o(.dtors)
 *(EXCLUDE_FILE(*crtend.o) .dtors)
 *(SORT_BY_NAME(.dtors.*))
 *(.dtors)
                0x00000000038050bc                __DTOR_END__ = .
                0x00000000038050bc                ___DTORS_END___ = .

.fixup          0x00000000038050bc        0x0
                0x00000000038050bc                __fixup_start = .
 *(.fixup)
                0x00000000038050bc                __fixup_end = .

.eh_frame
 *(.eh_frame)

.eh_framehdr    0x00000000038050bc        0x0
                0x00000000038050bc                __eh_framehdr_start = .
 *(.eh_framehdr)
                0x00000000038050bc                __eh_framehdr_end = .

.gcc_except_table
 *(.gcc_except_table)

.mmu_tbl        0x0000000003808000        0x0
                0x0000000003808000                __mmu_tbl_start = .
 *(.mmu_tbl)
                0x0000000003808000                __mmu_tbl_end = .

.ARM.exidx      0x00000000038050bc        0x8
                0x00000000038050bc                __exidx_start = .
 *(.ARM.exidx*)
 .ARM.exidx.text._ZN3vex6visionC2IJNS0_9signatureES2_S2_S2_S2_S2_S2_EEElhDpRT_
                0x00000000038050bc        0x8 build/src/main.o
 .ARM.exidx.text._Z11moveForwarddddd
                0x00000000038050c4        0x0 build/src/main.o
                                          0x8 (size before relaxing)
 .ARM.exidx.text._Z8takeShotc
                0x00000000038050c4        0x0 build/src/main.o
                                          0x8 (size before relaxing)
 .ARM.exidx.text._Z21moveForwardCalibrateddddc
                0x00000000038050c4        0x0 build/src/main.o
                                          0x8 (size before relaxing)
 .ARM.exidx.text._Z7degTurndd
                0x00000000038050c4        0x0 build/src/main.o
                                          0x8 (size before relaxing)
 .ARM.exidx.text._Z4rampbddd
                0x00000000038050c4        0x0 build/src/main.o
                                          0x8 (size before relaxing)
 .ARM.exidx.text._Z14autonBlueSmallv
                0x00000000038050c4        0x0 build/src/main.o
                                          0x8 (size before relaxing)
 .ARM.exidx.text._Z10autonomousv
                0x00000000038050c4        0x0 build/src/main.o
                                          0x8 (size before relaxing)
 .ARM.exidx.text._Z11usercontrolv
                0x00000000038050c4        0x0 build/src/main.o
                                          0x8 (size before relaxing)
 .ARM.exidx.text.main
                0x00000000038050c4        0x0 build/src/main.o
                                          0x8 (size before relaxing)
 .ARM.exidx.text._ZN3vex6vision7_setsigINS0_9signatureEJS2_S2_S2_S2_EEEvRT_DpRT0_
                0x00000000038050c4        0x0 build/src/main.o
                                          0x8 (size before relaxing)
 .ARM.exidx.text._GLOBAL__sub_I_main.cpp
                0x00000000038050c4        0x0 build/src/main.o
                                          0x8 (size before relaxing)
 .ARM.exidx.text._Z11vexcodeInitv
                0x00000000038050c4        0x0 build/src/robot-config.o
                                          0x8 (size before relaxing)
 .ARM.exidx.text._GLOBAL__sub_I_robot_config.cpp
                0x00000000038050c4        0x0 build/src/robot-config.o
                                          0x8 (size before relaxing)
 *(.gnu.linkonce.armexidix.*.*)
                0x00000000038050c4                __exidx_end = .

.rel.dyn        0x00000000038050c4        0x0
 .rel.iplt      0x00000000038050c4        0x0 build/src/main.o

.preinit_array  0x00000000038050c4        0x0
                0x00000000038050c4                __preinit_array_start = .
 *(SORT_BY_NAME(.preinit_array.*))
 *(.preinit_array)
                0x00000000038050c4                __preinit_array_end = .

.init_array     0x00000000038050c4       0x10
                0x00000000038050c4                __init_array_start = .
 *(SORT_BY_NAME(.init_array.*))
 *(.init_array)
 .init_array    0x00000000038050c4        0x4 build/src/main.o
 .init_array    0x00000000038050c8        0x4 build/src/robot-config.o
 .init_array    0x00000000038050cc        0x4 /Applications/VEXcode V5 Text.app/Contents/Resources/sdk/vexv5/libv5rt.a(vex_triport.cpp.obj)
 .init_array    0x00000000038050d0        0x4 /Applications/VEXcode V5 Text.app/Contents/Resources/sdk/vexv5/libv5rt.a(vex_color.cpp.obj)
                0x00000000038050d4                __init_array_end = .

.fini_array     0x00000000038050d4        0x0
                0x00000000038050d4                __fini_array_start = .
 *(SORT_BY_NAME(.fini_array.*))
 *(.fini_array)
                0x00000000038050d4                __fini_array_end = .

.ARM.attributes
                0x00000000038050d4       0x3c
                0x00000000038050d4                __ARM.attributes_start = .
 *(.ARM.attributes)
 .ARM.attributes
                0x00000000038050d4       0x3a build/src/main.o
 .ARM.attributes
                0x000000000380510e       0x3a build/src/robot-config.o
 .ARM.attributes
                0x0000000003805148       0x35 /Applications/VEXcode V5 Text.app/Contents/Resources/sdk/vexv5/libv5rt.a(v5_startup.c.obj)
 .ARM.attributes
                0x000000000380517d       0x35 /Applications/VEXcode V5 Text.app/Contents/Resources/sdk/vexv5/libv5rt.a(v5_util.c.obj)
 .ARM.attributes
                0x00000000038051b2       0x35 /Applications/VEXcode V5 Text.app/Contents/Resources/sdk/vexv5/libv5rt.a(v5_apijump.c.obj)
 .ARM.attributes
                0x00000000038051e7       0x35 /Applications/VEXcode V5 Text.app/Contents/Resources/sdk/vexv5/libv5rt.a(v5_apiversions.c.obj)
 .ARM.attributes
                0x000000000380521c       0x35 /Applications/VEXcode V5 Text.app/Contents/Resources/sdk/vexv5/libv5rt.a(vex_global.cpp.obj)
 .ARM.attributes
                0x0000000003805251       0x35 /Applications/VEXcode V5 Text.app/Contents/Resources/sdk/vexv5/libv5rt.a(vex_motor.cpp.obj)
 .ARM.attributes
                0x0000000003805286       0x35 /Applications/VEXcode V5 Text.app/Contents/Resources/sdk/vexv5/libv5rt.a(vex_vision.cpp.obj)
 .ARM.attributes
                0x00000000038052bb       0x35 /Applications/VEXcode V5 Text.app/Contents/Resources/sdk/vexv5/libv5rt.a(vex_imu.cpp.obj)
 .ARM.attributes
                0x00000000038052f0       0x35 /Applications/VEXcode V5 Text.app/Contents/Resources/sdk/vexv5/libv5rt.a(vex_controller.cpp.obj)
 .ARM.attributes
                0x0000000003805325       0x35 /Applications/VEXcode V5 Text.app/Contents/Resources/sdk/vexv5/libv5rt.a(vex_thread.cpp.obj)
 .ARM.attributes
                0x000000000380535a       0x35 /Applications/VEXcode V5 Text.app/Contents/Resources/sdk/vexv5/libv5rt.a(vex_event.cpp.obj)
 .ARM.attributes
                0x000000000380538f       0x35 /Applications/VEXcode V5 Text.app/Contents/Resources/sdk/vexv5/libv5rt.a(vex_mevent.cpp.obj)
 .ARM.attributes
                0x00000000038053c4       0x35 /Applications/VEXcode V5 Text.app/Contents/Resources/sdk/vexv5/libv5rt.a(vex_brain.cpp.obj)
 .ARM.attributes
                0x00000000038053f9       0x35 /Applications/VEXcode V5 Text.app/Contents/Resources/sdk/vexv5/libv5rt.a(vex_competition.cpp.obj)
 .ARM.attributes
                0x000000000380542e       0x35 /Applications/VEXcode V5 Text.app/Contents/Resources/sdk/vexv5/libv5rt.a(vex_triport.cpp.obj)
 .ARM.attributes
                0x0000000003805463       0x35 /Applications/VEXcode V5 Text.app/Contents/Resources/sdk/vexv5/libv5rt.a(vex_color.cpp.obj)
 .ARM.attributes
                0x0000000003805498       0x35 /Applications/VEXcode V5 Text.app/Contents/Resources/sdk/vexv5/libv5rt.a(vex_timer.cpp.obj)
 .ARM.attributes
                0x00000000038054cd       0x35 /Applications/VEXcode V5 Text.app/Contents/Resources/sdk/vexv5/libv5rt.a(v5_apiuser.c.obj)
 .ARM.attributes
                0x0000000003805502       0x35 /Applications/VEXcode V5 Text.app/Contents/Resources/sdk/vexv5/libv5rt.a(vex_device.cpp.obj)
 .ARM.attributes
                0x0000000003805537       0x35 /Applications/VEXcode V5 Text.app/Contents/Resources/sdk/vexv5/libv5rt.a(vex_task.cpp.obj)
 .ARM.attributes
                0x000000000380556c       0x2b /Applications/VEXcode V5 Text.app/Contents/Resources/sdk/vexv5/gcc/libs/libc.a(lib_a-fini.o)
 .ARM.attributes
                0x0000000003805597       0x2b /Applications/VEXcode V5 Text.app/Contents/Resources/sdk/vexv5/gcc/libs/libc.a(lib_a-impure.o)
 .ARM.attributes
                0x00000000038055c2       0x2b /Applications/VEXcode V5 Text.app/Contents/Resources/sdk/vexv5/gcc/libs/libc.a(lib_a-init.o)
                0x00000000038055ed                __ARM.attributes_end = .

.sdata          0x00000000038050d4        0x0
                0x00000000038050d4                __sdata_start = .
 *(.sdata)
 *(.sdata.*)
 *(.gnu.linkonce.s.*)
                0x00000000038050d4                __sdata_end = .

.sbss           0x00000000038050d4        0x0
                0x00000000038050d4                __sbss_start = .
 *(.sbss)
 *(.sbss.*)
 *(.gnu.linkonce.sb.*)
                0x00000000038050d4                __sbss_end = .

.tdata          0x00000000038050d4        0x0
                0x00000000038050d4                __tdata_start = .
 *(.tdata)
 *(.tdata.*)
 *(.gnu.linkonce.td.*)
                0x00000000038050d4                __tdata_end = .

.tbss           0x00000000038050d4        0x0
                0x00000000038050d4                __tbss_start = .
 *(.tbss)
 *(.tbss.*)
 *(.gnu.linkonce.tb.*)
                0x00000000038050d4                __tbss_end = .

.bss            0x00000000038050d8      0xf51
                0x00000000038050d8                __bss_start = .
 *(.bss)
 *(.bss.*)
 .bss.PURPLE_CUBE
                0x00000000038050d8       0x50 build/src/main.o
                0x00000000038050d8                PURPLE_CUBE
 .bss.ORANGE_CUBE
                0x0000000003805128       0x50 build/src/main.o
                0x0000000003805128                ORANGE_CUBE
 .bss.GREEN_CUBE
                0x0000000003805178       0x50 build/src/main.o
                0x0000000003805178                GREEN_CUBE
 .bss.BLUEB     0x00000000038051c8       0x50 build/src/main.o
                0x00000000038051c8                BLUEB
 .bss.REDB      0x0000000003805218       0x50 build/src/main.o
                0x0000000003805218                REDB
 .bss.SIG_6     0x0000000003805268       0x50 build/src/main.o
                0x0000000003805268                SIG_6
 .bss.SIG_7     0x00000000038052b8       0x50 build/src/main.o
                0x00000000038052b8                SIG_7
 .bss.Vision1   0x0000000003805308      0x690 build/src/main.o
                0x0000000003805308                Vision1
 .bss.rotate    0x0000000003805998        0x8 build/src/main.o
                0x0000000003805998                rotate
 .bss.leftPower
                0x00000000038059a0        0x8 build/src/main.o
                0x00000000038059a0                leftPower
 .bss.rightPower
                0x00000000038059a8        0x8 build/src/main.o
                0x00000000038059a8                rightPower
 .bss.sidePower
                0x00000000038059b0        0x8 build/src/main.o
                0x00000000038059b0                sidePower
 .bss.revDist   0x00000000038059b8        0x8 build/src/main.o
                0x00000000038059b8                revDist
 .bss.startTime
                0x00000000038059c0        0x8 build/src/main.o
                0x00000000038059c0                startTime
 .bss.isMoving  0x00000000038059c8        0x1 build/src/main.o
                0x00000000038059c8                isMoving
 *fill*         0x00000000038059c9        0x3 
 .bss.Competition
                0x00000000038059cc       0x28 build/src/main.o
                0x00000000038059cc                Competition
 .bss.Brain     0x00000000038059f4      0x2bc build/src/robot-config.o
                0x00000000038059f4                Brain
 .bss.Controller1
                0x0000000003805cb0      0x1e0 build/src/robot-config.o
                0x0000000003805cb0                Controller1
 .bss.LeftMotor
                0x0000000003805e90       0x24 build/src/robot-config.o
                0x0000000003805e90                LeftMotor
 .bss.RightMotor
                0x0000000003805eb4       0x24 build/src/robot-config.o
                0x0000000003805eb4                RightMotor
 .bss.SideMotor
                0x0000000003805ed8       0x24 build/src/robot-config.o
                0x0000000003805ed8                SideMotor
 .bss.intakeLeft
                0x0000000003805efc       0x24 build/src/robot-config.o
                0x0000000003805efc                intakeLeft
 .bss.intakeRight
                0x0000000003805f20       0x24 build/src/robot-config.o
                0x0000000003805f20                intakeRight
 .bss.RampMotor1
                0x0000000003805f44       0x24 build/src/robot-config.o
                0x0000000003805f44                RampMotor1
 .bss.RampMotor2
                0x0000000003805f68       0x24 build/src/robot-config.o
                0x0000000003805f68                RampMotor2
 *fill*         0x0000000003805f8c        0x4 
 .bss.gyroscope
                0x0000000003805f90       0x30 build/src/robot-config.o
                0x0000000003805f90                gyroscope
 .bss.__dso_handle
                0x0000000003805fc0        0x4 /Applications/VEXcode V5 Text.app/Contents/Resources/sdk/vexv5/libv5rt.a(v5_startup.c.obj)
                0x0000000003805fc0                __dso_handle
 .bss._ZN3vex11competition22bStopTasksBetweenModesE
                0x0000000003805fc4        0x1 /Applications/VEXcode V5 Text.app/Contents/Resources/sdk/vexv5/libv5rt.a(vex_competition.cpp.obj)
                0x0000000003805fc4                vex::competition::bStopTasksBetweenModes
 .bss._ZN3vex11competition25bStopAllTasksBetweenModesE
                0x0000000003805fc5        0x1 /Applications/VEXcode V5 Text.app/Contents/Resources/sdk/vexv5/libv5rt.a(vex_competition.cpp.obj)
                0x0000000003805fc5                vex::competition::bStopAllTasksBetweenModes
 .bss._ZN3vex11competition14_auton_pendingE
                0x0000000003805fc6        0x1 /Applications/VEXcode V5 Text.app/Contents/Resources/sdk/vexv5/libv5rt.a(vex_competition.cpp.obj)
                0x0000000003805fc6                vex::competition::_auton_pending
 *fill*         0x0000000003805fc7        0x1 
 .bss._ZN3vex11competition20_autonomous_callbackE
                0x0000000003805fc8        0x4 /Applications/VEXcode V5 Text.app/Contents/Resources/sdk/vexv5/libv5rt.a(vex_competition.cpp.obj)
                0x0000000003805fc8                vex::competition::_autonomous_callback
 .bss._ZN3vex11competition23_drivercontrol_callbackE
                0x0000000003805fcc        0x4 /Applications/VEXcode V5 Text.app/Contents/Resources/sdk/vexv5/libv5rt.a(vex_competition.cpp.obj)
                0x0000000003805fcc                vex::competition::_drivercontrol_callback
 .bss._ZN3vex11competition15_driver_pendingE
                0x0000000003805fd0        0x1 /Applications/VEXcode V5 Text.app/Contents/Resources/sdk/vexv5/libv5rt.a(vex_competition.cpp.obj)
                0x0000000003805fd0                vex::competition::_driver_pending
 .bss._ZStL8__ioinit
                0x0000000003805fd1        0x1 /Applications/VEXcode V5 Text.app/Contents/Resources/sdk/vexv5/libv5rt.a(vex_triport.cpp.obj)
 *fill*         0x0000000003805fd2        0x2 
 .bss._ZN3vex5color6orangeE
                0x0000000003805fd4        0x8 /Applications/VEXcode V5 Text.app/Contents/Resources/sdk/vexv5/libv5rt.a(vex_color.cpp.obj)
                0x0000000003805fd4                vex::color::orange
 .bss._ZN3vex5color5blackE
                0x0000000003805fdc        0x8 /Applications/VEXcode V5 Text.app/Contents/Resources/sdk/vexv5/libv5rt.a(vex_color.cpp.obj)
                0x0000000003805fdc                vex::color::black
 .bss._ZN3vex5color6yellowE
                0x0000000003805fe4        0x8 /Applications/VEXcode V5 Text.app/Contents/Resources/sdk/vexv5/libv5rt.a(vex_color.cpp.obj)
                0x0000000003805fe4                vex::color::yellow
 .bss._ZN3vex5color5greenE
                0x0000000003805fec        0x8 /Applications/VEXcode V5 Text.app/Contents/Resources/sdk/vexv5/libv5rt.a(vex_color.cpp.obj)
                0x0000000003805fec                vex::color::green
 .bss._ZN3vex5color6purpleE
                0x0000000003805ff4        0x8 /Applications/VEXcode V5 Text.app/Contents/Resources/sdk/vexv5/libv5rt.a(vex_color.cpp.obj)
                0x0000000003805ff4                vex::color::purple
 .bss._ZN3vex5color4cyanE
                0x0000000003805ffc        0x8 /Applications/VEXcode V5 Text.app/Contents/Resources/sdk/vexv5/libv5rt.a(vex_color.cpp.obj)
                0x0000000003805ffc                vex::color::cyan
 .bss._ZN3vex5color4blueE
                0x0000000003806004        0x8 /Applications/VEXcode V5 Text.app/Contents/Resources/sdk/vexv5/libv5rt.a(vex_color.cpp.obj)
                0x0000000003806004                vex::color::blue
 .bss._ZN3vex5color3redE
                0x000000000380600c        0x8 /Applications/VEXcode V5 Text.app/Contents/Resources/sdk/vexv5/libv5rt.a(vex_color.cpp.obj)
                0x000000000380600c                vex::color::red
 .bss._ZN3vex5color11transparentE
                0x0000000003806014        0x8 /Applications/VEXcode V5 Text.app/Contents/Resources/sdk/vexv5/libv5rt.a(vex_color.cpp.obj)
                0x0000000003806014                vex::color::transparent
 .bss._ZN3vex5color5whiteE
                0x000000000380601c        0x8 /Applications/VEXcode V5 Text.app/Contents/Resources/sdk/vexv5/libv5rt.a(vex_color.cpp.obj)
                0x000000000380601c                vex::color::white
 .bss._ZN3vex4task8_labelIdE
                0x0000000003806024        0x4 /Applications/VEXcode V5 Text.app/Contents/Resources/sdk/vexv5/libv5rt.a(vex_task.cpp.obj)
                0x0000000003806024                vex::task::_labelId
 *(.gnu.linkonce.b.*)
 *(COMMON)
 COMMON         0x0000000003806028        0x1 /Applications/VEXcode V5 Text.app/Contents/Resources/sdk/vexv5/libv5rt.a(v5_startup.c.obj)
                0x0000000003806028                __vex_critical_section
                0x0000000003806029                __bss_end = .
                0x00000000038050d4                _SDA_BASE_ = (__sdata_start + ((__sbss_end - __sdata_start) / 0x2))
                0x0000000003804bf0                _SDA2_BASE_ = (__sdata2_start + ((__sbss2_end - __sdata2_start) / 0x2))

.heap           0x0000000003806029   0x100007
                0x0000000003806030                . = ALIGN (0x10)
 *fill*         0x0000000003806029        0x7 
                0x0000000003806030                _heap = .
                0x0000000003806030                HeapBase = .
                0x0000000003806030                _heap_start = .
                0x0000000003906030                . = (. + _HEAP_SIZE)
 *fill*         0x0000000003806030   0x100000 
                0x0000000003906030                _heap_end = .
                0x0000000003906030                HeapLimit = .

.stack          0x0000000003906030     0x3800
                0x0000000003906030                . = ALIGN (0x10)
                0x0000000003906030                _stack_end = .
                0x0000000003908030                . = (. + _STACK_SIZE)
 *fill*         0x0000000003906030     0x2000 
                0x0000000003908030                . = ALIGN (0x10)
                0x0000000003908030                _stack = .
                0x0000000003908030                __stack = _stack
                0x0000000003908030                . = ALIGN (0x10)
                0x0000000003908030                _irq_stack_end = .
                0x0000000003908430                . = (. + _IRQ_STACK_SIZE)
 *fill*         0x0000000003908030      0x400 
                0x0000000003908430                . = ALIGN (0x10)
                0x0000000003908430                __irq_stack = .
                0x0000000003908430                _supervisor_stack_end = .
                0x0000000003908c30                . = (. + _SUPERVISOR_STACK_SIZE)
 *fill*         0x0000000003908430      0x800 
                0x0000000003908c30                . = ALIGN (0x10)
                0x0000000003908c30                __supervisor_stack = .
                0x0000000003908c30                _abort_stack_end = .
                0x0000000003909030                . = (. + _ABORT_STACK_SIZE)
 *fill*         0x0000000003908c30      0x400 
                0x0000000003909030                . = ALIGN (0x10)
                0x0000000003909030                __abort_stack = .
                0x0000000003909030                _fiq_stack_end = .
                0x0000000003909430                . = (. + _FIQ_STACK_SIZE)
 *fill*         0x0000000003909030      0x400 
                0x0000000003909430                . = ALIGN (0x10)
                0x0000000003909430                __fiq_stack = .
                0x0000000003909430                _undef_stack_end = .
                0x0000000003909830                . = (. + _UNDEF_STACK_SIZE)
 *fill*         0x0000000003909430      0x400 
                0x0000000003909830                . = ALIGN (0x10)
                0x0000000003909830                __undef_stack = .
                0x0000000003909830                _end = .
LOAD /Applications/VEXcode V5 Text.app/Contents/Resources/sdk/vexv5/stdlib_0.lib
LOAD build/src/main.o
LOAD build/src/robot-config.o
START GROUP
LOAD /Applications/VEXcode V5 Text.app/Contents/Resources/sdk/vexv5/libv5rt.a
LOAD /Applications/VEXcode V5 Text.app/Contents/Resources/sdk/vexv5/gcc/libs/libstdc++.a
LOAD /Applications/VEXcode V5 Text.app/Contents/Resources/sdk/vexv5/gcc/libs/libc.a
LOAD /Applications/VEXcode V5 Text.app/Contents/Resources/sdk/vexv5/gcc/libs/libm.a
LOAD /Applications/VEXcode V5 Text.app/Contents/Resources/sdk/vexv5/gcc/libs/libgcc.a
END GROUP
OUTPUT(build/HDriveAutoAllCode.elf elf32-littlearm)

.comment        0x0000000000000000       0x9d